../Core/Src/at24c.c:4:9:at24c_Full_Check	80	static
../Core/Src/at24c.c:46:6:at24c_WriteFloat	24	static
../Core/Src/at24c.c:56:7:at24c_ReadFloat	40	static
../Core/Src/at24c.c:67:6:at24c_WriteInt	24	static
../Core/Src/at24c.c:77:5:at24c_ReadInt	40	static
../Core/Src/at24c.c:88:6:at24c_WriteString	16	static
../Core/Src/at24c.c:99:6:at24c_ReadString	32	static
../Core/Src/at24c.c:110:9:at24c_ReadOneByte	40	static
../Core/Src/at24c.c:117:6:at24c_WriteOneByte	32	static
../Core/Src/at24c.c:126:6:at24c_Read	24	static
../Core/Src/at24c.c:135:6:at24c_Write	16	static
../Core/Src/at24c.c:145:6:at24c_init	8	static
../Core/Src/at24c.c:150:9:at24c_Check	16	static
