../Core/Src/lcd.c:17:6:LCD_WR_REG	16	static
../Core/Src/lcd.c:22:6:LCD_WR_DATA	16	static
../Core/Src/lcd.c:27:10:LCD_RD_DATA	16	static
../Core/Src/lcd.c:35:6:lcd_AddressSet	24	static
../Core/Src/lcd.c:51:6:lcd_SetCursor	16	static
../Core/Src/lcd.c:61:6:lcd_DisplayOn	8	static
../Core/Src/lcd.c:66:6:lcd_DisplayOff	8	static
../Core/Src/lcd.c:71:10:lcd_ReadPoint	24	static
../Core/Src/lcd.c:89:6:lcd_Clear	24	static
../Core/Src/lcd.c:111:6:lcd_Fill	32	static
../Core/Src/lcd.c:131:6:lcd_DrawPoint	16	static
../Core/Src/lcd.c:146:6:lcd_DrawLine	64	static
../Core/Src/lcd.c:182:6:lcd_DrawRectangle	32	static
../Core/Src/lcd.c:190:6:lcd_ShowChar	40	static
../Core/Src/lcd.c:234:10:mypow	24	static
../Core/Src/lcd.c:241:6:lcd_ShowIntNum	48	static
../Core/Src/lcd.c:263:6:lcd_ShowFloatNum	56	static
../Core/Src/lcd.c:282:6:lcd_ShowPicture	40	static
../Core/Src/lcd.c:301:6:lcd_SetDir	16	static
../Core/Src/lcd.c:315:6:lcd_init	8	static
../Core/Src/lcd.c:425:13:_draw_circle_8	24	static
../Core/Src/lcd.c:444:6:lcd_DrawCircle	48	static
../Core/Src/lcd.c:480:6:lcd_ShowStr	56	static
../Core/Src/lcd.c:508:6:lcd_StrCenter	48	static
