../Core/Src/main.c:98:8:system_init	16	static
../Core/Src/main.c:85:5:main	16	static
../Core/Src/main.c:124:8:test_LedDebug	16	static
../Core/Src/main.c:131:8:test_Uart	16	static
../Core/Src/main.c:142:8:updateTime	16	static
../Core/Src/main.c:208:6:SystemClock_Config	88	static
../Core/Src/main.c:255:13:MX_I2C1_Init	8	static
../Core/Src/main.c:289:13:MX_SPI1_Init	8	static
../Core/Src/main.c:327:13:MX_TIM2_Init	32	static
../Core/Src/main.c:372:13:MX_USART1_UART_Init	8	static
../Core/Src/main.c:405:13:MX_GPIO_Init	56	static
../Core/Src/main.c:487:13:MX_FSMC_Init	64	static
../Core/Src/main.c:549:6:HAL_TIM_PeriodElapsedCallback	16	static
../Core/Src/main.c:559:6:Error_Handler	4	static,ignoring_inline_asm
