../Core/Src/main.c:86:5:main	2
../Core/Src/main.c:144:6:SystemClock_Config	3
../Core/Src/main.c:185:6:system_init	1
../Core/Src/main.c:198:6:test_LedDebug	2
../Core/Src/main.c:205:9:isButtonE	2
../Core/Src/main.c:215:6:Check_Toggle_LCD_Display	3
../Core/Src/main.c:228:9:isButtonUp	2
../Core/Src/main.c:236:9:isButtonDown	2
../Core/Src/main.c:244:9:isButtonRight	2
../Core/Src/main.c:252:6:new_show_num	1
../Core/Src/main.c:258:6:debug_lcd	1
../Core/Src/main.c:278:6:test_Adc_Uart	5
../Core/Src/main.c:350:6:store_power_data	2
../Core/Src/main.c:360:5:get_digit_count	3
../Core/Src/main.c:371:6:plot_power_chart	10
../Core/Src/main.c:434:6:test_Buzzer	4
../Core/Src/main.c:454:6:Error_Handler	1
