../Core/Src/main.c:136:5:main	112	static
../Core/Src/main.c:257:6:SystemClock_Config	88	static
../Core/Src/main.c:300:6:system_init	8	static
../Core/Src/main.c:310:6:test_LedDebug	8	static
../Core/Src/main.c:317:6:initializeGame	32	static
../Core/Src/main.c:330:6:generateRandomFood	8	static
../Core/Src/main.c:338:5:isFoodOnSnake	24	static
../Core/Src/main.c:347:6:updateSnake	32	static
../Core/Src/main.c:380:6:drawSnakeAndFood	16	static
../Core/Src/main.c:390:9:isTouchedStartButton	16	static
../Core/Src/main.c:400:6:handleNavigationButtons	16	static
../Core/Src/main.c:418:6:drawGameOverScreen	24	static
../Core/Src/main.c:424:6:drawStartScreen	8	static
../Core/Src/main.c:431:6:drawStartButton	32	static
../Core/Src/main.c:437:6:drawGameFrame	24	static
../Core/Src/main.c:442:6:drawNavigationButtons	32	static
../Core/Src/main.c:470:6:Error_Handler	4	static,ignoring_inline_asm
