../Core/Src/main.c:85:5:main	2
../Core/Src/main.c:145:6:SystemClock_Config	3
../Core/Src/main.c:188:6:system_init	1
../Core/Src/main.c:201:6:test_LedDebug	2
../Core/Src/main.c:208:9:isButtonE	2
../Core/Src/main.c:218:6:Check_Toggle_LCD_Display	3
../Core/Src/main.c:231:9:isButtonUp	2
../Core/Src/main.c:239:9:isButtonDown	2
../Core/Src/main.c:247:9:isButtonRight	2
../Core/Src/main.c:255:6:new_show_num	1
../Core/Src/main.c:261:6:debug_lcd	1
../Core/Src/main.c:281:6:test_Adc_Uart	4
../Core/Src/main.c:354:6:store_power_data	2
../Core/Src/main.c:364:5:get_digit_count	3
../Core/Src/main.c:375:6:plot_power_chart	10
../Core/Src/main.c:438:6:test_Buzzer	4
../Core/Src/main.c:458:6:Error_Handler	1
