../Core/Src/stm32f4xx_hal_msp.c:63:6:HAL_MspInit	16	static
../Core/Src/stm32f4xx_hal_msp.c:86:6:HAL_SPI_MspInit	48	static
../Core/Src/stm32f4xx_hal_msp.c:123:6:HAL_SPI_MspDeInit	16	static
../Core/Src/stm32f4xx_hal_msp.c:153:6:HAL_TIM_Base_MspInit	24	static
../Core/Src/stm32f4xx_hal_msp.c:178:6:HAL_TIM_Base_MspDeInit	16	static
../Core/Src/stm32f4xx_hal_msp.c:199:13:HAL_FSMC_MspInit	32	static
../Core/Src/stm32f4xx_hal_msp.c:257:6:HAL_SRAM_MspInit	16	static
../Core/Src/stm32f4xx_hal_msp.c:269:13:HAL_FSMC_MspDeInit	8	static
../Core/Src/stm32f4xx_hal_msp.c:315:6:HAL_SRAM_MspDeInit	16	static
