Archive member included to satisfy reference by file (symbol)

C:/D/Coding/STM32CubeIDE/Application/STM32CubeIDE_1.15.1/STM32CubeIDE/plugins/com.st.stm32cube.ide.mcu.externaltools.gnu-tools-for-stm32.12.3.rel1.win32_1.0.100.202403111256/tools/bin/../lib/gcc/arm-none-eabi/12.3.1/../../../../arm-none-eabi/lib/thumb/v7e-m+fp/hard\libc_nano.a(libc_a-exit.o)
                              C:/D/Coding/STM32CubeIDE/Application/STM32CubeIDE_1.15.1/STM32CubeIDE/plugins/com.st.stm32cube.ide.mcu.externaltools.gnu-tools-for-stm32.12.3.rel1.win32_1.0.100.202403111256/tools/bin/../lib/gcc/arm-none-eabi/12.3.1/../../../../arm-none-eabi/lib/thumb/v7e-m+fp/hard/crt0.o (exit)
C:/D/Coding/STM32CubeIDE/Application/STM32CubeIDE_1.15.1/STM32CubeIDE/plugins/com.st.stm32cube.ide.mcu.externaltools.gnu-tools-for-stm32.12.3.rel1.win32_1.0.100.202403111256/tools/bin/../lib/gcc/arm-none-eabi/12.3.1/../../../../arm-none-eabi/lib/thumb/v7e-m+fp/hard\libc_nano.a(libc_a-nano-vfprintf_float.o)
                              (_printf_float)
C:/D/Coding/STM32CubeIDE/Application/STM32CubeIDE_1.15.1/STM32CubeIDE/plugins/com.st.stm32cube.ide.mcu.externaltools.gnu-tools-for-stm32.12.3.rel1.win32_1.0.100.202403111256/tools/bin/../lib/gcc/arm-none-eabi/12.3.1/../../../../arm-none-eabi/lib/thumb/v7e-m+fp/hard\libc_nano.a(libc_a-nano-vfprintf_i.o)
                              C:/D/Coding/STM32CubeIDE/Application/STM32CubeIDE_1.15.1/STM32CubeIDE/plugins/com.st.stm32cube.ide.mcu.externaltools.gnu-tools-for-stm32.12.3.rel1.win32_1.0.100.202403111256/tools/bin/../lib/gcc/arm-none-eabi/12.3.1/../../../../arm-none-eabi/lib/thumb/v7e-m+fp/hard\libc_nano.a(libc_a-nano-vfprintf_float.o) (_printf_common)
C:/D/Coding/STM32CubeIDE/Application/STM32CubeIDE_1.15.1/STM32CubeIDE/plugins/com.st.stm32cube.ide.mcu.externaltools.gnu-tools-for-stm32.12.3.rel1.win32_1.0.100.202403111256/tools/bin/../lib/gcc/arm-none-eabi/12.3.1/../../../../arm-none-eabi/lib/thumb/v7e-m+fp/hard\libc_nano.a(libc_a-findfp.o)
                              C:/D/Coding/STM32CubeIDE/Application/STM32CubeIDE_1.15.1/STM32CubeIDE/plugins/com.st.stm32cube.ide.mcu.externaltools.gnu-tools-for-stm32.12.3.rel1.win32_1.0.100.202403111256/tools/bin/../lib/gcc/arm-none-eabi/12.3.1/../../../../arm-none-eabi/lib/thumb/v7e-m+fp/hard\libc_nano.a(libc_a-exit.o) (__stdio_exit_handler)
C:/D/Coding/STM32CubeIDE/Application/STM32CubeIDE_1.15.1/STM32CubeIDE/plugins/com.st.stm32cube.ide.mcu.externaltools.gnu-tools-for-stm32.12.3.rel1.win32_1.0.100.202403111256/tools/bin/../lib/gcc/arm-none-eabi/12.3.1/../../../../arm-none-eabi/lib/thumb/v7e-m+fp/hard\libc_nano.a(libc_a-fwalk.o)
                              C:/D/Coding/STM32CubeIDE/Application/STM32CubeIDE_1.15.1/STM32CubeIDE/plugins/com.st.stm32cube.ide.mcu.externaltools.gnu-tools-for-stm32.12.3.rel1.win32_1.0.100.202403111256/tools/bin/../lib/gcc/arm-none-eabi/12.3.1/../../../../arm-none-eabi/lib/thumb/v7e-m+fp/hard\libc_nano.a(libc_a-findfp.o) (_fwalk_sglue)
C:/D/Coding/STM32CubeIDE/Application/STM32CubeIDE_1.15.1/STM32CubeIDE/plugins/com.st.stm32cube.ide.mcu.externaltools.gnu-tools-for-stm32.12.3.rel1.win32_1.0.100.202403111256/tools/bin/../lib/gcc/arm-none-eabi/12.3.1/../../../../arm-none-eabi/lib/thumb/v7e-m+fp/hard\libc_nano.a(libc_a-sprintf.o)
                              ./Core/Src/ds3231.o (sprintf)
C:/D/Coding/STM32CubeIDE/Application/STM32CubeIDE_1.15.1/STM32CubeIDE/plugins/com.st.stm32cube.ide.mcu.externaltools.gnu-tools-for-stm32.12.3.rel1.win32_1.0.100.202403111256/tools/bin/../lib/gcc/arm-none-eabi/12.3.1/../../../../arm-none-eabi/lib/thumb/v7e-m+fp/hard\libc_nano.a(libc_a-stdio.o)
                              C:/D/Coding/STM32CubeIDE/Application/STM32CubeIDE_1.15.1/STM32CubeIDE/plugins/com.st.stm32cube.ide.mcu.externaltools.gnu-tools-for-stm32.12.3.rel1.win32_1.0.100.202403111256/tools/bin/../lib/gcc/arm-none-eabi/12.3.1/../../../../arm-none-eabi/lib/thumb/v7e-m+fp/hard\libc_nano.a(libc_a-findfp.o) (__sread)
C:/D/Coding/STM32CubeIDE/Application/STM32CubeIDE_1.15.1/STM32CubeIDE/plugins/com.st.stm32cube.ide.mcu.externaltools.gnu-tools-for-stm32.12.3.rel1.win32_1.0.100.202403111256/tools/bin/../lib/gcc/arm-none-eabi/12.3.1/../../../../arm-none-eabi/lib/thumb/v7e-m+fp/hard\libc_nano.a(libc_a-memset.o)
                              C:/D/Coding/STM32CubeIDE/Application/STM32CubeIDE_1.15.1/STM32CubeIDE/plugins/com.st.stm32cube.ide.mcu.externaltools.gnu-tools-for-stm32.12.3.rel1.win32_1.0.100.202403111256/tools/bin/../lib/gcc/arm-none-eabi/12.3.1/../../../../arm-none-eabi/lib/thumb/v7e-m+fp/hard/crt0.o (memset)
C:/D/Coding/STM32CubeIDE/Application/STM32CubeIDE_1.15.1/STM32CubeIDE/plugins/com.st.stm32cube.ide.mcu.externaltools.gnu-tools-for-stm32.12.3.rel1.win32_1.0.100.202403111256/tools/bin/../lib/gcc/arm-none-eabi/12.3.1/../../../../arm-none-eabi/lib/thumb/v7e-m+fp/hard\libc_nano.a(libc_a-localeconv.o)
[...]
Memory Configuration

Name             Origin             Length             Attributes
CCMRAM           0x10000000         0x00010000         xrw
RAM              0x20000000         0x00020000         xrw
FLASH            0x08000000         0x00100000         xr
*default*        0x00000000         0xffffffff

Linker script and memory map

LOAD C:/D/Coding/STM32CubeIDE/Application/STM32CubeIDE_1.15.1/STM32CubeIDE/plugins/com.st.stm32cube.ide.mcu.externaltools.gnu-tools-for-stm32.12.3.rel1.win32_1.0.100.202403111256/tools/bin/../lib/gcc/arm-none-eabi/12.3.1/thumb/v7e-m+fp/hard/crti.o
LOAD C:/D/Coding/STM32CubeIDE/Application/STM32CubeIDE_1.15.1/STM32CubeIDE/plugins/com.st.stm32cube.ide.mcu.externaltools.gnu-tools-for-stm32.12.3.rel1.win32_1.0.100.202403111256/tools/bin/../lib/gcc/arm-none-eabi/12.3.1/thumb/v7e-m+fp/hard/crtbegin.o
LOAD C:/D/Coding/STM32CubeIDE/Application/STM32CubeIDE_1.15.1/STM32CubeIDE/plugins/com.st.stm32cube.ide.mcu.externaltools.gnu-tools-for-stm32.12.3.rel1.win32_1.0.100.202403111256/tools/bin/../lib/gcc/arm-none-eabi/12.3.1/../../../../arm-none-eabi/lib/thumb/v7e-m+fp/hard/crt0.o
LOAD ./Core/Src/adc.o
LOAD ./Core/Src/button.o
LOAD ./Core/Src/buzzer.o
LOAD ./Core/Src/dma.o
LOAD ./Core/Src/ds3231.o
LOAD ./Core/Src/fsmc.o
LOAD ./Core/Src/gpio.o
LOAD ./Core/Src/i2c.o
LOAD ./Core/Src/lcd.o
LOAD ./Core/Src/led_7seg.o
LOAD ./Core/Src/main.o
LOAD ./Core/Src/picture.o
LOAD ./Core/Src/sensor.o
LOAD ./Core/Src/software_timer.o
LOAD ./Core/Src/spi.o
LOAD ./Core/Src/stm32f4xx_hal_msp.o
LOAD ./Core/Src/stm32f4xx_it.o
LOAD ./Core/Src/syscalls.o
LOAD ./Core/Src/sysmem.o
LOAD ./Core/Src/system_stm32f4xx.o
LOAD ./Core/Src/tim.o
LOAD ./Core/Src/uart.o
LOAD ./Core/Src/usart.o
LOAD ./Core/Src/utils.o
LOAD ./Core/Startup/startup_stm32f407zetx.o
LOAD ./Drivers/STM32F4xx_HAL_Driver/Src/stm32f4xx_hal.o
LOAD ./Drivers/STM32F4xx_HAL_Driver/Src/stm32f4xx_hal_adc.o
LOAD ./Drivers/STM32F4xx_HAL_Driver/Src/stm32f4xx_hal_adc_ex.o
LOAD ./Drivers/STM32F4xx_HAL_Driver/Src/stm32f4xx_hal_cortex.o
LOAD ./Drivers/STM32F4xx_HAL_Driver/Src/stm32f4xx_hal_dma.o
LOAD ./Drivers/STM32F4xx_HAL_Driver/Src/stm32f4xx_hal_dma_ex.o
LOAD ./Drivers/STM32F4xx_HAL_Driver/Src/stm32f4xx_hal_exti.o
LOAD ./Drivers/STM32F4xx_HAL_Driver/Src/stm32f4xx_hal_flash.o
LOAD ./Drivers/STM32F4xx_HAL_Driver/Src/stm32f4xx_hal_flash_ex.o
LOAD ./Drivers/STM32F4xx_HAL_Driver/Src/stm32f4xx_hal_flash_ramfunc.o
LOAD ./Drivers/STM32F4xx_HAL_Driver/Src/stm32f4xx_hal_gpio.o
LOAD ./Drivers/STM32F4xx_HAL_Driver/Src/stm32f4xx_hal_i2c.o
LOAD ./Drivers/STM32F4xx_HAL_Driver/Src/stm32f4xx_hal_i2c_ex.o
LOAD ./Drivers/STM32F4xx_HAL_Driver/Src/stm32f4xx_hal_pwr.o
LOAD ./Drivers/STM32F4xx_HAL_Driver/Src/stm32f4xx_hal_pwr_ex.o
LOAD ./Drivers/STM32F4xx_HAL_Driver/Src/stm32f4xx_hal_rcc.o
LOAD ./Drivers/STM32F4xx_HAL_Driver/Src/stm32f4xx_hal_rcc_ex.o
LOAD ./Drivers/STM32F4xx_HAL_Driver/Src/stm32f4xx_hal_spi.o
LOAD ./Drivers/STM32F4xx_HAL_Driver/Src/stm32f4xx_hal_sram.o
LOAD ./Drivers/STM32F4xx_HAL_Driver/Src/stm32f4xx_hal_tim.o
LOAD ./Drivers/STM32F4xx_HAL_Driver/Src/stm32f4xx_hal_tim_ex.o
LOAD ./Drivers/STM32F4xx_HAL_Driver/Src/stm32f4xx_hal_uart.o
LOAD ./Drivers/STM32F4xx_HAL_Driver/Src/stm32f4xx_ll_adc.o
LOAD ./Drivers/STM32F4xx_HAL_Driver/Src/stm32f4xx_ll_fsmc.o
START GROUP
LOAD C:/D/Coding/STM32CubeIDE/Application/STM32CubeIDE_1.15.1/STM32CubeIDE/plugins/com.st.stm32cube.ide.mcu.externaltools.gnu-tools-for-stm32.12.3.rel1.win32_1.0.100.202403111256/tools/bin/../lib/gcc/arm-none-eabi/12.3.1/../../../../arm-none-eabi/lib/thumb/v7e-m+fp/hard\libc_nano.a
LOAD C:/D/Coding/STM32CubeIDE/Application/STM32CubeIDE_1.15.1/STM32CubeIDE/plugins/com.st.stm32cube.ide.mcu.externaltools.gnu-tools-for-stm32.12.3.rel1.win32_1.0.100.202403111256/tools/bin/../lib/gcc/arm-none-eabi/12.3.1/../../../../arm-none-eabi/lib/thumb/v7e-m+fp/hard\libm.a
END GROUP
START GROUP
LOAD C:/D/Coding/STM32CubeIDE/Application/STM32CubeIDE_1.15.1/STM32CubeIDE/plugins/com.st.stm32cube.ide.mcu.externaltools.gnu-tools-for-stm32.12.3.rel1.win32_1.0.100.202403111256/tools/bin/../lib/gcc/arm-none-eabi/12.3.1/thumb/v7e-m+fp/hard\libgcc.a
LOAD C:/D/Coding/STM32CubeIDE/Application/STM32CubeIDE_1.15.1/STM32CubeIDE/plugins/com.st.stm32cube.ide.mcu.externaltools.gnu-tools-for-stm32.12.3.rel1.win32_1.0.100.202403111256/tools/bin/../lib/gcc/arm-none-eabi/12.3.1/../../../../arm-none-eabi/lib/thumb/v7e-m+fp/hard\libc_nano.a
END GROUP
START GROUP
LOAD C:/D/Coding/STM32CubeIDE/Application/STM32CubeIDE_1.15.1/STM32CubeIDE/plugins/com.st.stm32cube.ide.mcu.externaltools.gnu-tools-for-stm32.12.3.rel1.win32_1.0.100.202403111256/tools/bin/../lib/gcc/arm-none-eabi/12.3.1/thumb/v7e-m+fp/hard\libgcc.a
LOAD C:/D/Coding/STM32CubeIDE/Application/STM32CubeIDE_1.15.1/STM32CubeIDE/plugins/com.st.stm32cube.ide.mcu.externaltools.gnu-tools-for-stm32.12.3.rel1.win32_1.0.100.202403111256/tools/bin/../lib/gcc/arm-none-eabi/12.3.1/../../../../arm-none-eabi/lib/thumb/v7e-m+fp/hard\libc_nano.a
LOAD C:/D/Coding/STM32CubeIDE/Application/STM32CubeIDE_1.15.1/STM32CubeIDE/plugins/com.st.stm32cube.ide.mcu.externaltools.gnu-tools-for-stm32.12.3.rel1.win32_1.0.100.202403111256/tools/bin/../lib/gcc/arm-none-eabi/12.3.1/../../../../arm-none-eabi/lib/thumb/v7e-m+fp/hard\libnosys.a
END GROUP
START GROUP
LOAD C:/D/Coding/STM32CubeIDE/Application/STM32CubeIDE_1.15.1/STM32CubeIDE/plugins/com.st.stm32cube.ide.mcu.externaltools.gnu-tools-for-stm32.12.3.rel1.win32_1.0.100.202403111256/tools/bin/../lib/gcc/arm-none-eabi/12.3.1/thumb/v7e-m+fp/hard\libgcc.a
LOAD C:/D/Coding/STM32CubeIDE/Application/STM32CubeIDE_1.15.1/STM32CubeIDE/plugins/com.st.stm32cube.ide.mcu.externaltools.gnu-tools-for-stm32.12.3.rel1.win32_1.0.100.202403111256/tools/bin/../lib/gcc/arm-none-eabi/12.3.1/../../../../arm-none-eabi/lib/thumb/v7e-m+fp/hard\libc_nano.a
LOAD C:/D/Coding/STM32CubeIDE/Application/STM32CubeIDE_1.15.1/STM32CubeIDE/plugins/com.st.stm32cube.ide.mcu.externaltools.gnu-tools-for-stm32.12.3.rel1.win32_1.0.100.202403111256/tools/bin/../lib/gcc/arm-none-eabi/12.3.1/../../../../arm-none-eabi/lib/thumb/v7e-m+fp/hard\libnosys.a
END GROUP
LOAD C:/D/Coding/STM32CubeIDE/Application/STM32CubeIDE_1.15.1/STM32CubeIDE/plugins/com.st.stm32cube.ide.mcu.externaltools.gnu-tools-for-stm32.12.3.rel1.win32_1.0.100.202403111256/tools/bin/../lib/gcc/arm-none-eabi/12.3.1/thumb/v7e-m+fp/hard/crtend.o
LOAD C:/D/Coding/STM32CubeIDE/Application/STM32CubeIDE_1.15.1/STM32CubeIDE/plugins/com.st.stm32cube.ide.mcu.externaltools.gnu-tools-for-stm32.12.3.rel1.win32_1.0.100.202403111256/tools/bin/../lib/gcc/arm-none-eabi/12.3.1/thumb/v7e-m+fp/hard/crtn.o
                0x20020000                        _estack = (ORIGIN (RAM) + LENGTH (RAM))
                0x00000200                        _Min_Heap_Size = 0x200
                0x00000400                        _Min_Stack_Size = 0x400

.isr_vector     0x08000000      0x188
                0x08000000                        . = ALIGN (0x4)
 *(.isr_vector)
 .isr_vector    0x08000000      0x188 ./Core/Startup/startup_stm32f407zetx.o
                0x08000000                g_pfnVectors
                0x08000188                        . = ALIGN (0x4)

.text           0x08000190     0xbef8
                0x08000190                        . = ALIGN (0x4)
 *(.text)
 .text          0x08000190       0x40 C:/D/Coding/STM32CubeIDE/Application/STM32CubeIDE_1.15.1/STM32CubeIDE/plugins/com.st.stm32cube.ide.mcu.externaltools.gnu-tools-for-stm32.12.3.rel1.win32_1.0.100.202403111256/tools/bin/../lib/gcc/arm-none-eabi/12.3.1/thumb/v7e-m+fp/hard/crtbegin.o
 .text          0x080001d0       0xa0 C:/D/Coding/STM32CubeIDE/Application/STM32CubeIDE_1.15.1/STM32CubeIDE/plugins/com.st.stm32cube.ide.mcu.externaltools.gnu-tools-for-stm32.12.3.rel1.win32_1.0.100.202403111256/tools/bin/../lib/gcc/arm-none-eabi/12.3.1/../../../../arm-none-eabi/lib/thumb/v7e-m+fp/hard\libc_nano.a(libc_a-memchr.o)
                0x080001d0                memchr
 .text          0x08000270       0x10 C:/D/Coding/STM32CubeIDE/Application/STM32CubeIDE_1.15.1/STM32CubeIDE/plugins/com.st.stm32cube.ide.mcu.externaltools.gnu-tools-for-stm32.12.3.rel1.win32_1.0.100.202403111256/tools/bin/../lib/gcc/arm-none-eabi/12.3.1/../../../../arm-none-eabi/lib/thumb/v7e-m+fp/hard\libc_nano.a(libc_a-strlen.o)
                0x08000270                strlen
 .text          0x08000280      0x378 C:/D/Coding/STM32CubeIDE/Application/STM32CubeIDE_1.15.1/STM32CubeIDE/plugins/com.st.stm32cube.ide.mcu.externaltools.gnu-tools-for-stm32.12.3.rel1.win32_1.0.100.202403111256/tools/bin/../lib/gcc/arm-none-eabi/12.3.1/thumb/v7e-m+fp/hard\libgcc.a(_arm_addsubdf3.o)
                0x08000280                __aeabi_drsub
                0x08000288                __aeabi_dsub
                0x08000288                __subdf3
                0x0800028c                __aeabi_dadd
                0x0800028c                __adddf3
                0x08000504                __floatunsidf
                0x08000504                __aeabi_ui2d
                0x08000524                __floatsidf
                0x08000524                __aeabi_i2d
                0x08000548                __aeabi_f2d
                0x08000548                __extendsfdf2
                0x0800058c                __floatundidf
                0x0800058c                __aeabi_ul2d
                0x0800059c                __floatdidf
                0x0800059c                __aeabi_l2d
 .text          0x080005f8      0x424 C:/D/Coding/STM32CubeIDE/Application/STM32CubeIDE_1.15.1/STM32CubeIDE/plugins/com.st.stm32cube.ide.mcu.externaltools.gnu-tools-for-stm32.12.3.rel1.win32_1.0.100.202403111256/tools/bin/../lib/gcc/arm-none-eabi/12.3.1/thumb/v7e-m+fp/hard\libgcc.a(_arm_muldivdf3.o)
                0x080005f8                __aeabi_dmul
                0x080005f8                __muldf3
                0x0800084c                __divdf3
                0x0800084c                __aeabi_ddiv
 .text          0x08000a1c      0x110 C:/D/Coding/STM32CubeIDE/Application/STM32CubeIDE_1.15.1/STM32CubeIDE/plugins/com.st.stm32cube.ide.mcu.externaltools.gnu-tools-for-stm32.12.3.rel1.win32_1.0.100.202403111256/tools/bin/../lib/gcc/arm-none-eabi/12.3.1/thumb/v7e-m+fp/hard\libgcc.a(_arm_cmpdf2.o)
                0x08000a1c                __gtdf2
                0x08000a1c                __gedf2
                0x08000a24                __ltdf2
                0x08000a24                __ledf2
                0x08000a2c                __nedf2
                0x08000a2c                __eqdf2
                0x08000a2c                __cmpdf2
                0x08000aa8                __aeabi_cdrcmple
                0x08000ab8                __aeabi_cdcmpeq
                0x08000ab8                __aeabi_cdcmple
                0x08000ac8                __aeabi_dcmpeq
                0x08000adc                __aeabi_dcmplt
                0x08000af0                __aeabi_dcmple
                0x08000b04                __aeabi_dcmpge
                0x08000b18                __aeabi_dcmpgt
 .text          0x08000b2c       0x2c C:/D/Coding/STM32CubeIDE/Application/STM32CubeIDE_1.15.1/STM32CubeIDE/plugins/com.st.stm32cube.ide.mcu.externaltools.gnu-tools-for-stm32.12.3.rel1.win32_1.0.100.202403111256/tools/bin/../lib/gcc/arm-none-eabi/12.3.1/thumb/v7e-m+fp/hard\libgcc.a(_arm_unorddf2.o)
                0x08000b2c                __unorddf2
                0x08000b2c                __aeabi_dcmpun
 .text          0x08000b58       0x50 C:/D/Coding/STM32CubeIDE/Application/STM32CubeIDE_1.15.1/STM32CubeIDE/plugins/com.st.stm32cube.ide.mcu.externaltools.gnu-tools-for-stm32.12.3.rel1.win32_1.0.100.202403111256/tools/bin/../lib/gcc/arm-none-eabi/12.3.1/thumb/v7e-m+fp/hard\libgcc.a(_arm_fixdfsi.o)
                0x08000b58                __aeabi_d2iz
                0x08000b58                __fixdfsi
 .text          0x08000ba8       0xa0 C:/D/Coding/STM32CubeIDE/Application/STM32CubeIDE_1.15.1/STM32CubeIDE/plugins/com.st.stm32cube.ide.mcu.externaltools.gnu-tools-for-stm32.12.3.rel1.win32_1.0.100.202403111256/tools/bin/../lib/gcc/arm-none-eabi/12.3.1/thumb/v7e-m+fp/hard\libgcc.a(_arm_truncdfsf2.o)
                0x08000ba8                __truncdfsf2
                0x08000ba8                __aeabi_d2f
 .text          0x08000c48       0x30 C:/D/Coding/STM32CubeIDE/Application/STM32CubeIDE_1.15.1/STM32CubeIDE/plugins/com.st.stm32cube.ide.mcu.externaltools.gnu-tools-for-stm32.12.3.rel1.win32_1.0.100.202403111256/tools/bin/../lib/gcc/arm-none-eabi/12.3.1/thumb/v7e-m+fp/hard\libgcc.a(_aeabi_uldivmod.o)
                0x08000c48                __aeabi_uldivmod
 .text          0x08000c78      0x2bc C:/D/Coding/STM32CubeIDE/Application/STM32CubeIDE_1.15.1/STM32CubeIDE/plugins/com.st.stm32cube.ide.mcu.externaltools.gnu-tools-for-stm32.12.3.rel1.win32_1.0.100.202403111256/tools/bin/../lib/gcc/arm-none-eabi/12.3.1/thumb/v7e-m+fp/hard\libgcc.a(_udivmoddi4.o)
                0x08000c78                __udivmoddi4
 .text          0x08000f34        0x4 C:/D/Coding/STM32CubeIDE/Application/STM32CubeIDE_1.15.1/STM32CubeIDE/plugins/com.st.stm32cube.ide.mcu.externaltools.gnu-tools-for-stm32.12.3.rel1.win32_1.0.100.202403111256/tools/bin/../lib/gcc/arm-none-eabi/12.3.1/thumb/v7e-m+fp/hard\libgcc.a(_dvmd_tls.o)
                0x08000f34                __aeabi_idiv0
                0x08000f34                __aeabi_ldiv0
 *(.text*)
 .text.MX_ADC1_Init
                0x08000f38      0x114 ./Core/Src/adc.o
                0x08000f38                MX_ADC1_Init
 .text.HAL_ADC_MspInit
                0x0800104c      0x128 ./Core/Src/adc.o
                0x0800104c                HAL_ADC_MspInit
 .text.button_init
                0x08001174       0x18 ./Core/Src/button.o
                0x08001174                button_init
 .text.button_Scan
                0x0800118c       0xd8 ./Core/Src/button.o
                0x0800118c                button_Scan
 .text.buzzer_init
                0x08001264       0x14 ./Core/Src/buzzer.o
                0x08001264                buzzer_init
 .text.buzzer_SetVolume
                0x08001278       0x30 ./Core/Src/buzzer.o
                0x08001278                buzzer_SetVolume
 .text.MX_DMA_Init
                0x080012a8       0x40 ./Core/Src/dma.o
                0x080012a8                MX_DMA_Init
 .text.ds3231_init
                0x080012e8       0x70 ./Core/Src/ds3231.o
                0x080012e8                ds3231_init
 .text.ds3231_ReadTime
                0x08001358       0xc8 ./Core/Src/ds3231.o
                0x08001358                ds3231_ReadTime
 .text.ds3231_GetTime
                0x08001420       0x40 ./Core/Src/ds3231.o
                0x08001420                ds3231_GetTime
 .text.MX_FSMC_Init
                0x08001460       0xf4 ./Core/Src/fsmc.o
                0x08001460                MX_FSMC_Init
 .text.HAL_FSMC_MspInit
                0x08001554       0x98 ./Core/Src/fsmc.o
 .text.HAL_SRAM_MspInit
                0x080015ec       0x14 ./Core/Src/fsmc.o
                0x080015ec                HAL_SRAM_MspInit
 .text.MX_GPIO_Init
                0x08001600      0x20c ./Core/Src/gpio.o
                0x08001600                MX_GPIO_Init
 .text.MX_I2C1_Init
                0x0800180c       0x5c ./Core/Src/i2c.o
                0x0800180c                MX_I2C1_Init
 .text.HAL_I2C_MspInit
                0x08001868       0x90 ./Core/Src/i2c.o
                0x08001868                HAL_I2C_MspInit
 .text.LCD_WR_REG
                0x080018f8       0x20 ./Core/Src/lcd.o
                0x080018f8                LCD_WR_REG
 .text.LCD_WR_DATA
                0x08001918       0x20 ./Core/Src/lcd.o
 .text.LCD_RD_DATA
                0x08001938       0x24 ./Core/Src/lcd.o
 .text.lcd_AddressSet
                0x0800195c       0x98 ./Core/Src/lcd.o
                0x0800195c                lcd_AddressSet
 .text.lcd_Clear
                0x080019f4       0x64 ./Core/Src/lcd.o
                0x080019f4                lcd_Clear
 .text.lcd_Fill
                0x08001a58       0x6c ./Core/Src/lcd.o
                0x08001a58                lcd_Fill
 .text.lcd_DrawPoint
                0x08001ac4       0x2e ./Core/Src/lcd.o
                0x08001ac4                lcd_DrawPoint
 .text.lcd_DrawLine
                0x08001af2      0x108 ./Core/Src/lcd.o
                0x08001af2                lcd_DrawLine
 *fill*         0x08001bfa        0x2 
 .text.lcd_ShowChar
                0x08001bfc      0x1a0 ./Core/Src/lcd.o
                0x08001bfc                lcd_ShowChar
 .text.mypow    0x08001d9c       0x38 ./Core/Src/lcd.o
                0x08001d9c                mypow
 .text.lcd_ShowIntNum
                0x08001dd4       0xfc ./Core/Src/lcd.o
                0x08001dd4                lcd_ShowIntNum
 .text.lcd_ShowFloatNum
                0x08001ed0      0x110 ./Core/Src/lcd.o
                0x08001ed0                lcd_ShowFloatNum
 .text.lcd_SetDir
                0x08001fe0       0x48 ./Core/Src/lcd.o
                0x08001fe0                lcd_SetDir
 .text.lcd_init
                0x08002028      0x2c0 ./Core/Src/lcd.o
                0x08002028                lcd_init
 .text.lcd_ShowStr
                0x080022e8       0xc8 ./Core/Src/lcd.o
                0x080022e8                lcd_ShowStr
 .text.led7_Scan
                0x080023b0      0x118 ./Core/Src/led_7seg.o
                0x080023b0                led7_Scan
 .text.main     0x080024c8       0x60 ./Core/Src/main.o
                0x080024c8                main
 .text.SystemClock_Config
                0x08002528       0xd4 ./Core/Src/main.o
                0x08002528                SystemClock_Config
 .text.system_init
                0x080025fc       0x2a ./Core/Src/main.o
                0x080025fc                system_init
 *fill*         0x08002626        0x2 
 .text.test_LedDebug
                0x08002628       0x48 ./Core/Src/main.o
                0x08002628                test_LedDebug
 .text.isButtonE
                0x08002670       0x20 ./Core/Src/main.o
                0x08002670                isButtonE
 .text.Check_Toggle_LCD_Display
                0x08002690       0x44 ./Core/Src/main.o
                0x08002690                Check_Toggle_LCD_Display
 .text.isButtonUp
                0x080026d4       0x20 ./Core/Src/main.o
                0x080026d4                isButtonUp
 .text.isButtonDown
                0x080026f4       0x20 ./Core/Src/main.o
                0x080026f4                isButtonDown
 .text.isButtonRight
                0x08002714       0x20 ./Core/Src/main.o
                0x08002714                isButtonRight
 .text.new_show_num
                0x08002734       0x4c ./Core/Src/main.o
                0x08002734                new_show_num
 .text.test_Adc_Uart
                0x08002780      0x304 ./Core/Src/main.o
                0x08002780                test_Adc_Uart
 .text.store_power_data
                0x08002a84       0x64 ./Core/Src/main.o
                0x08002a84                store_power_data
 .text.get_digit_count
                0x08002ae8       0x44 ./Core/Src/main.o
                0x08002ae8                get_digit_count
 .text.plot_power_chart
                0x08002b2c      0x290 ./Core/Src/main.o
                0x08002b2c                plot_power_chart
 .text.test_Buzzer
                0x08002dbc       0x38 ./Core/Src/main.o
                0x08002dbc                test_Buzzer
 .text.Error_Handler
                0x08002df4        0xc ./Core/Src/main.o
                0x08002df4                Error_Handler
 .text.sensor_init
                0x08002e00       0x1c ./Core/Src/sensor.o
                0x08002e00                sensor_init
 .text.sensor_Read
                0x08002e1c       0x1c ./Core/Src/sensor.o
                0x08002e1c                sensor_Read
 .text.sensor_GetLight
                0x08002e38       0x18 ./Core/Src/sensor.o
                0x08002e38                sensor_GetLight
 .text.sensor_GetPotentiometer
                0x08002e50       0x18 ./Core/Src/sensor.o
                0x08002e50                sensor_GetPotentiometer
 .text.sensor_GetVoltage
                0x08002e68       0x78 ./Core/Src/sensor.o
                0x08002e68                sensor_GetVoltage
 .text.sensor_GetCurrent
                0x08002ee0       0xb8 ./Core/Src/sensor.o
                0x08002ee0                sensor_GetCurrent
 .text.sensor_GetTemperature
                0x08002f98       0x3c ./Core/Src/sensor.o
                0x08002f98                sensor_GetTemperature
 .text.timer_init
                0x08002fd4       0x14 ./Core/Src/software_timer.o
                0x08002fd4                timer_init
 .text.setTimer2
                0x08002fe8       0x38 ./Core/Src/software_timer.o
                0x08002fe8                setTimer2
 .text.HAL_TIM_PeriodElapsedCallback
                0x08003020       0x54 ./Core/Src/software_timer.o
                0x08003020                HAL_TIM_PeriodElapsedCallback
 .text.MX_SPI1_Init
                0x08003074       0x6c ./Core/Src/spi.o
                0x08003074                MX_SPI1_Init
 .text.HAL_SPI_MspInit
                0x080030e0       0x90 ./Core/Src/spi.o
                0x080030e0                HAL_SPI_MspInit
 .text.HAL_MspInit
                0x08003170       0x50 ./Core/Src/stm32f4xx_hal_msp.o
                0x08003170                HAL_MspInit
 .text.NMI_Handler
                0x080031c0        0x8 ./Core/Src/stm32f4xx_it.o
                0x080031c0                NMI_Handler
 .text.HardFault_Handler
                0x080031c8        0x8 ./Core/Src/stm32f4xx_it.o
                0x080031c8                HardFault_Handler
 .text.MemManage_Handler
                0x080031d0        0x8 ./Core/Src/stm32f4xx_it.o
                0x080031d0                MemManage_Handler
 .text.BusFault_Handler
                0x080031d8        0x8 ./Core/Src/stm32f4xx_it.o
                0x080031d8                BusFault_Handler
 .text.UsageFault_Handler
                0x080031e0        0x8 ./Core/Src/stm32f4xx_it.o
                0x080031e0                UsageFault_Handler
 .text.SVC_Handler
                0x080031e8        0xe ./Core/Src/stm32f4xx_it.o
                0x080031e8                SVC_Handler
 .text.DebugMon_Handler
                0x080031f6        0xe ./Core/Src/stm32f4xx_it.o
                0x080031f6                DebugMon_Handler
 .text.PendSV_Handler
                0x08003204        0xe ./Core/Src/stm32f4xx_it.o
                0x08003204                PendSV_Handler
 .text.SysTick_Handler
                0x08003212        0xc ./Core/Src/stm32f4xx_it.o
                0x08003212                SysTick_Handler
 *fill*         0x0800321e        0x2 
 .text.TIM2_IRQHandler
                0x08003220       0x14 ./Core/Src/stm32f4xx_it.o
                0x08003220                TIM2_IRQHandler
 .text.USART1_IRQHandler
                0x08003234       0x14 ./Core/Src/stm32f4xx_it.o
                0x08003234                USART1_IRQHandler
 .text.DMA2_Stream0_IRQHandler
                0x08003248       0x14 ./Core/Src/stm32f4xx_it.o
                0x08003248                DMA2_Stream0_IRQHandler
 .text._getpid  0x0800325c       0x10 ./Core/Src/syscalls.o
                0x0800325c                _getpid
 .text._kill    0x0800326c       0x20 ./Core/Src/syscalls.o
                0x0800326c                _kill
 .text._exit    0x0800328c       0x16 ./Core/Src/syscalls.o
                0x0800328c                _exit
 .text._read    0x080032a2       0x3a ./Core/Src/syscalls.o
                0x080032a2                _read
 .text._write   0x080032dc       0x38 ./Core/Src/syscalls.o
                0x080032dc                _write
 .text._close   0x08003314       0x18 ./Core/Src/syscalls.o
                0x08003314                _close
 .text._fstat   0x0800332c       0x20 ./Core/Src/syscalls.o
                0x0800332c                _fstat
 .text._isatty  0x0800334c       0x16 ./Core/Src/syscalls.o
                0x0800334c                _isatty
 .text._lseek   0x08003362       0x1a ./Core/Src/syscalls.o
                0x08003362                _lseek
 .text._sbrk    0x0800337c       0x6c ./Core/Src/sysmem.o
                0x0800337c                _sbrk
 .text.SystemInit
                0x080033e8       0x24 ./Core/Src/system_stm32f4xx.o
                0x080033e8                SystemInit
 .text.MX_TIM2_Init
                0x0800340c       0x98 ./Core/Src/tim.o
                0x0800340c                MX_TIM2_Init
 .text.MX_TIM13_Init
                0x080034a4       0x9c ./Core/Src/tim.o
                0x080034a4                MX_TIM13_Init
 .text.HAL_TIM_Base_MspInit
                0x08003540       0x78 ./Core/Src/tim.o
                0x08003540                HAL_TIM_Base_MspInit
 .text.HAL_TIM_MspPostInit
                0x080035b8       0x74 ./Core/Src/tim.o
                0x080035b8                HAL_TIM_MspPostInit
 .text.uart_init_rs232
                0x0800362c       0x1c ./Core/Src/uart.o
                0x0800362c                uart_init_rs232
 .text.uart_Rs232SendString
                0x08003648       0x34 ./Core/Src/uart.o
                0x08003648                uart_Rs232SendString
 .text.HAL_UART_RxCpltCallback
                0x0800367c       0xa8 ./Core/Src/uart.o
                0x0800367c                HAL_UART_RxCpltCallback
 .text.MX_USART1_UART_Init
                0x08003724       0x54 ./Core/Src/usart.o
                0x08003724                MX_USART1_UART_Init
 .text.HAL_UART_MspInit
                0x08003778       0xa0 ./Core/Src/usart.o
                0x08003778                HAL_UART_MspInit
 .text.BCD2DEC  0x08003818       0x32 ./Core/Src/utils.o
                0x08003818                BCD2DEC
 *fill*         0x0800384a        0x2 
 .text.DEC2BCD  0x0800384c       0x48 ./Core/Src/utils.o
                0x0800384c                DEC2BCD
 .text.Reset_Handler
                0x08003894       0x50 ./Core/Startup/startup_stm32f407zetx.o
                0x08003894                Reset_Handler
 .text.Default_Handler
                0x080038e4        0x2 ./Core/Startup/startup_stm32f407zetx.o
                0x080038e4                RTC_Alarm_IRQHandler
                0x080038e4                HASH_RNG_IRQHandler
                0x080038e4                EXTI2_IRQHandler
                0x080038e4                TIM8_CC_IRQHandler
                0x080038e4                TIM1_CC_IRQHandler
                0x080038e4                DMA2_Stream5_IRQHandler
                0x080038e4                DMA1_Stream5_IRQHandler
                0x080038e4                PVD_IRQHandler
                0x080038e4                SDIO_IRQHandler
                0x080038e4                TAMP_STAMP_IRQHandler
                0x080038e4                CAN2_RX1_IRQHandler
                0x080038e4                EXTI3_IRQHandler
                0x080038e4                TIM8_TRG_COM_TIM14_IRQHandler
                0x080038e4                TIM1_UP_TIM10_IRQHandler
                0x080038e4                TIM8_UP_TIM13_IRQHandler
                0x080038e4                I2C3_ER_IRQHandler
                0x080038e4                EXTI0_IRQHandler
                0x080038e4                I2C2_EV_IRQHandler
                0x080038e4                DMA1_Stream2_IRQHandler
                0x080038e4                CAN1_RX0_IRQHandler
                0x080038e4                FPU_IRQHandler
                0x080038e4                OTG_HS_WKUP_IRQHandler
                0x080038e4                CAN2_SCE_IRQHandler
                0x080038e4                DMA2_Stream2_IRQHandler
                0x080038e4                SPI1_IRQHandler
                0x080038e4                TIM6_DAC_IRQHandler
                0x080038e4                TIM1_BRK_TIM9_IRQHandler
                0x080038e4                DCMI_IRQHandler
                0x080038e4                CAN2_RX0_IRQHandler
                0x080038e4                DMA2_Stream3_IRQHandler
                0x080038e4                USART6_IRQHandler
                0x080038e4                USART3_IRQHandler
                0x080038e4                CAN1_RX1_IRQHandler
                0x080038e4                UART5_IRQHandler
                0x080038e4                TIM4_IRQHandler
                0x080038e4                I2C1_EV_IRQHandler
                0x080038e4                DMA1_Stream6_IRQHandler
                0x080038e4                DMA1_Stream1_IRQHandler
                0x080038e4                UART4_IRQHandler
                0x080038e4                TIM3_IRQHandler
                0x080038e4                RCC_IRQHandler
                0x080038e4                TIM8_BRK_TIM12_IRQHandler
                0x080038e4                Default_Handler
                0x080038e4                EXTI15_10_IRQHandler
                0x080038e4                ADC_IRQHandler
                0x080038e4                DMA1_Stream7_IRQHandler
                0x080038e4                TIM7_IRQHandler
                0x080038e4                CAN2_TX_IRQHandler
                0x080038e4                TIM5_IRQHandler
                0x080038e4                DMA2_Stream7_IRQHandler
                0x080038e4                I2C3_EV_IRQHandler
                0x080038e4                EXTI9_5_IRQHandler
                0x080038e4                RTC_WKUP_IRQHandler
                0x080038e4                ETH_WKUP_IRQHandler
                0x080038e4                SPI2_IRQHandler
                0x080038e4                OTG_HS_EP1_IN_IRQHandler
                0x080038e4                DMA1_Stream0_IRQHandler
                0x080038e4                CAN1_TX_IRQHandler
                0x080038e4                EXTI4_IRQHandler
                0x080038e4                FSMC_IRQHandler
                0x080038e4                ETH_IRQHandler
                0x080038e4                OTG_HS_EP1_OUT_IRQHandler
                0x080038e4                WWDG_IRQHandler
                0x080038e4                OTG_FS_WKUP_IRQHandler
                0x080038e4                TIM1_TRG_COM_TIM11_IRQHandler
                0x080038e4                OTG_HS_IRQHandler
                0x080038e4                EXTI1_IRQHandler
                0x080038e4                USART2_IRQHandler
                0x080038e4                I2C2_ER_IRQHandler
                0x080038e4                DMA2_Stream1_IRQHandler
                0x080038e4                CAN1_SCE_IRQHandler
                0x080038e4                FLASH_IRQHandler
                0x080038e4                DMA2_Stream4_IRQHandler
                0x080038e4                OTG_FS_IRQHandler
                0x080038e4                SPI3_IRQHandler
                0x080038e4                DMA1_Stream4_IRQHandler
                0x080038e4                I2C1_ER_IRQHandler
                0x080038e4                DMA2_Stream6_IRQHandler
                0x080038e4                DMA1_Stream3_IRQHandler
 *fill*         0x080038e6        0x2 
 .text.HAL_Init
                0x080038e8       0x44 ./Drivers/STM32F4xx_HAL_Driver/Src/stm32f4xx_hal.o
                0x080038e8                HAL_Init
 .text.HAL_InitTick
                0x0800392c       0x60 ./Drivers/STM32F4xx_HAL_Driver/Src/stm32f4xx_hal.o
                0x0800392c                HAL_InitTick
 .text.HAL_IncTick
                0x0800398c       0x28 ./Drivers/STM32F4xx_HAL_Driver/Src/stm32f4xx_hal.o
                0x0800398c                HAL_IncTick
 .text.HAL_GetTick
                0x080039b4       0x18 ./Drivers/STM32F4xx_HAL_Driver/Src/stm32f4xx_hal.o
                0x080039b4                HAL_GetTick
 .text.HAL_Delay
                0x080039cc       0x48 ./Drivers/STM32F4xx_HAL_Driver/Src/stm32f4xx_hal.o
                0x080039cc                HAL_Delay
 .text.HAL_ADC_Init
                0x08003a14       0x86 ./Drivers/STM32F4xx_HAL_Driver/Src/stm32f4xx_hal_adc.o
                0x08003a14                HAL_ADC_Init
 *fill*         0x08003a9a        0x2 
 .text.HAL_ADC_Start_DMA
                0x08003a9c      0x220 ./Drivers/STM32F4xx_HAL_Driver/Src/stm32f4xx_hal_adc.o
                0x08003a9c                HAL_ADC_Start_DMA
 .text.HAL_ADC_ConvCpltCallback
                0x08003cbc       0x14 ./Drivers/STM32F4xx_HAL_Driver/Src/stm32f4xx_hal_adc.o
                0x08003cbc                HAL_ADC_ConvCpltCallback
 .text.HAL_ADC_ConvHalfCpltCallback
                0x08003cd0       0x14 ./Drivers/STM32F4xx_HAL_Driver/Src/stm32f4xx_hal_adc.o
                0x08003cd0                HAL_ADC_ConvHalfCpltCallback
 .text.HAL_ADC_ErrorCallback
                0x08003ce4       0x14 ./Drivers/STM32F4xx_HAL_Driver/Src/stm32f4xx_hal_adc.o
                0x08003ce4                HAL_ADC_ErrorCallback
 .text.HAL_ADC_ConfigChannel
                0x08003cf8      0x244 ./Drivers/STM32F4xx_HAL_Driver/Src/stm32f4xx_hal_adc.o
                0x08003cf8                HAL_ADC_ConfigChannel
 .text.ADC_Init
                0x08003f3c      0x1f8 ./Drivers/STM32F4xx_HAL_Driver/Src/stm32f4xx_hal_adc.o
 .text.ADC_DMAConvCplt
                0x08004134       0xba ./Drivers/STM32F4xx_HAL_Driver/Src/stm32f4xx_hal_adc.o
 .text.ADC_DMAHalfConvCplt
                0x080041ee       0x1c ./Drivers/STM32F4xx_HAL_Driver/Src/stm32f4xx_hal_adc.o
 .text.ADC_DMAError
                0x0800420a       0x2e ./Drivers/STM32F4xx_HAL_Driver/Src/stm32f4xx_hal_adc.o
 .text.__NVIC_SetPriorityGrouping
                0x08004238       0x48 ./Drivers/STM32F4xx_HAL_Driver/Src/stm32f4xx_hal_cortex.o
 .text.__NVIC_GetPriorityGrouping
                0x08004280       0x1c ./Drivers/STM32F4xx_HAL_Driver/Src/stm32f4xx_hal_cortex.o
 .text.__NVIC_EnableIRQ
                0x0800429c       0x3c ./Drivers/STM32F4xx_HAL_Driver/Src/stm32f4xx_hal_cortex.o
 .text.__NVIC_SetPriority
                0x080042d8       0x54 ./Drivers/STM32F4xx_HAL_Driver/Src/stm32f4xx_hal_cortex.o
 .text.NVIC_EncodePriority
                0x0800432c       0x66 ./Drivers/STM32F4xx_HAL_Driver/Src/stm32f4xx_hal_cortex.o
 *fill*         0x08004392        0x2 
 .text.SysTick_Config
                0x08004394       0x44 ./Drivers/STM32F4xx_HAL_Driver/Src/stm32f4xx_hal_cortex.o
 .text.HAL_NVIC_SetPriorityGrouping
                0x080043d8       0x16 ./Drivers/STM32F4xx_HAL_Driver/Src/stm32f4xx_hal_cortex.o
                0x080043d8                HAL_NVIC_SetPriorityGrouping
 .text.HAL_NVIC_SetPriority
                0x080043ee       0x38 ./Drivers/STM32F4xx_HAL_Driver/Src/stm32f4xx_hal_cortex.o
                0x080043ee                HAL_NVIC_SetPriority
 .text.HAL_NVIC_EnableIRQ
                0x08004426       0x1c ./Drivers/STM32F4xx_HAL_Driver/Src/stm32f4xx_hal_cortex.o
                0x08004426                HAL_NVIC_EnableIRQ
 .text.HAL_SYSTICK_Config
                0x08004442       0x18 ./Drivers/STM32F4xx_HAL_Driver/Src/stm32f4xx_hal_cortex.o
                0x08004442                HAL_SYSTICK_Config
 *fill*         0x0800445a        0x2 
 .text.HAL_DMA_Init
                0x0800445c      0x15c ./Drivers/STM32F4xx_HAL_Driver/Src/stm32f4xx_hal_dma.o
                0x0800445c                HAL_DMA_Init
 .text.HAL_DMA_Start_IT
                0x080045b8       0xb0 ./Drivers/STM32F4xx_HAL_Driver/Src/stm32f4xx_hal_dma.o
                0x080045b8                HAL_DMA_Start_IT
 .text.HAL_DMA_Abort
                0x08004668       0xe0 ./Drivers/STM32F4xx_HAL_Driver/Src/stm32f4xx_hal_dma.o
                0x08004668                HAL_DMA_Abort
 .text.HAL_DMA_Abort_IT
                0x08004748       0x44 ./Drivers/STM32F4xx_HAL_Driver/Src/stm32f4xx_hal_dma.o
                0x08004748                HAL_DMA_Abort_IT
 .text.HAL_DMA_IRQHandler
                0x0800478c      0x314 ./Drivers/STM32F4xx_HAL_Driver/Src/stm32f4xx_hal_dma.o
                0x0800478c                HAL_DMA_IRQHandler
 .text.DMA_SetConfig
                0x08004aa0       0x5c ./Drivers/STM32F4xx_HAL_Driver/Src/stm32f4xx_hal_dma.o
 .text.DMA_CalcBaseAndBitshift
                0x08004afc       0x6c ./Drivers/STM32F4xx_HAL_Driver/Src/stm32f4xx_hal_dma.o
 .text.DMA_CheckFifoParam
                0x08004b68       0xf8 ./Drivers/STM32F4xx_HAL_Driver/Src/stm32f4xx_hal_dma.o
 .text.HAL_GPIO_Init
                0x08004c60      0x338 ./Drivers/STM32F4xx_HAL_Driver/Src/stm32f4xx_hal_gpio.o
                0x08004c60                HAL_GPIO_Init
 .text.HAL_GPIO_WritePin
                0x08004f98       0x32 ./Drivers/STM32F4xx_HAL_Driver/Src/stm32f4xx_hal_gpio.o
                0x08004f98                HAL_GPIO_WritePin
 .text.HAL_GPIO_TogglePin
                0x08004fca       0x34 ./Drivers/STM32F4xx_HAL_Driver/Src/stm32f4xx_hal_gpio.o
                0x08004fca                HAL_GPIO_TogglePin
 *fill*         0x08004ffe        0x2 
 .text.HAL_I2C_Init
                0x08005000      0x288 ./Drivers/STM32F4xx_HAL_Driver/Src/stm32f4xx_hal_i2c.o
                0x08005000                HAL_I2C_Init
 .text.HAL_I2C_Mem_Read
                0x08005288      0x44c ./Drivers/STM32F4xx_HAL_Driver/Src/stm32f4xx_hal_i2c.o
                0x08005288                HAL_I2C_Mem_Read
 .text.I2C_RequestMemoryRead
                0x080056d4      0x1d0 ./Drivers/STM32F4xx_HAL_Driver/Src/stm32f4xx_hal_i2c.o
 .text.I2C_WaitOnFlagUntilTimeout
                0x080058a4       0xae ./Drivers/STM32F4xx_HAL_Driver/Src/stm32f4xx_hal_i2c.o
 .text.I2C_WaitOnMasterAddressFlagUntilTimeout
                0x08005952       0xfe ./Drivers/STM32F4xx_HAL_Driver/Src/stm32f4xx_hal_i2c.o
 .text.I2C_WaitOnTXEFlagUntilTimeout
                0x08005a50       0x82 ./Drivers/STM32F4xx_HAL_Driver/Src/stm32f4xx_hal_i2c.o
 .text.I2C_WaitOnRXNEFlagUntilTimeout
                0x08005ad2       0xac ./Drivers/STM32F4xx_HAL_Driver/Src/stm32f4xx_hal_i2c.o
 .text.I2C_IsAcknowledgeFailed
                0x08005b7e       0x5e ./Drivers/STM32F4xx_HAL_Driver/Src/stm32f4xx_hal_i2c.o
 .text.HAL_RCC_OscConfig
                0x08005bdc      0x4f0 ./Drivers/STM32F4xx_HAL_Driver/Src/stm32f4xx_hal_rcc.o
                0x08005bdc                HAL_RCC_OscConfig
 .text.HAL_RCC_ClockConfig
                0x080060cc      0x1cc ./Drivers/STM32F4xx_HAL_Driver/Src/stm32f4xx_hal_rcc.o
                0x080060cc                HAL_RCC_ClockConfig
 .text.HAL_RCC_GetSysClockFreq
                0x08006298      0x20c ./Drivers/STM32F4xx_HAL_Driver/Src/stm32f4xx_hal_rcc.o
                0x08006298                HAL_RCC_GetSysClockFreq
 .text.HAL_RCC_GetHCLKFreq
                0x080064a4       0x18 ./Drivers/STM32F4xx_HAL_Driver/Src/stm32f4xx_hal_rcc.o
                0x080064a4                HAL_RCC_GetHCLKFreq
 .text.HAL_RCC_GetPCLK1Freq
                0x080064bc       0x28 ./Drivers/STM32F4xx_HAL_Driver/Src/stm32f4xx_hal_rcc.o
                0x080064bc                HAL_RCC_GetPCLK1Freq
 .text.HAL_RCC_GetPCLK2Freq
                0x080064e4       0x28 ./Drivers/STM32F4xx_HAL_Driver/Src/stm32f4xx_hal_rcc.o
                0x080064e4                HAL_RCC_GetPCLK2Freq
 .text.HAL_SPI_Init
                0x0800650c      0x112 ./Drivers/STM32F4xx_HAL_Driver/Src/stm32f4xx_hal_spi.o
                0x0800650c                HAL_SPI_Init
 .text.HAL_SPI_Transmit
                0x0800661e      0x278 ./Drivers/STM32F4xx_HAL_Driver/Src/stm32f4xx_hal_spi.o
                0x0800661e                HAL_SPI_Transmit
 .text.HAL_SPI_Receive
                0x08006896      0x222 ./Drivers/STM32F4xx_HAL_Driver/Src/stm32f4xx_hal_spi.o
                0x08006896                HAL_SPI_Receive
 .text.HAL_SPI_TransmitReceive
                0x08006ab8      0x344 ./Drivers/STM32F4xx_HAL_Driver/Src/stm32f4xx_hal_spi.o
                0x08006ab8                HAL_SPI_TransmitReceive
 .text.SPI_WaitFlagStateUntilTimeout
                0x08006dfc      0x110 ./Drivers/STM32F4xx_HAL_Driver/Src/stm32f4xx_hal_spi.o
 .text.SPI_EndRxTransaction
                0x08006f0c       0xca ./Drivers/STM32F4xx_HAL_Driver/Src/stm32f4xx_hal_spi.o
 *fill*         0x08006fd6        0x2 
 .text.SPI_EndRxTxTransaction
                0x08006fd8       0x84 ./Drivers/STM32F4xx_HAL_Driver/Src/stm32f4xx_hal_spi.o
 .text.HAL_SRAM_Init
                0x0800705c       0x88 ./Drivers/STM32F4xx_HAL_Driver/Src/stm32f4xx_hal_sram.o
                0x0800705c                HAL_SRAM_Init
 .text.HAL_TIM_Base_Init
                0x080070e4       0x9e ./Drivers/STM32F4xx_HAL_Driver/Src/stm32f4xx_hal_tim.o
                0x080070e4                HAL_TIM_Base_Init
 *fill*         0x08007182        0x2 
 .text.HAL_TIM_Base_Start_IT
                0x08007184       0xe0 ./Drivers/STM32F4xx_HAL_Driver/Src/stm32f4xx_hal_tim.o
                0x08007184                HAL_TIM_Base_Start_IT
 .text.HAL_TIM_PWM_Init
                0x08007264       0x9e ./Drivers/STM32F4xx_HAL_Driver/Src/stm32f4xx_hal_tim.o
                0x08007264                HAL_TIM_PWM_Init
 .text.HAL_TIM_PWM_MspInit
                0x08007302       0x14 ./Drivers/STM32F4xx_HAL_Driver/Src/stm32f4xx_hal_tim.o
                0x08007302                HAL_TIM_PWM_MspInit
 *fill*         0x08007316        0x2 
 .text.HAL_TIM_PWM_Start
                0x08007318      0x190 ./Drivers/STM32F4xx_HAL_Driver/Src/stm32f4xx_hal_tim.o
                0x08007318                HAL_TIM_PWM_Start
 .text.HAL_TIM_IRQHandler
                0x080074a8      0x210 ./Drivers/STM32F4xx_HAL_Driver/Src/stm32f4xx_hal_tim.o
                0x080074a8                HAL_TIM_IRQHandler
 .text.HAL_TIM_PWM_ConfigChannel
                0x080076b8      0x184 ./Drivers/STM32F4xx_HAL_Driver/Src/stm32f4xx_hal_tim.o
                0x080076b8                HAL_TIM_PWM_ConfigChannel
 .text.HAL_TIM_ConfigClockSource
                0x0800783c      0x18e ./Drivers/STM32F4xx_HAL_Driver/Src/stm32f4xx_hal_tim.o
                0x0800783c                HAL_TIM_ConfigClockSource
 .text.HAL_TIM_OC_DelayElapsedCallback
                0x080079ca       0x14 ./Drivers/STM32F4xx_HAL_Driver/Src/stm32f4xx_hal_tim.o
                0x080079ca                HAL_TIM_OC_DelayElapsedCallback
 .text.HAL_TIM_IC_CaptureCallback
                0x080079de       0x14 ./Drivers/STM32F4xx_HAL_Driver/Src/stm32f4xx_hal_tim.o
                0x080079de                HAL_TIM_IC_CaptureCallback
 .text.HAL_TIM_PWM_PulseFinishedCallback
                0x080079f2       0x14 ./Drivers/STM32F4xx_HAL_Driver/Src/stm32f4xx_hal_tim.o
                0x080079f2                HAL_TIM_PWM_PulseFinishedCallback
 .text.HAL_TIM_TriggerCallback
                0x08007a06       0x14 ./Drivers/STM32F4xx_HAL_Driver/Src/stm32f4xx_hal_tim.o
                0x08007a06                HAL_TIM_TriggerCallback
 *fill*         0x08007a1a        0x2 
 .text.TIM_Base_SetConfig
                0x08007a1c      0x140 ./Drivers/STM32F4xx_HAL_Driver/Src/stm32f4xx_hal_tim.o
                0x08007a1c                TIM_Base_SetConfig
 .text.TIM_OC1_SetConfig
                0x08007b5c       0xe0 ./Drivers/STM32F4xx_HAL_Driver/Src/stm32f4xx_hal_tim.o
 .text.TIM_OC2_SetConfig
                0x08007c3c       0xec ./Drivers/STM32F4xx_HAL_Driver/Src/stm32f4xx_hal_tim.o
                0x08007c3c                TIM_OC2_SetConfig
 .text.TIM_OC3_SetConfig
                0x08007d28       0xe8 ./Drivers/STM32F4xx_HAL_Driver/Src/stm32f4xx_hal_tim.o
 .text.TIM_OC4_SetConfig
                0x08007e10       0xac ./Drivers/STM32F4xx_HAL_Driver/Src/stm32f4xx_hal_tim.o
 .text.TIM_TI1_ConfigInputStage
                0x08007ebc       0x5e ./Drivers/STM32F4xx_HAL_Driver/Src/stm32f4xx_hal_tim.o
 .text.TIM_TI2_ConfigInputStage
                0x08007f1a       0x60 ./Drivers/STM32F4xx_HAL_Driver/Src/stm32f4xx_hal_tim.o
 .text.TIM_ITRx_SetConfig
                0x08007f7a       0x36 ./Drivers/STM32F4xx_HAL_Driver/Src/stm32f4xx_hal_tim.o
 .text.TIM_ETR_SetConfig
                0x08007fb0       0x40 ./Drivers/STM32F4xx_HAL_Driver/Src/stm32f4xx_hal_tim.o
                0x08007fb0                TIM_ETR_SetConfig
 .text.TIM_CCxChannelCmd
                0x08007ff0       0x4a ./Drivers/STM32F4xx_HAL_Driver/Src/stm32f4xx_hal_tim.o
                0x08007ff0                TIM_CCxChannelCmd
 *fill*         0x0800803a        0x2 
 .text.HAL_TIMEx_MasterConfigSynchronization
                0x0800803c       0xf8 ./Drivers/STM32F4xx_HAL_Driver/Src/stm32f4xx_hal_tim_ex.o
                0x0800803c                HAL_TIMEx_MasterConfigSynchronization
 .text.HAL_TIMEx_CommutCallback
                0x08008134       0x14 ./Drivers/STM32F4xx_HAL_Driver/Src/stm32f4xx_hal_tim_ex.o
                0x08008134                HAL_TIMEx_CommutCallback
 .text.HAL_TIMEx_BreakCallback
                0x08008148       0x14 ./Drivers/STM32F4xx_HAL_Driver/Src/stm32f4xx_hal_tim_ex.o
                0x08008148                HAL_TIMEx_BreakCallback
 .text.HAL_UART_Init
                0x0800815c       0x9a ./Drivers/STM32F4xx_HAL_Driver/Src/stm32f4xx_hal_uart.o
                0x0800815c                HAL_UART_Init
 .text.HAL_UART_Transmit
                0x080081f6      0x124 ./Drivers/STM32F4xx_HAL_Driver/Src/stm32f4xx_hal_uart.o
                0x080081f6                HAL_UART_Transmit
 .text.HAL_UART_Receive_IT
                0x0800831a       0x60 ./Drivers/STM32F4xx_HAL_Driver/Src/stm32f4xx_hal_uart.o
                0x0800831a                HAL_UART_Receive_IT
 *fill*         0x0800837a        0x2 
 .text.HAL_UART_IRQHandler
                0x0800837c      0x51c ./Drivers/STM32F4xx_HAL_Driver/Src/stm32f4xx_hal_uart.o
                0x0800837c                HAL_UART_IRQHandler
 .text.HAL_UART_TxCpltCallback
                0x08008898       0x14 ./Drivers/STM32F4xx_HAL_Driver/Src/stm32f4xx_hal_uart.o
                0x08008898                HAL_UART_TxCpltCallback
 .text.HAL_UART_ErrorCallback
                0x080088ac       0x14 ./Drivers/STM32F4xx_HAL_Driver/Src/stm32f4xx_hal_uart.o
                0x080088ac                HAL_UART_ErrorCallback
 .text.HAL_UARTEx_RxEventCallback
                0x080088c0       0x18 ./Drivers/STM32F4xx_HAL_Driver/Src/stm32f4xx_hal_uart.o
                0x080088c0                HAL_UARTEx_RxEventCallback
 .text.UART_WaitOnFlagUntilTimeout
                0x080088d8       0xdc ./Drivers/STM32F4xx_HAL_Driver/Src/stm32f4xx_hal_uart.o
 .text.UART_Start_Receive_IT
                0x080089b4       0x74 ./Drivers/STM32F4xx_HAL_Driver/Src/stm32f4xx_hal_uart.o
                0x080089b4                UART_Start_Receive_IT
 .text.UART_EndRxTransfer
                0x08008a28       0xc6 ./Drivers/STM32F4xx_HAL_Driver/Src/stm32f4xx_hal_uart.o
 .text.UART_DMAAbortOnError
                0x08008aee       0x28 ./Drivers/STM32F4xx_HAL_Driver/Src/stm32f4xx_hal_uart.o
 .text.UART_Transmit_IT
                0x08008b16       0xa0 ./Drivers/STM32F4xx_HAL_Driver/Src/stm32f4xx_hal_uart.o
 .text.UART_EndTransmit_IT
                0x08008bb6       0x30 ./Drivers/STM32F4xx_HAL_Driver/Src/stm32f4xx_hal_uart.o
 .text.UART_Receive_IT
                0x08008be6      0x176 ./Drivers/STM32F4xx_HAL_Driver/Src/stm32f4xx_hal_uart.o
 .text.UART_SetConfig
                0x08008d5c      0x4e8 ./Drivers/STM32F4xx_HAL_Driver/Src/stm32f4xx_hal_uart.o
 .text.FSMC_NORSRAM_Init
                0x08009244       0xa4 ./Drivers/STM32F4xx_HAL_Driver/Src/stm32f4xx_ll_fsmc.o
                0x08009244                FSMC_NORSRAM_Init
 .text.FSMC_NORSRAM_Timing_Init
                0x080092e8       0x7a ./Drivers/STM32F4xx_HAL_Driver/Src/stm32f4xx_ll_fsmc.o
                0x080092e8                FSMC_NORSRAM_Timing_Init
 *fill*         0x08009362        0x2 
 .text.FSMC_NORSRAM_Extended_Timing_Init
                0x08009364       0x80 ./Drivers/STM32F4xx_HAL_Driver/Src/stm32f4xx_ll_fsmc.o
                0x08009364                FSMC_NORSRAM_Extended_Timing_Init
 .text.__cvt    0x080093e4       0xca C:/D/Coding/STM32CubeIDE/Application/STM32CubeIDE_1.15.1/STM32CubeIDE/plugins/com.st.stm32cube.ide.mcu.externaltools.gnu-tools-for-stm32.12.3.rel1.win32_1.0.100.202403111256/tools/bin/../lib/gcc/arm-none-eabi/12.3.1/../../../../arm-none-eabi/lib/thumb/v7e-m+fp/hard\libc_nano.a(libc_a-nano-vfprintf_float.o)
                0x080093e4                __cvt
 .text.__exponent
                0x080094ae       0x74 C:/D/Coding/STM32CubeIDE/Application/STM32CubeIDE_1.15.1/STM32CubeIDE/plugins/com.st.stm32cube.ide.mcu.externaltools.gnu-tools-for-stm32.12.3.rel1.win32_1.0.100.202403111256/tools/bin/../lib/gcc/arm-none-eabi/12.3.1/../../../../arm-none-eabi/lib/thumb/v7e-m+fp/hard\libc_nano.a(libc_a-nano-vfprintf_float.o)
                0x080094ae                __exponent
 *fill*         0x08009522        0x2 
 .text._printf_float
                0x08009524      0x454 C:/D/Coding/STM32CubeIDE/Application/STM32CubeIDE_1.15.1/STM32CubeIDE/plugins/com.st.stm32cube.ide.mcu.externaltools.gnu-tools-for-stm32.12.3.rel1.win32_1.0.100.202403111256/tools/bin/../lib/gcc/arm-none-eabi/12.3.1/../../../../arm-none-eabi/lib/thumb/v7e-m+fp/hard\libc_nano.a(libc_a-nano-vfprintf_float.o)
                0x08009524                _printf_float
 .text._printf_common
                0x08009978       0xda C:/D/Coding/STM32CubeIDE/Application/STM32CubeIDE_1.15.1/STM32CubeIDE/plugins/com.st.stm32cube.ide.mcu.externaltools.gnu-tools-for-stm32.12.3.rel1.win32_1.0.100.202403111256/tools/bin/../lib/gcc/arm-none-eabi/12.3.1/../../../../arm-none-eabi/lib/thumb/v7e-m+fp/hard\libc_nano.a(libc_a-nano-vfprintf_i.o)
                0x08009978                _printf_common
 *fill*         0x08009a52        0x2 
 .text._printf_i
                0x08009a54      0x240 C:/D/Coding/STM32CubeIDE/Application/STM32CubeIDE_1.15.1/STM32CubeIDE/plugins/com.st.stm32cube.ide.mcu.externaltools.gnu-tools-for-stm32.12.3.rel1.win32_1.0.100.202403111256/tools/bin/../lib/gcc/arm-none-eabi/12.3.1/../../../../arm-none-eabi/lib/thumb/v7e-m+fp/hard\libc_nano.a(libc_a-nano-vfprintf_i.o)
                0x08009a54                _printf_i
 .text.std      0x08009c94       0x6c C:/D/Coding/STM32CubeIDE/Application/STM32CubeIDE_1.15.1/STM32CubeIDE/plugins/com.st.stm32cube.ide.mcu.externaltools.gnu-tools-for-stm32.12.3.rel1.win32_1.0.100.202403111256/tools/bin/../lib/gcc/arm-none-eabi/12.3.1/../../../../arm-none-eabi/lib/thumb/v7e-m+fp/hard\libc_nano.a(libc_a-findfp.o)
 .text.stdio_exit_handler
                0x08009d00       0x18 C:/D/Coding/STM32CubeIDE/Application/STM32CubeIDE_1.15.1/STM32CubeIDE/plugins/com.st.stm32cube.ide.mcu.externaltools.gnu-tools-for-stm32.12.3.rel1.win32_1.0.100.202403111256/tools/bin/../lib/gcc/arm-none-eabi/12.3.1/../../../../arm-none-eabi/lib/thumb/v7e-m+fp/hard\libc_nano.a(libc_a-findfp.o)
 .text.cleanup_stdio
                0x08009d18       0x40 C:/D/Coding/STM32CubeIDE/Application/STM32CubeIDE_1.15.1/STM32CubeIDE/plugins/com.st.stm32cube.ide.mcu.externaltools.gnu-tools-for-stm32.12.3.rel1.win32_1.0.100.202403111256/tools/bin/../lib/gcc/arm-none-eabi/12.3.1/../../../../arm-none-eabi/lib/thumb/v7e-m+fp/hard\libc_nano.a(libc_a-findfp.o)
 .text.global_stdio_init.part.0
                0x08009d58       0x3c C:/D/Coding/STM32CubeIDE/Application/STM32CubeIDE_1.15.1/STM32CubeIDE/plugins/com.st.stm32cube.ide.mcu.externaltools.gnu-tools-for-stm32.12.3.rel1.win32_1.0.100.202403111256/tools/bin/../lib/gcc/arm-none-eabi/12.3.1/../../../../arm-none-eabi/lib/thumb/v7e-m+fp/hard\libc_nano.a(libc_a-findfp.o)
 .text.__sfp_lock_acquire
                0x08009d94        0xc C:/D/Coding/STM32CubeIDE/Application/STM32CubeIDE_1.15.1/STM32CubeIDE/plugins/com.st.stm32cube.ide.mcu.externaltools.gnu-tools-for-stm32.12.3.rel1.win32_1.0.100.202403111256/tools/bin/../lib/gcc/arm-none-eabi/12.3.1/../../../../arm-none-eabi/lib/thumb/v7e-m+fp/hard\libc_nano.a(libc_a-findfp.o)
                0x08009d94                __sfp_lock_acquire
 .text.__sfp_lock_release
                0x08009da0        0xc C:/D/Coding/STM32CubeIDE/Application/STM32CubeIDE_1.15.1/STM32CubeIDE/plugins/com.st.stm32cube.ide.mcu.externaltools.gnu-tools-for-stm32.12.3.rel1.win32_1.0.100.202403111256/tools/bin/../lib/gcc/arm-none-eabi/12.3.1/../../../../arm-none-eabi/lib/thumb/v7e-m+fp/hard\libc_nano.a(libc_a-findfp.o)
                0x08009da0                __sfp_lock_release
 .text.__sinit  0x08009dac       0x30 C:/D/Coding/STM32CubeIDE/Application/STM32CubeIDE_1.15.1/STM32CubeIDE/plugins/com.st.stm32cube.ide.mcu.externaltools.gnu-tools-for-stm32.12.3.rel1.win32_1.0.100.202403111256/tools/bin/../lib/gcc/arm-none-eabi/12.3.1/../../../../arm-none-eabi/lib/thumb/v7e-m+fp/hard\libc_nano.a(libc_a-findfp.o)
                0x08009dac                __sinit
 .text._fwalk_sglue
                0x08009ddc       0x3c C:/D/Coding/STM32CubeIDE/Application/STM32CubeIDE_1.15.1/STM32CubeIDE/plugins/com.st.stm32cube.ide.mcu.externaltools.gnu-tools-for-stm32.12.3.rel1.win32_1.0.100.202403111256/tools/bin/../lib/gcc/arm-none-eabi/12.3.1/../../../../arm-none-eabi/lib/thumb/v7e-m+fp/hard\libc_nano.a(libc_a-fwalk.o)
                0x08009ddc                _fwalk_sglue
 .text.sprintf  0x08009e18       0x40 C:/D/Coding/STM32CubeIDE/Application/STM32CubeIDE_1.15.1/STM32CubeIDE/plugins/com.st.stm32cube.ide.mcu.externaltools.gnu-tools-for-stm32.12.3.rel1.win32_1.0.100.202403111256/tools/bin/../lib/gcc/arm-none-eabi/12.3.1/../../../../arm-none-eabi/lib/thumb/v7e-m+fp/hard\libc_nano.a(libc_a-sprintf.o)
                0x08009e18                siprintf
                0x08009e18                sprintf
 .text.__sread  0x08009e58       0x22 C:/D/Coding/STM32CubeIDE/Application/STM32CubeIDE_1.15.1/STM32CubeIDE/plugins/com.st.stm32cube.ide.mcu.externaltools.gnu-tools-for-stm32.12.3.rel1.win32_1.0.100.202403111256/tools/bin/../lib/gcc/arm-none-eabi/12.3.1/../../../../arm-none-eabi/lib/thumb/v7e-m+fp/hard\libc_nano.a(libc_a-stdio.o)
                0x08009e58                __sread
 .text.__swrite
                0x08009e7a       0x38 C:/D/Coding/STM32CubeIDE/Application/STM32CubeIDE_1.15.1/STM32CubeIDE/plugins/com.st.stm32cube.ide.mcu.externaltools.gnu-tools-for-stm32.12.3.rel1.win32_1.0.100.202403111256/tools/bin/../lib/gcc/arm-none-eabi/12.3.1/../../../../arm-none-eabi/lib/thumb/v7e-m+fp/hard\libc_nano.a(libc_a-stdio.o)
                0x08009e7a                __swrite
 .text.__sseek  0x08009eb2       0x24 C:/D/Coding/STM32CubeIDE/Application/STM32CubeIDE_1.15.1/STM32CubeIDE/plugins/com.st.stm32cube.ide.mcu.externaltools.gnu-tools-for-stm32.12.3.rel1.win32_1.0.100.202403111256/tools/bin/../lib/gcc/arm-none-eabi/12.3.1/../../../../arm-none-eabi/lib/thumb/v7e-m+fp/hard\libc_nano.a(libc_a-stdio.o)
                0x08009eb2                __sseek
 .text.__sclose
                0x08009ed6        0x8 C:/D/Coding/STM32CubeIDE/Application/STM32CubeIDE_1.15.1/STM32CubeIDE/plugins/com.st.stm32cube.ide.mcu.externaltools.gnu-tools-for-stm32.12.3.rel1.win32_1.0.100.202403111256/tools/bin/../lib/gcc/arm-none-eabi/12.3.1/../../../../arm-none-eabi/lib/thumb/v7e-m+fp/hard\libc_nano.a(libc_a-stdio.o)
                0x08009ed6                __sclose
 .text.memset   0x08009ede       0x10 C:/D/Coding/STM32CubeIDE/Application/STM32CubeIDE_1.15.1/STM32CubeIDE/plugins/com.st.stm32cube.ide.mcu.externaltools.gnu-tools-for-stm32.12.3.rel1.win32_1.0.100.202403111256/tools/bin/../lib/gcc/arm-none-eabi/12.3.1/../../../../arm-none-eabi/lib/thumb/v7e-m+fp/hard\libc_nano.a(libc_a-memset.o)
                0x08009ede                memset
 *fill*         0x08009eee        0x2 
 .text._localeconv_r
                0x08009ef0        0x8 C:/D/Coding/STM32CubeIDE/Application/STM32CubeIDE_1.15.1/STM32CubeIDE/plugins/com.st.stm32cube.ide.mcu.externaltools.gnu-tools-for-stm32.12.3.rel1.win32_1.0.100.202403111256/tools/bin/../lib/gcc/arm-none-eabi/12.3.1/../../../../arm-none-eabi/lib/thumb/v7e-m+fp/hard\libc_nano.a(libc_a-localeconv.o)
                0x08009ef0                _localeconv_r
 .text._close_r
                0x08009ef8       0x20 C:/D/Coding/STM32CubeIDE/Application/STM32CubeIDE_1.15.1/STM32CubeIDE/plugins/com.st.stm32cube.ide.mcu.externaltools.gnu-tools-for-stm32.12.3.rel1.win32_1.0.100.202403111256/tools/bin/../lib/gcc/arm-none-eabi/12.3.1/../../../../arm-none-eabi/lib/thumb/v7e-m+fp/hard\libc_nano.a(libc_a-closer.o)
                0x08009ef8                _close_r
 .text._lseek_r
                0x08009f18       0x24 C:/D/Coding/STM32CubeIDE/Application/STM32CubeIDE_1.15.1/STM32CubeIDE/plugins/com.st.stm32cube.ide.mcu.externaltools.gnu-tools-for-stm32.12.3.rel1.win32_1.0.100.202403111256/tools/bin/../lib/gcc/arm-none-eabi/12.3.1/../../../../arm-none-eabi/lib/thumb/v7e-m+fp/hard\libc_nano.a(libc_a-lseekr.o)
                0x08009f18                _lseek_r
 .text._read_r  0x08009f3c       0x24 C:/D/Coding/STM32CubeIDE/Application/STM32CubeIDE_1.15.1/STM32CubeIDE/plugins/com.st.stm32cube.ide.mcu.externaltools.gnu-tools-for-stm32.12.3.rel1.win32_1.0.100.202403111256/tools/bin/../lib/gcc/arm-none-eabi/12.3.1/../../../../arm-none-eabi/lib/thumb/v7e-m+fp/hard\libc_nano.a(libc_a-readr.o)
                0x08009f3c                _read_r
 .text._write_r
                0x08009f60       0x24 C:/D/Coding/STM32CubeIDE/Application/STM32CubeIDE_1.15.1/STM32CubeIDE/plugins/com.st.stm32cube.ide.mcu.externaltools.gnu-tools-for-stm32.12.3.rel1.win32_1.0.100.202403111256/tools/bin/../lib/gcc/arm-none-eabi/12.3.1/../../../../arm-none-eabi/lib/thumb/v7e-m+fp/hard\libc_nano.a(libc_a-writer.o)
                0x08009f60                _write_r
 .text.__errno  0x08009f84        0xc C:/D/Coding/STM32CubeIDE/Application/STM32CubeIDE_1.15.1/STM32CubeIDE/plugins/com.st.stm32cube.ide.mcu.externaltools.gnu-tools-for-stm32.12.3.rel1.win32_1.0.100.202403111256/tools/bin/../lib/gcc/arm-none-eabi/12.3.1/../../../../arm-none-eabi/lib/thumb/v7e-m+fp/hard\libc_nano.a(libc_a-errno.o)
                0x08009f84                __errno
 .text.__libc_init_array
                0x08009f90       0x48 C:/D/Coding/STM32CubeIDE/Application/STM32CubeIDE_1.15.1/STM32CubeIDE/plugins/com.st.stm32cube.ide.mcu.externaltools.gnu-tools-for-stm32.12.3.rel1.win32_1.0.100.202403111256/tools/bin/../lib/gcc/arm-none-eabi/12.3.1/../../../../arm-none-eabi/lib/thumb/v7e-m+fp/hard\libc_nano.a(libc_a-init.o)
                0x08009f90                __libc_init_array
 .text.__retarget_lock_init_recursive
                0x08009fd8        0x2 C:/D/Coding/STM32CubeIDE/Application/STM32CubeIDE_1.15.1/STM32CubeIDE/plugins/com.st.stm32cube.ide.mcu.externaltools.gnu-tools-for-stm32.12.3.rel1.win32_1.0.100.202403111256/tools/bin/../lib/gcc/arm-none-eabi/12.3.1/../../../../arm-none-eabi/lib/thumb/v7e-m+fp/hard\libc_nano.a(libc_a-lock.o)
                0x08009fd8                __retarget_lock_init_recursive
 .text.__retarget_lock_acquire_recursive
                0x08009fda        0x2 C:/D/Coding/STM32CubeIDE/Application/STM32CubeIDE_1.15.1/STM32CubeIDE/plugins/com.st.stm32cube.ide.mcu.externaltools.gnu-tools-for-stm32.12.3.rel1.win32_1.0.100.202403111256/tools/bin/../lib/gcc/arm-none-eabi/12.3.1/../../../../arm-none-eabi/lib/thumb/v7e-m+fp/hard\libc_nano.a(libc_a-lock.o)
                0x08009fda                __retarget_lock_acquire_recursive
 .text.__retarget_lock_release_recursive
                0x08009fdc        0x2 C:/D/Coding/STM32CubeIDE/Application/STM32CubeIDE_1.15.1/STM32CubeIDE/plugins/com.st.stm32cube.ide.mcu.externaltools.gnu-tools-for-stm32.12.3.rel1.win32_1.0.100.202403111256/tools/bin/../lib/gcc/arm-none-eabi/12.3.1/../../../../arm-none-eabi/lib/thumb/v7e-m+fp/hard\libc_nano.a(libc_a-lock.o)
                0x08009fdc                __retarget_lock_release_recursive
 .text.quorem   0x08009fde      0x110 C:/D/Coding/STM32CubeIDE/Application/STM32CubeIDE_1.15.1/STM32CubeIDE/plugins/com.st.stm32cube.ide.mcu.externaltools.gnu-tools-for-stm32.12.3.rel1.win32_1.0.100.202403111256/tools/bin/../lib/gcc/arm-none-eabi/12.3.1/../../../../arm-none-eabi/lib/thumb/v7e-m+fp/hard\libc_nano.a(libc_a-dtoa.o)
 *fill*         0x0800a0ee        0x2 
 .text._dtoa_r  0x0800a0f0      0xb88 C:/D/Coding/STM32CubeIDE/Application/STM32CubeIDE_1.15.1/STM32CubeIDE/plugins/com.st.stm32cube.ide.mcu.externaltools.gnu-tools-for-stm32.12.3.rel1.win32_1.0.100.202403111256/tools/bin/../lib/gcc/arm-none-eabi/12.3.1/../../../../arm-none-eabi/lib/thumb/v7e-m+fp/hard\libc_nano.a(libc_a-dtoa.o)
                0x0800a0f0                _dtoa_r
 .text._free_r  0x0800ac78       0x94 C:/D/Coding/STM32CubeIDE/Application/STM32CubeIDE_1.15.1/STM32CubeIDE/plugins/com.st.stm32cube.ide.mcu.externaltools.gnu-tools-for-stm32.12.3.rel1.win32_1.0.100.202403111256/tools/bin/../lib/gcc/arm-none-eabi/12.3.1/../../../../arm-none-eabi/lib/thumb/v7e-m+fp/hard\libc_nano.a(libc_a-freer.o)
                0x0800ac78                _free_r
 .text.malloc   0x0800ad0c       0x10 C:/D/Coding/STM32CubeIDE/Application/STM32CubeIDE_1.15.1/STM32CubeIDE/plugins/com.st.stm32cube.ide.mcu.externaltools.gnu-tools-for-stm32.12.3.rel1.win32_1.0.100.202403111256/tools/bin/../lib/gcc/arm-none-eabi/12.3.1/../../../../arm-none-eabi/lib/thumb/v7e-m+fp/hard\libc_nano.a(libc_a-malloc.o)
                0x0800ad0c                malloc
 .text.sbrk_aligned
                0x0800ad1c       0x44 C:/D/Coding/STM32CubeIDE/Application/STM32CubeIDE_1.15.1/STM32CubeIDE/plugins/com.st.stm32cube.ide.mcu.externaltools.gnu-tools-for-stm32.12.3.rel1.win32_1.0.100.202403111256/tools/bin/../lib/gcc/arm-none-eabi/12.3.1/../../../../arm-none-eabi/lib/thumb/v7e-m+fp/hard\libc_nano.a(libc_a-mallocr.o)
 .text._malloc_r
                0x0800ad60      0x100 C:/D/Coding/STM32CubeIDE/Application/STM32CubeIDE_1.15.1/STM32CubeIDE/plugins/com.st.stm32cube.ide.mcu.externaltools.gnu-tools-for-stm32.12.3.rel1.win32_1.0.100.202403111256/tools/bin/../lib/gcc/arm-none-eabi/12.3.1/../../../../arm-none-eabi/lib/thumb/v7e-m+fp/hard\libc_nano.a(libc_a-mallocr.o)
                0x0800ad60                _malloc_r
 .text.__malloc_lock
                0x0800ae60        0xc C:/D/Coding/STM32CubeIDE/Application/STM32CubeIDE_1.15.1/STM32CubeIDE/plugins/com.st.stm32cube.ide.mcu.externaltools.gnu-tools-for-stm32.12.3.rel1.win32_1.0.100.202403111256/tools/bin/../lib/gcc/arm-none-eabi/12.3.1/../../../../arm-none-eabi/lib/thumb/v7e-m+fp/hard\libc_nano.a(libc_a-mlock.o)
                0x0800ae60                __malloc_lock
 .text.__malloc_unlock
                0x0800ae6c        0xc C:/D/Coding/STM32CubeIDE/Application/STM32CubeIDE_1.15.1/STM32CubeIDE/plugins/com.st.stm32cube.ide.mcu.externaltools.gnu-tools-for-stm32.12.3.rel1.win32_1.0.100.202403111256/tools/bin/../lib/gcc/arm-none-eabi/12.3.1/../../../../arm-none-eabi/lib/thumb/v7e-m+fp/hard\libc_nano.a(libc_a-mlock.o)
                0x0800ae6c                __malloc_unlock
 .text._Balloc  0x0800ae78       0x80 C:/D/Coding/STM32CubeIDE/Application/STM32CubeIDE_1.15.1/STM32CubeIDE/plugins/com.st.stm32cube.ide.mcu.externaltools.gnu-tools-for-stm32.12.3.rel1.win32_1.0.100.202403111256/tools/bin/../lib/gcc/arm-none-eabi/12.3.1/../../../../arm-none-eabi/lib/thumb/v7e-m+fp/hard\libc_nano.a(libc_a-mprec.o)
                0x0800ae78                _Balloc
 .text._Bfree   0x0800aef8       0x44 C:/D/Coding/STM32CubeIDE/Application/STM32CubeIDE_1.15.1/STM32CubeIDE/plugins/com.st.stm32cube.ide.mcu.externaltools.gnu-tools-for-stm32.12.3.rel1.win32_1.0.100.202403111256/tools/bin/../lib/gcc/arm-none-eabi/12.3.1/../../../../arm-none-eabi/lib/thumb/v7e-m+fp/hard\libc_nano.a(libc_a-mprec.o)
                0x0800aef8                _Bfree
 .text.__multadd
                0x0800af3c       0x8c C:/D/Coding/STM32CubeIDE/Application/STM32CubeIDE_1.15.1/STM32CubeIDE/plugins/com.st.stm32cube.ide.mcu.externaltools.gnu-tools-for-stm32.12.3.rel1.win32_1.0.100.202403111256/tools/bin/../lib/gcc/arm-none-eabi/12.3.1/../../../../arm-none-eabi/lib/thumb/v7e-m+fp/hard\libc_nano.a(libc_a-mprec.o)
                0x0800af3c                __multadd
 .text.__hi0bits
                0x0800afc8       0x3e C:/D/Coding/STM32CubeIDE/Application/STM32CubeIDE_1.15.1/STM32CubeIDE/plugins/com.st.stm32cube.ide.mcu.externaltools.gnu-tools-for-stm32.12.3.rel1.win32_1.0.100.202403111256/tools/bin/../lib/gcc/arm-none-eabi/12.3.1/../../../../arm-none-eabi/lib/thumb/v7e-m+fp/hard\libc_nano.a(libc_a-mprec.o)
                0x0800afc8                __hi0bits
 .text.__lo0bits
                0x0800b006       0x5a C:/D/Coding/STM32CubeIDE/Application/STM32CubeIDE_1.15.1/STM32CubeIDE/plugins/com.st.stm32cube.ide.mcu.externaltools.gnu-tools-for-stm32.12.3.rel1.win32_1.0.100.202403111256/tools/bin/../lib/gcc/arm-none-eabi/12.3.1/../../../../arm-none-eabi/lib/thumb/v7e-m+fp/hard\libc_nano.a(libc_a-mprec.o)
                0x0800b006                __lo0bits
 .text.__i2b    0x0800b060       0x2c C:/D/Coding/STM32CubeIDE/Application/STM32CubeIDE_1.15.1/STM32CubeIDE/plugins/com.st.stm32cube.ide.mcu.externaltools.gnu-tools-for-stm32.12.3.rel1.win32_1.0.100.202403111256/tools/bin/../lib/gcc/arm-none-eabi/12.3.1/../../../../arm-none-eabi/lib/thumb/v7e-m+fp/hard\libc_nano.a(libc_a-mprec.o)
                0x0800b060                __i2b
 .text.__multiply
                0x0800b08c      0x154 C:/D/Coding/STM32CubeIDE/Application/STM32CubeIDE_1.15.1/STM32CubeIDE/plugins/com.st.stm32cube.ide.mcu.externaltools.gnu-tools-for-stm32.12.3.rel1.win32_1.0.100.202403111256/tools/bin/../lib/gcc/arm-none-eabi/12.3.1/../../../../arm-none-eabi/lib/thumb/v7e-m+fp/hard\libc_nano.a(libc_a-mprec.o)
                0x0800b08c                __multiply
 .text.__pow5mult
                0x0800b1e0       0xb4 C:/D/Coding/STM32CubeIDE/Application/STM32CubeIDE_1.15.1/STM32CubeIDE/plugins/com.st.stm32cube.ide.mcu.externaltools.gnu-tools-for-stm32.12.3.rel1.win32_1.0.100.202403111256/tools/bin/../lib/gcc/arm-none-eabi/12.3.1/../../../../arm-none-eabi/lib/thumb/v7e-m+fp/hard\libc_nano.a(libc_a-mprec.o)
                0x0800b1e0                __pow5mult
 .text.__lshift
                0x0800b294       0xd8 C:/D/Coding/STM32CubeIDE/Application/STM32CubeIDE_1.15.1/STM32CubeIDE/plugins/com.st.stm32cube.ide.mcu.externaltools.gnu-tools-for-stm32.12.3.rel1.win32_1.0.100.202403111256/tools/bin/../lib/gcc/arm-none-eabi/12.3.1/../../../../arm-none-eabi/lib/thumb/v7e-m+fp/hard\libc_nano.a(libc_a-mprec.o)
                0x0800b294                __lshift
 .text.__mcmp   0x0800b36c       0x36 C:/D/Coding/STM32CubeIDE/Application/STM32CubeIDE_1.15.1/STM32CubeIDE/plugins/com.st.stm32cube.ide.mcu.externaltools.gnu-tools-for-stm32.12.3.rel1.win32_1.0.100.202403111256/tools/bin/../lib/gcc/arm-none-eabi/12.3.1/../../../../arm-none-eabi/lib/thumb/v7e-m+fp/hard\libc_nano.a(libc_a-mprec.o)
                0x0800b36c                __mcmp
 *fill*         0x0800b3a2        0x2 
 .text.__mdiff  0x0800b3a4      0x128 C:/D/Coding/STM32CubeIDE/Application/STM32CubeIDE_1.15.1/STM32CubeIDE/plugins/com.st.stm32cube.ide.mcu.externaltools.gnu-tools-for-stm32.12.3.rel1.win32_1.0.100.202403111256/tools/bin/../lib/gcc/arm-none-eabi/12.3.1/../../../../arm-none-eabi/lib/thumb/v7e-m+fp/hard\libc_nano.a(libc_a-mprec.o)
                0x0800b3a4                __mdiff
 .text.__d2b    0x0800b4cc       0xb0 C:/D/Coding/STM32CubeIDE/Application/STM32CubeIDE_1.15.1/STM32CubeIDE/plugins/com.st.stm32cube.ide.mcu.externaltools.gnu-tools-for-stm32.12.3.rel1.win32_1.0.100.202403111256/tools/bin/../lib/gcc/arm-none-eabi/12.3.1/../../../../arm-none-eabi/lib/thumb/v7e-m+fp/hard\libc_nano.a(libc_a-mprec.o)
                0x0800b4cc                __d2b
 .text.__ssputs_r
                0x0800b57c       0xb6 C:/D/Coding/STM32CubeIDE/Application/STM32CubeIDE_1.15.1/STM32CubeIDE/plugins/com.st.stm32cube.ide.mcu.externaltools.gnu-tools-for-stm32.12.3.rel1.win32_1.0.100.202403111256/tools/bin/../lib/gcc/arm-none-eabi/12.3.1/../../../../arm-none-eabi/lib/thumb/v7e-m+fp/hard\libc_nano.a(libc_a-nano-svfprintf.o)
                0x0800b57c                __ssputs_r
 *fill*         0x0800b632        0x2 
 .text._svfprintf_r
                0x0800b634      0x1f8 C:/D/Coding/STM32CubeIDE/Application/STM32CubeIDE_1.15.1/STM32CubeIDE/plugins/com.st.stm32cube.ide.mcu.externaltools.gnu-tools-for-stm32.12.3.rel1.win32_1.0.100.202403111256/tools/bin/../lib/gcc/arm-none-eabi/12.3.1/../../../../arm-none-eabi/lib/thumb/v7e-m+fp/hard\libc_nano.a(libc_a-nano-svfprintf.o)
                0x0800b634                _svfiprintf_r
                0x0800b634                _svfprintf_r
 .text.__sflush_r
                0x0800b82c      0x108 C:/D/Coding/STM32CubeIDE/Application/STM32CubeIDE_1.15.1/STM32CubeIDE/plugins/com.st.stm32cube.ide.mcu.externaltools.gnu-tools-for-stm32.12.3.rel1.win32_1.0.100.202403111256/tools/bin/../lib/gcc/arm-none-eabi/12.3.1/../../../../arm-none-eabi/lib/thumb/v7e-m+fp/hard\libc_nano.a(libc_a-fflush.o)
                0x0800b82c                __sflush_r
 .text._fflush_r
                0x0800b934       0x50 C:/D/Coding/STM32CubeIDE/Application/STM32CubeIDE_1.15.1/STM32CubeIDE/plugins/com.st.stm32cube.ide.mcu.externaltools.gnu-tools-for-stm32.12.3.rel1.win32_1.0.100.202403111256/tools/bin/../lib/gcc/arm-none-eabi/12.3.1/../../../../arm-none-eabi/lib/thumb/v7e-m+fp/hard\libc_nano.a(libc_a-fflush.o)
                0x0800b934                _fflush_r
 .text.memmove  0x0800b984       0x34 C:/D/Coding/STM32CubeIDE/Application/STM32CubeIDE_1.15.1/STM32CubeIDE/plugins/com.st.stm32cube.ide.mcu.externaltools.gnu-tools-for-stm32.12.3.rel1.win32_1.0.100.202403111256/tools/bin/../lib/gcc/arm-none-eabi/12.3.1/../../../../arm-none-eabi/lib/thumb/v7e-m+fp/hard\libc_nano.a(libc_a-memmove.o)
                0x0800b984                memmove
 .text._sbrk_r  0x0800b9b8       0x20 C:/D/Coding/STM32CubeIDE/Application/STM32CubeIDE_1.15.1/STM32CubeIDE/plugins/com.st.stm32cube.ide.mcu.externaltools.gnu-tools-for-stm32.12.3.rel1.win32_1.0.100.202403111256/tools/bin/../lib/gcc/arm-none-eabi/12.3.1/../../../../arm-none-eabi/lib/thumb/v7e-m+fp/hard\libc_nano.a(libc_a-sbrkr.o)
                0x0800b9b8                _sbrk_r
 .text.memcpy   0x0800b9d8       0x1c C:/D/Coding/STM32CubeIDE/Application/STM32CubeIDE_1.15.1/STM32CubeIDE/plugins/com.st.stm32cube.ide.mcu.externaltools.gnu-tools-for-stm32.12.3.rel1.win32_1.0.100.202403111256/tools/bin/../lib/gcc/arm-none-eabi/12.3.1/../../../../arm-none-eabi/lib/thumb/v7e-m+fp/hard\libc_nano.a(libc_a-memcpy-stub.o)
                0x0800b9d8                memcpy
 .text.__assert_func
                0x0800b9f4       0x3c C:/D/Coding/STM32CubeIDE/Application/STM32CubeIDE_1.15.1/STM32CubeIDE/plugins/com.st.stm32cube.ide.mcu.externaltools.gnu-tools-for-stm32.12.3.rel1.win32_1.0.100.202403111256/tools/bin/../lib/gcc/arm-none-eabi/12.3.1/../../../../arm-none-eabi/lib/thumb/v7e-m+fp/hard\libc_nano.a(libc_a-assert.o)
                0x0800b9f4                __assert_func
 .text._calloc_r
                0x0800ba30       0x28 C:/D/Coding/STM32CubeIDE/Application/STM32CubeIDE_1.15.1/STM32CubeIDE/plugins/com.st.stm32cube.ide.mcu.externaltools.gnu-tools-for-stm32.12.3.rel1.win32_1.0.100.202403111256/tools/bin/../lib/gcc/arm-none-eabi/12.3.1/../../../../arm-none-eabi/lib/thumb/v7e-m+fp/hard\libc_nano.a(libc_a-callocr.o)
                0x0800ba30                _calloc_r
 .text.__ascii_mbtowc
                0x0800ba58       0x24 C:/D/Coding/STM32CubeIDE/Application/STM32CubeIDE_1.15.1/STM32CubeIDE/plugins/com.st.stm32cube.ide.mcu.externaltools.gnu-tools-for-stm32.12.3.rel1.win32_1.0.100.202403111256/tools/bin/../lib/gcc/arm-none-eabi/12.3.1/../../../../arm-none-eabi/lib/thumb/v7e-m+fp/hard\libc_nano.a(libc_a-mbtowc_r.o)
                0x0800ba58                __ascii_mbtowc
 .text._realloc_r
                0x0800ba7c       0x5c C:/D/Coding/STM32CubeIDE/Application/STM32CubeIDE_1.15.1/STM32CubeIDE/plugins/com.st.stm32cube.ide.mcu.externaltools.gnu-tools-for-stm32.12.3.rel1.win32_1.0.100.202403111256/tools/bin/../lib/gcc/arm-none-eabi/12.3.1/../../../../arm-none-eabi/lib/thumb/v7e-m+fp/hard\libc_nano.a(libc_a-reallocr.o)
                0x0800ba7c                _realloc_r
 .text.__ascii_wctomb
                0x0800bad8       0x1a C:/D/Coding/STM32CubeIDE/Application/STM32CubeIDE_1.15.1/STM32CubeIDE/plugins/com.st.stm32cube.ide.mcu.externaltools.gnu-tools-for-stm32.12.3.rel1.win32_1.0.100.202403111256/tools/bin/../lib/gcc/arm-none-eabi/12.3.1/../../../../arm-none-eabi/lib/thumb/v7e-m+fp/hard\libc_nano.a(libc_a-wctomb_r.o)
                0x0800bad8                __ascii_wctomb
 *fill*         0x0800baf2        0x2 
 .text.fprintf  0x0800baf4       0x24 C:/D/Coding/STM32CubeIDE/Application/STM32CubeIDE_1.15.1/STM32CubeIDE/plugins/com.st.stm32cube.ide.mcu.externaltools.gnu-tools-for-stm32.12.3.rel1.win32_1.0.100.202403111256/tools/bin/../lib/gcc/arm-none-eabi/12.3.1/../../../../arm-none-eabi/lib/thumb/v7e-m+fp/hard\libc_nano.a(libc_a-fprintf.o)
                0x0800baf4                fiprintf
                0x0800baf4                fprintf
 .text.abort    0x0800bb18        0xe C:/D/Coding/STM32CubeIDE/Application/STM32CubeIDE_1.15.1/STM32CubeIDE/plugins/com.st.stm32cube.ide.mcu.externaltools.gnu-tools-for-stm32.12.3.rel1.win32_1.0.100.202403111256/tools/bin/../lib/gcc/arm-none-eabi/12.3.1/../../../../arm-none-eabi/lib/thumb/v7e-m+fp/hard\libc_nano.a(libc_a-abort.o)
                0x0800bb18                abort
 .text._malloc_usable_size_r
                0x0800bb26       0x10 C:/D/Coding/STM32CubeIDE/Application/STM32CubeIDE_1.15.1/STM32CubeIDE/plugins/com.st.stm32cube.ide.mcu.externaltools.gnu-tools-for-stm32.12.3.rel1.win32_1.0.100.202403111256/tools/bin/../lib/gcc/arm-none-eabi/12.3.1/../../../../arm-none-eabi/lib/thumb/v7e-m+fp/hard\libc_nano.a(libc_a-msizer.o)
                0x0800bb26                _malloc_usable_size_r
 .text.__sfputc_r
                0x0800bb36       0x2e C:/D/Coding/STM32CubeIDE/Application/STM32CubeIDE_1.15.1/STM32CubeIDE/plugins/com.st.stm32cube.ide.mcu.externaltools.gnu-tools-for-stm32.12.3.rel1.win32_1.0.100.202403111256/tools/bin/../lib/gcc/arm-none-eabi/12.3.1/../../../../arm-none-eabi/lib/thumb/v7e-m+fp/hard\libc_nano.a(libc_a-nano-vfprintf.o)
 .text.__sfputs_r
                0x0800bb64       0x24 C:/D/Coding/STM32CubeIDE/Application/STM32CubeIDE_1.15.1/STM32CubeIDE/plugins/com.st.stm32cube.ide.mcu.externaltools.gnu-tools-for-stm32.12.3.rel1.win32_1.0.100.202403111256/tools/bin/../lib/gcc/arm-none-eabi/12.3.1/../../../../arm-none-eabi/lib/thumb/v7e-m+fp/hard\libc_nano.a(libc_a-nano-vfprintf.o)
                0x0800bb64                __sfputs_r
 .text._vfprintf_r
                0x0800bb88      0x230 C:/D/Coding/STM32CubeIDE/Application/STM32CubeIDE_1.15.1/STM32CubeIDE/plugins/com.st.stm32cube.ide.mcu.externaltools.gnu-tools-for-stm32.12.3.rel1.win32_1.0.100.202403111256/tools/bin/../lib/gcc/arm-none-eabi/12.3.1/../../../../arm-none-eabi/lib/thumb/v7e-m+fp/hard\libc_nano.a(libc_a-nano-vfprintf.o)
                0x0800bb88                _vfprintf_r
                0x0800bb88                _vfiprintf_r
 .text.__swbuf_r
                0x0800bdb8       0x7c C:/D/Coding/STM32CubeIDE/Application/STM32CubeIDE_1.15.1/STM32CubeIDE/plugins/com.st.stm32cube.ide.mcu.externaltools.gnu-tools-for-stm32.12.3.rel1.win32_1.0.100.202403111256/tools/bin/../lib/gcc/arm-none-eabi/12.3.1/../../../../arm-none-eabi/lib/thumb/v7e-m+fp/hard\libc_nano.a(libc_a-wbuf.o)
                0x0800bdb8                __swbuf_r
 .text.__swsetup_r
                0x0800be34       0xac C:/D/Coding/STM32CubeIDE/Application/STM32CubeIDE_1.15.1/STM32CubeIDE/plugins/com.st.stm32cube.ide.mcu.externaltools.gnu-tools-for-stm32.12.3.rel1.win32_1.0.100.202403111256/tools/bin/../lib/gcc/arm-none-eabi/12.3.1/../../../../arm-none-eabi/lib/thumb/v7e-m+fp/hard\libc_nano.a(libc_a-wsetup.o)
                0x0800be34                __swsetup_r
 .text._raise_r
                0x0800bee0       0x50 C:/D/Coding/STM32CubeIDE/Application/STM32CubeIDE_1.15.1/STM32CubeIDE/plugins/com.st.stm32cube.ide.mcu.externaltools.gnu-tools-for-stm32.12.3.rel1.win32_1.0.100.202403111256/tools/bin/../lib/gcc/arm-none-eabi/12.3.1/../../../../arm-none-eabi/lib/thumb/v7e-m+fp/hard\libc_nano.a(libc_a-signal.o)
                0x0800bee0                _raise_r
 .text.raise    0x0800bf30       0x10 C:/D/Coding/STM32CubeIDE/Application/STM32CubeIDE_1.15.1/STM32CubeIDE/plugins/com.st.stm32cube.ide.mcu.externaltools.gnu-tools-for-stm32.12.3.rel1.win32_1.0.100.202403111256/tools/bin/../lib/gcc/arm-none-eabi/12.3.1/../../../../arm-none-eabi/lib/thumb/v7e-m+fp/hard\libc_nano.a(libc_a-signal.o)
                0x0800bf30                raise
 .text._kill_r  0x0800bf40       0x24 C:/D/Coding/STM32CubeIDE/Application/STM32CubeIDE_1.15.1/STM32CubeIDE/plugins/com.st.stm32cube.ide.mcu.externaltools.gnu-tools-for-stm32.12.3.rel1.win32_1.0.100.202403111256/tools/bin/../lib/gcc/arm-none-eabi/12.3.1/../../../../arm-none-eabi/lib/thumb/v7e-m+fp/hard\libc_nano.a(libc_a-signalr.o)
                0x0800bf40                _kill_r
 .text._getpid_r
                0x0800bf64        0x4 C:/D/Coding/STM32CubeIDE/Application/STM32CubeIDE_1.15.1/STM32CubeIDE/plugins/com.st.stm32cube.ide.mcu.externaltools.gnu-tools-for-stm32.12.3.rel1.win32_1.0.100.202403111256/tools/bin/../lib/gcc/arm-none-eabi/12.3.1/../../../../arm-none-eabi/lib/thumb/v7e-m+fp/hard\libc_nano.a(libc_a-signalr.o)
                0x0800bf64                _getpid_r
 .text.__swhatbuf_r
                0x0800bf68       0x4c C:/D/Coding/STM32CubeIDE/Application/STM32CubeIDE_1.15.1/STM32CubeIDE/plugins/com.st.stm32cube.ide.mcu.externaltools.gnu-tools-for-stm32.12.3.rel1.win32_1.0.100.202403111256/tools/bin/../lib/gcc/arm-none-eabi/12.3.1/../../../../arm-none-eabi/lib/thumb/v7e-m+fp/hard\libc_nano.a(libc_a-makebuf.o)
                0x0800bf68                __swhatbuf_r
 .text.__smakebuf_r
                0x0800bfb4       0x78 C:/D/Coding/STM32CubeIDE/Application/STM32CubeIDE_1.15.1/STM32CubeIDE/plugins/com.st.stm32cube.ide.mcu.externaltools.gnu-tools-for-stm32.12.3.rel1.win32_1.0.100.202403111256/tools/bin/../lib/gcc/arm-none-eabi/12.3.1/../../../../arm-none-eabi/lib/thumb/v7e-m+fp/hard\libc_nano.a(libc_a-makebuf.o)
                0x0800bfb4                __smakebuf_r
 .text._fstat_r
                0x0800c02c       0x24 C:/D/Coding/STM32CubeIDE/Application/STM32CubeIDE_1.15.1/STM32CubeIDE/plugins/com.st.stm32cube.ide.mcu.externaltools.gnu-tools-for-stm32.12.3.rel1.win32_1.0.100.202403111256/tools/bin/../lib/gcc/arm-none-eabi/12.3.1/../../../../arm-none-eabi/lib/thumb/v7e-m+fp/hard\libc_nano.a(libc_a-fstatr.o)
                0x0800c02c                _fstat_r
 .text._isatty_r
                0x0800c050       0x20 C:/D/Coding/STM32CubeIDE/Application/STM32CubeIDE_1.15.1/STM32CubeIDE/plugins/com.st.stm32cube.ide.mcu.externaltools.gnu-tools-for-stm32.12.3.rel1.win32_1.0.100.202403111256/tools/bin/../lib/gcc/arm-none-eabi/12.3.1/../../../../arm-none-eabi/lib/thumb/v7e-m+fp/hard\libc_nano.a(libc_a-isattyr.o)
                0x0800c050                _isatty_r
 *(.glue_7)
 .glue_7        0x0800c070        0x0 linker stubs
 *(.glue_7t)
 .glue_7t       0x0800c070        0x0 linker stubs
 *(.eh_frame)
 .eh_frame      0x0800c070        0x0 C:/D/Coding/STM32CubeIDE/Application/STM32CubeIDE_1.15.1/STM32CubeIDE/plugins/com.st.stm32cube.ide.mcu.externaltools.gnu-tools-for-stm32.12.3.rel1.win32_1.0.100.202403111256/tools/bin/../lib/gcc/arm-none-eabi/12.3.1/thumb/v7e-m+fp/hard/crtbegin.o
 *(.init)
 .init          0x0800c070        0x4 C:/D/Coding/STM32CubeIDE/Application/STM32CubeIDE_1.15.1/STM32CubeIDE/plugins/com.st.stm32cube.ide.mcu.externaltools.gnu-tools-for-stm32.12.3.rel1.win32_1.0.100.202403111256/tools/bin/../lib/gcc/arm-none-eabi/12.3.1/thumb/v7e-m+fp/hard/crti.o
                0x0800c070                _init
 .init          0x0800c074        0x8 C:/D/Coding/STM32CubeIDE/Application/STM32CubeIDE_1.15.1/STM32CubeIDE/plugins/com.st.stm32cube.ide.mcu.externaltools.gnu-tools-for-stm32.12.3.rel1.win32_1.0.100.202403111256/tools/bin/../lib/gcc/arm-none-eabi/12.3.1/thumb/v7e-m+fp/hard/crtn.o
 *(.fini)
 .fini          0x0800c07c        0x4 C:/D/Coding/STM32CubeIDE/Application/STM32CubeIDE_1.15.1/STM32CubeIDE/plugins/com.st.stm32cube.ide.mcu.externaltools.gnu-tools-for-stm32.12.3.rel1.win32_1.0.100.202403111256/tools/bin/../lib/gcc/arm-none-eabi/12.3.1/thumb/v7e-m+fp/hard/crti.o
                0x0800c07c                _fini
 .fini          0x0800c080        0x8 C:/D/Coding/STM32CubeIDE/Application/STM32CubeIDE_1.15.1/STM32CubeIDE/plugins/com.st.stm32cube.ide.mcu.externaltools.gnu-tools-for-stm32.12.3.rel1.win32_1.0.100.202403111256/tools/bin/../lib/gcc/arm-none-eabi/12.3.1/thumb/v7e-m+fp/hard/crtn.o
                0x0800c088                        . = ALIGN (0x4)
                0x0800c088                        _etext = .

.vfp11_veneer   0x0800c088        0x0
 .vfp11_veneer  0x0800c088        0x0 linker stubs

.v4_bx          0x0800c088        0x0
 .v4_bx         0x0800c088        0x0 linker stubs

.iplt           0x0800c088        0x0
 .iplt          0x0800c088        0x0 C:/D/Coding/STM32CubeIDE/Application/STM32CubeIDE_1.15.1/STM32CubeIDE/plugins/com.st.stm32cube.ide.mcu.externaltools.gnu-tools-for-stm32.12.3.rel1.win32_1.0.100.202403111256/tools/bin/../lib/gcc/arm-none-eabi/12.3.1/thumb/v7e-m+fp/hard/crtbegin.o

.rodata         0x0800c088     0x3458
                0x0800c088                        . = ALIGN (0x4)
 *(.rodata)
 .rodata        0x0800c088        0xf ./Core/Src/ds3231.o
 *fill*         0x0800c097        0x1 
 .rodata        0x0800c098      0x121 ./Core/Src/main.o
 *fill*         0x0800c1b9        0x3 
 .rodata        0x0800c1bc       0x12 ./Core/Src/uart.o
 *(.rodata*)
 *fill*         0x0800c1ce        0x2 
 .rodata.ascii_1608
                0x0800c1d0      0x5f0 ./Core/Src/lcd.o
                0x0800c1d0                ascii_1608
 .rodata.ascii_2412
                0x0800c7c0     0x11d0 ./Core/Src/lcd.o
                0x0800c7c0                ascii_2412
 .rodata.ascii_3216
                0x0800d990     0x17c0 ./Core/Src/lcd.o
                0x0800d990                ascii_3216
 .rodata.AHBPrescTable
                0x0800f150       0x10 ./Core/Src/system_stm32f4xx.o
                0x0800f150                AHBPrescTable
 .rodata.APBPrescTable
                0x0800f160        0x8 ./Core/Src/system_stm32f4xx.o
                0x0800f160                APBPrescTable
 .rodata.flagBitshiftOffset.0
                0x0800f168        0x8 ./Drivers/STM32F4xx_HAL_Driver/Src/stm32f4xx_hal_dma.o
 .rodata._printf_float.str1.1
                0x0800f170       0x12 C:/D/Coding/STM32CubeIDE/Application/STM32CubeIDE_1.15.1/STM32CubeIDE/plugins/com.st.stm32cube.ide.mcu.externaltools.gnu-tools-for-stm32.12.3.rel1.win32_1.0.100.202403111256/tools/bin/../lib/gcc/arm-none-eabi/12.3.1/../../../../arm-none-eabi/lib/thumb/v7e-m+fp/hard\libc_nano.a(libc_a-nano-vfprintf_float.o)
 .rodata._printf_i.str1.1
                0x0800f182       0x22 C:/D/Coding/STM32CubeIDE/Application/STM32CubeIDE_1.15.1/STM32CubeIDE/plugins/com.st.stm32cube.ide.mcu.externaltools.gnu-tools-for-stm32.12.3.rel1.win32_1.0.100.202403111256/tools/bin/../lib/gcc/arm-none-eabi/12.3.1/../../../../arm-none-eabi/lib/thumb/v7e-m+fp/hard\libc_nano.a(libc_a-nano-vfprintf_i.o)
 .rodata._dtoa_r.str1.1
                0x0800f1a4       0x8d C:/D/Coding/STM32CubeIDE/Application/STM32CubeIDE_1.15.1/STM32CubeIDE/plugins/com.st.stm32cube.ide.mcu.externaltools.gnu-tools-for-stm32.12.3.rel1.win32_1.0.100.202403111256/tools/bin/../lib/gcc/arm-none-eabi/12.3.1/../../../../arm-none-eabi/lib/thumb/v7e-m+fp/hard\libc_nano.a(libc_a-dtoa.o)
                                 0x8f (size before relaxing)
 .rodata._Balloc.str1.1
                0x0800f231       0x59 C:/D/Coding/STM32CubeIDE/Application/STM32CubeIDE_1.15.1/STM32CubeIDE/plugins/com.st.stm32cube.ide.mcu.externaltools.gnu-tools-for-stm32.12.3.rel1.win32_1.0.100.202403111256/tools/bin/../lib/gcc/arm-none-eabi/12.3.1/../../../../arm-none-eabi/lib/thumb/v7e-m+fp/hard\libc_nano.a(libc_a-mprec.o)
                                 0x70 (size before relaxing)
 .rodata.__multadd.str1.1
                0x0800f28a       0x11 C:/D/Coding/STM32CubeIDE/Application/STM32CubeIDE_1.15.1/STM32CubeIDE/plugins/com.st.stm32cube.ide.mcu.externaltools.gnu-tools-for-stm32.12.3.rel1.win32_1.0.100.202403111256/tools/bin/../lib/gcc/arm-none-eabi/12.3.1/../../../../arm-none-eabi/lib/thumb/v7e-m+fp/hard\libc_nano.a(libc_a-mprec.o)
 *fill*         0x0800f28a        0x2 
 .rodata.p05.0  0x0800f28c        0xc C:/D/Coding/STM32CubeIDE/Application/STM32CubeIDE_1.15.1/STM32CubeIDE/plugins/com.st.stm32cube.ide.mcu.externaltools.gnu-tools-for-stm32.12.3.rel1.win32_1.0.100.202403111256/tools/bin/../lib/gcc/arm-none-eabi/12.3.1/../../../../arm-none-eabi/lib/thumb/v7e-m+fp/hard\libc_nano.a(libc_a-mprec.o)
 .rodata.__mprec_bigtens
                0x0800f298       0x28 C:/D/Coding/STM32CubeIDE/Application/STM32CubeIDE_1.15.1/STM32CubeIDE/plugins/com.st.stm32cube.ide.mcu.externaltools.gnu-tools-for-stm32.12.3.rel1.win32_1.0.100.202403111256/tools/bin/../lib/gcc/arm-none-eabi/12.3.1/../../../../arm-none-eabi/lib/thumb/v7e-m+fp/hard\libc_nano.a(libc_a-mprec.o)
                0x0800f298                __mprec_bigtens
 .rodata.__mprec_tens
                0x0800f2c0       0xc8 C:/D/Coding/STM32CubeIDE/Application/STM32CubeIDE_1.15.1/STM32CubeIDE/plugins/com.st.stm32cube.ide.mcu.externaltools.gnu-tools-for-stm32.12.3.rel1.win32_1.0.100.202403111256/tools/bin/../lib/gcc/arm-none-eabi/12.3.1/../../../../arm-none-eabi/lib/thumb/v7e-m+fp/hard\libc_nano.a(libc_a-mprec.o)
                0x0800f2c0                __mprec_tens
 .rodata._svfprintf_r.str1.1
                0x0800f388       0x11 C:/D/Coding/STM32CubeIDE/Application/STM32CubeIDE_1.15.1/STM32CubeIDE/plugins/com.st.stm32cube.ide.mcu.externaltools.gnu-tools-for-stm32.12.3.rel1.win32_1.0.100.202403111256/tools/bin/../lib/gcc/arm-none-eabi/12.3.1/../../../../arm-none-eabi/lib/thumb/v7e-m+fp/hard\libc_nano.a(libc_a-nano-svfprintf.o)
 .rodata._setlocale_r.str1.1
                0x0800f399        0x8 C:/D/Coding/STM32CubeIDE/Application/STM32CubeIDE_1.15.1/STM32CubeIDE/plugins/com.st.stm32cube.ide.mcu.externaltools.gnu-tools-for-stm32.12.3.rel1.win32_1.0.100.202403111256/tools/bin/../lib/gcc/arm-none-eabi/12.3.1/../../../../arm-none-eabi/lib/thumb/v7e-m+fp/hard\libc_nano.a(libc_a-locale.o)
                                  0x9 (size before relaxing)
 .rodata.str1.1
                0x0800f3a1        0x2 C:/D/Coding/STM32CubeIDE/Application/STM32CubeIDE_1.15.1/STM32CubeIDE/plugins/com.st.stm32cube.ide.mcu.externaltools.gnu-tools-for-stm32.12.3.rel1.win32_1.0.100.202403111256/tools/bin/../lib/gcc/arm-none-eabi/12.3.1/../../../../arm-none-eabi/lib/thumb/v7e-m+fp/hard\libc_nano.a(libc_a-locale.o)
 .rodata.__assert_func.str1.1
                0x0800f3a3       0x3c C:/D/Coding/STM32CubeIDE/Application/STM32CubeIDE_1.15.1/STM32CubeIDE/plugins/com.st.stm32cube.ide.mcu.externaltools.gnu-tools-for-stm32.12.3.rel1.win32_1.0.100.202403111256/tools/bin/../lib/gcc/arm-none-eabi/12.3.1/../../../../arm-none-eabi/lib/thumb/v7e-m+fp/hard\libc_nano.a(libc_a-assert.o)
                                 0x3d (size before relaxing)
 .rodata._ctype_
                0x0800f3df      0x101 C:/D/Coding/STM32CubeIDE/Application/STM32CubeIDE_1.15.1/STM32CubeIDE/plugins/com.st.stm32cube.ide.mcu.externaltools.gnu-tools-for-stm32.12.3.rel1.win32_1.0.100.202403111256/tools/bin/../lib/gcc/arm-none-eabi/12.3.1/../../../../arm-none-eabi/lib/thumb/v7e-m+fp/hard\libc_nano.a(libc_a-ctype_.o)
                0x0800f3df                _ctype_
 .rodata._vfprintf_r.str1.1
                0x0800f4e0       0x11 C:/D/Coding/STM32CubeIDE/Application/STM32CubeIDE_1.15.1/STM32CubeIDE/plugins/com.st.stm32cube.ide.mcu.externaltools.gnu-tools-for-stm32.12.3.rel1.win32_1.0.100.202403111256/tools/bin/../lib/gcc/arm-none-eabi/12.3.1/../../../../arm-none-eabi/lib/thumb/v7e-m+fp/hard\libc_nano.a(libc_a-nano-vfprintf.o)
                0x0800f4f4                        . = ALIGN (0x4)

.ARM.extab      0x0800f4e0        0x0
                0x0800f4e0                        . = ALIGN (0x4)
 *(.ARM.extab* .gnu.linkonce.armextab.*)
                0x0800f4e0                        . = ALIGN (0x4)

.ARM            0x0800f4e0        0x8
                0x0800f4e0                        . = ALIGN (0x4)
                0x0800f4e0                        __exidx_start = .
 *(.ARM.exidx*)
 .ARM.exidx     0x0800f4e0        0x8 C:/D/Coding/STM32CubeIDE/Application/STM32CubeIDE_1.15.1/STM32CubeIDE/plugins/com.st.stm32cube.ide.mcu.externaltools.gnu-tools-for-stm32.12.3.rel1.win32_1.0.100.202403111256/tools/bin/../lib/gcc/arm-none-eabi/12.3.1/../../../../arm-none-eabi/lib/thumb/v7e-m+fp/hard\libc_nano.a(libc_a-memchr.o)
 .ARM.exidx     0x0800f4e8        0x0 C:/D/Coding/STM32CubeIDE/Application/STM32CubeIDE_1.15.1/STM32CubeIDE/plugins/com.st.stm32cube.ide.mcu.externaltools.gnu-tools-for-stm32.12.3.rel1.win32_1.0.100.202403111256/tools/bin/../lib/gcc/arm-none-eabi/12.3.1/../../../../arm-none-eabi/lib/thumb/v7e-m+fp/hard\libc_nano.a(libc_a-strlen.o)
                                  0x8 (size before relaxing)
 .ARM.exidx     0x0800f4e8        0x0 C:/D/Coding/STM32CubeIDE/Application/STM32CubeIDE_1.15.1/STM32CubeIDE/plugins/com.st.stm32cube.ide.mcu.externaltools.gnu-tools-for-stm32.12.3.rel1.win32_1.0.100.202403111256/tools/bin/../lib/gcc/arm-none-eabi/12.3.1/thumb/v7e-m+fp/hard\libgcc.a(_udivmoddi4.o)
                                  0x8 (size before relaxing)
                0x0800f4e8                        __exidx_end = .
                0x0800f4e8                        . = ALIGN (0x4)

.rel.dyn        0x0800f4e8        0x0
 .rel.iplt      0x0800f4e8        0x0 C:/D/Coding/STM32CubeIDE/Application/STM32CubeIDE_1.15.1/STM32CubeIDE/plugins/com.st.stm32cube.ide.mcu.externaltools.gnu-tools-for-stm32.12.3.rel1.win32_1.0.100.202403111256/tools/bin/../lib/gcc/arm-none-eabi/12.3.1/thumb/v7e-m+fp/hard/crtbegin.o

.preinit_array  0x0800f4e8        0x0
                0x0800f4e8                        . = ALIGN (0x4)
                0x0800f4e8                        PROVIDE (__preinit_array_start = .)
 *(.preinit_array*)
                0x0800f4e8                        PROVIDE (__preinit_array_end = .)
                0x0800f4e8                        . = ALIGN (0x4)

.init_array     0x0800f4e8        0x4
                0x0800f4e8                        . = ALIGN (0x4)
                0x0800f4e8                        PROVIDE (__init_array_start = .)
 *(SORT_BY_NAME(.init_array.*))
 *(.init_array*)
 .init_array    0x0800f4e8        0x4 C:/D/Coding/STM32CubeIDE/Application/STM32CubeIDE_1.15.1/STM32CubeIDE/plugins/com.st.stm32cube.ide.mcu.externaltools.gnu-tools-for-stm32.12.3.rel1.win32_1.0.100.202403111256/tools/bin/../lib/gcc/arm-none-eabi/12.3.1/thumb/v7e-m+fp/hard/crtbegin.o
                0x0800f4ec                        PROVIDE (__init_array_end = .)
                0x0800f4ec                        . = ALIGN (0x4)

.fini_array     0x0800f4ec        0x4
                0x0800f4ec                        . = ALIGN (0x4)
                [!provide]                        PROVIDE (__fini_array_start = .)
 *(SORT_BY_NAME(.fini_array.*))
 *(.fini_array*)
 .fini_array    0x0800f4ec        0x4 C:/D/Coding/STM32CubeIDE/Application/STM32CubeIDE_1.15.1/STM32CubeIDE/plugins/com.st.stm32cube.ide.mcu.externaltools.gnu-tools-for-stm32.12.3.rel1.win32_1.0.100.202403111256/tools/bin/../lib/gcc/arm-none-eabi/12.3.1/thumb/v7e-m+fp/hard/crtbegin.o
                [!provide]                        PROVIDE (__fini_array_end = .)
                0x0800f4f0                        . = ALIGN (0x4)
                0x0800f4f0                        _sidata = LOADADDR (.data)

.data           0x20000000      0x1e8 load address 0x0800f4f0
                0x20000000                        . = ALIGN (0x4)
                0x20000000                        _sdata = .
 *(.data)
 *(.data*)
 .data.led7seg  0x20000000        0x4 ./Core/Src/led_7seg.o
                0x20000000                led7seg
 .data.spi_buffer
                0x20000004        0x2 ./Core/Src/led_7seg.o
                0x20000004                spi_buffer
 .data.grid_split
                0x20000006        0x1 ./Core/Src/main.o
                0x20000006                grid_split
 *fill*         0x20000007        0x1 
 .data.time_range
                0x20000008        0x2 ./Core/Src/main.o
                0x20000008                time_range
 *fill*         0x2000000a        0x2 
 .data.max_power
                0x2000000c        0x4 ./Core/Src/main.o
                0x2000000c                max_power
 .data.display_adc_info
                0x20000010        0x1 ./Core/Src/main.o
                0x20000010                display_adc_info
 *fill*         0x20000011        0x3 
 .data.SystemCoreClock
                0x20000014        0x4 ./Core/Src/system_stm32f4xx.o
                0x20000014                SystemCoreClock
 .data.uwTickPrio
                0x20000018        0x4 ./Drivers/STM32F4xx_HAL_Driver/Src/stm32f4xx_hal.o
                0x20000018                uwTickPrio
 .data.uwTickFreq
                0x2000001c        0x1 ./Drivers/STM32F4xx_HAL_Driver/Src/stm32f4xx_hal.o
                0x2000001c                uwTickFreq
 *fill*         0x2000001d        0x3 
 .data.__sglue  0x20000020        0xc C:/D/Coding/STM32CubeIDE/Application/STM32CubeIDE_1.15.1/STM32CubeIDE/plugins/com.st.stm32cube.ide.mcu.externaltools.gnu-tools-for-stm32.12.3.rel1.win32_1.0.100.202403111256/tools/bin/../lib/gcc/arm-none-eabi/12.3.1/../../../../arm-none-eabi/lib/thumb/v7e-m+fp/hard\libc_nano.a(libc_a-findfp.o)
                0x20000020                __sglue
 .data._impure_ptr
                0x2000002c        0x4 C:/D/Coding/STM32CubeIDE/Application/STM32CubeIDE_1.15.1/STM32CubeIDE/plugins/com.st.stm32cube.ide.mcu.externaltools.gnu-tools-for-stm32.12.3.rel1.win32_1.0.100.202403111256/tools/bin/../lib/gcc/arm-none-eabi/12.3.1/../../../../arm-none-eabi/lib/thumb/v7e-m+fp/hard\libc_nano.a(libc_a-impure.o)
                0x2000002c                _impure_ptr
 .data._impure_data
                0x20000030       0x4c C:/D/Coding/STM32CubeIDE/Application/STM32CubeIDE_1.15.1/STM32CubeIDE/plugins/com.st.stm32cube.ide.mcu.externaltools.gnu-tools-for-stm32.12.3.rel1.win32_1.0.100.202403111256/tools/bin/../lib/gcc/arm-none-eabi/12.3.1/../../../../arm-none-eabi/lib/thumb/v7e-m+fp/hard\libc_nano.a(libc_a-impure.o)
                0x20000030                _impure_data
 .data.__global_locale
                0x2000007c      0x16c C:/D/Coding/STM32CubeIDE/Application/STM32CubeIDE_1.15.1/STM32CubeIDE/plugins/com.st.stm32cube.ide.mcu.externaltools.gnu-tools-for-stm32.12.3.rel1.win32_1.0.100.202403111256/tools/bin/../lib/gcc/arm-none-eabi/12.3.1/../../../../arm-none-eabi/lib/thumb/v7e-m+fp/hard\libc_nano.a(libc_a-locale.o)
                0x2000007c                __global_locale
 *(.RamFunc)
 *(.RamFunc*)
                0x200001e8                        . = ALIGN (0x4)