Archive member included to satisfy reference by file (symbol)

C:/D/Coding/STM32CubeIDE/Application/STM32CubeIDE_1.15.1/STM32CubeIDE/plugins/com.st.stm32cube.ide.mcu.externaltools.gnu-tools-for-stm32.12.3.rel1.win32_1.0.100.202403111256/tools/bin/../lib/gcc/arm-none-eabi/12.3.1/../../../../arm-none-eabi/lib/thumb/v7e-m+fp/hard\libc_nano.a(libc_a-exit.o)
                              C:/D/Coding/STM32CubeIDE/Application/STM32CubeIDE_1.15.1/STM32CubeIDE/plugins/com.st.stm32cube.ide.mcu.externaltools.gnu-tools-for-stm32.12.3.rel1.win32_1.0.100.202403111256/tools/bin/../lib/gcc/arm-none-eabi/12.3.1/../../../../arm-none-eabi/lib/thumb/v7e-m+fp/hard/crt0.o (exit)
C:/D/Coding/STM32CubeIDE/Application/STM32CubeIDE_1.15.1/STM32CubeIDE/plugins/com.st.stm32cube.ide.mcu.externaltools.gnu-tools-for-stm32.12.3.rel1.win32_1.0.100.202403111256/tools/bin/../lib/gcc/arm-none-eabi/12.3.1/../../../../arm-none-eabi/lib/thumb/v7e-m+fp/hard\libc_nano.a(libc_a-rand.o)
                              ./Core/Src/main.o (rand)
C:/D/Coding/STM32CubeIDE/Application/STM32CubeIDE_1.15.1/STM32CubeIDE/plugins/com.st.stm32cube.ide.mcu.externaltools.gnu-tools-for-stm32.12.3.rel1.win32_1.0.100.202403111256/tools/bin/../lib/gcc/arm-none-eabi/12.3.1/../../../../arm-none-eabi/lib/thumb/v7e-m+fp/hard\libc_nano.a(libc_a-findfp.o)
                              C:/D/Coding/STM32CubeIDE/Application/STM32CubeIDE_1.15.1/STM32CubeIDE/plugins/com.st.stm32cube.ide.mcu.externaltools.gnu-tools-for-stm32.12.3.rel1.win32_1.0.100.202403111256/tools/bin/../lib/gcc/arm-none-eabi/12.3.1/../../../../arm-none-eabi/lib/thumb/v7e-m+fp/hard\libc_nano.a(libc_a-exit.o) (__stdio_exit_handler)
C:/D/Coding/STM32CubeIDE/Application/STM32CubeIDE_1.15.1/STM32CubeIDE/plugins/com.st.stm32cube.ide.mcu.externaltools.gnu-tools-for-stm32.12.3.rel1.win32_1.0.100.202403111256/tools/bin/../lib/gcc/arm-none-eabi/12.3.1/../../../../arm-none-eabi/lib/thumb/v7e-m+fp/hard\libc_nano.a(libc_a-fwalk.o)
                              C:/D/Coding/STM32CubeIDE/Application/STM32CubeIDE_1.15.1/STM32CubeIDE/plugins/com.st.stm32cube.ide.mcu.externaltools.gnu-tools-for-stm32.12.3.rel1.win32_1.0.100.202403111256/tools/bin/../lib/gcc/arm-none-eabi/12.3.1/../../../../arm-none-eabi/lib/thumb/v7e-m+fp/hard\libc_nano.a(libc_a-findfp.o) (_fwalk_sglue)
C:/D/Coding/STM32CubeIDE/Application/STM32CubeIDE_1.15.1/STM32CubeIDE/plugins/com.st.stm32cube.ide.mcu.externaltools.gnu-tools-for-stm32.12.3.rel1.win32_1.0.100.202403111256/tools/bin/../lib/gcc/arm-none-eabi/12.3.1/../../../../arm-none-eabi/lib/thumb/v7e-m+fp/hard\libc_nano.a(libc_a-sprintf.o)
                              ./Core/Src/main.o (sprintf)
C:/D/Coding/STM32CubeIDE/Application/STM32CubeIDE_1.15.1/STM32CubeIDE/plugins/com.st.stm32cube.ide.mcu.externaltools.gnu-tools-for-stm32.12.3.rel1.win32_1.0.100.202403111256/tools/bin/../lib/gcc/arm-none-eabi/12.3.1/../../../../arm-none-eabi/lib/thumb/v7e-m+fp/hard\libc_nano.a(libc_a-stdio.o)
                              C:/D/Coding/STM32CubeIDE/Application/STM32CubeIDE_1.15.1/STM32CubeIDE/plugins/com.st.stm32cube.ide.mcu.externaltools.gnu-tools-for-stm32.12.3.rel1.win32_1.0.100.202403111256/tools/bin/../lib/gcc/arm-none-eabi/12.3.1/../../../../arm-none-eabi/lib/thumb/v7e-m+fp/hard\libc_nano.a(libc_a-findfp.o) (__sread)
C:/D/Coding/STM32CubeIDE/Application/STM32CubeIDE_1.15.1/STM32CubeIDE/plugins/com.st.stm32cube.ide.mcu.externaltools.gnu-tools-for-stm32.12.3.rel1.win32_1.0.100.202403111256/tools/bin/../lib/gcc/arm-none-eabi/12.3.1/../../../../arm-none-eabi/lib/thumb/v7e-m+fp/hard\libc_nano.a(libc_a-memset.o)
                              C:/D/Coding/STM32CubeIDE/Application/STM32CubeIDE_1.15.1/STM32CubeIDE/plugins/com.st.stm32cube.ide.mcu.externaltools.gnu-tools-for-stm32.12.3.rel1.win32_1.0.100.202403111256/tools/bin/../lib/gcc/arm-none-eabi/12.3.1/../../../../arm-none-eabi/lib/thumb/v7e-m+fp/hard/crt0.o (memset)
C:/D/Coding/STM32CubeIDE/Application/STM32CubeIDE_1.15.1/STM32CubeIDE/plugins/com.st.stm32cube.ide.mcu.externaltools.gnu-tools-for-stm32.12.3.rel1.win32_1.0.100.202403111256/tools/bin/../lib/gcc/arm-none-eabi/12.3.1/../../../../arm-none-eabi/lib/thumb/v7e-m+fp/hard\libc_nano.a(libc_a-closer.o)
                              C:/D/Coding/STM32CubeIDE/Application/STM32CubeIDE_1.15.1/STM32CubeIDE/plugins/com.st.stm32cube.ide.mcu.externaltools.gnu-tools-for-stm32.12.3.rel1.win32_1.0.100.202403111256/tools/bin/../lib/gcc/arm-none-eabi/12.3.1/../../../../arm-none-eabi/lib/thumb/v7e-m+fp/hard\libc_nano.a(libc_a-stdio.o) (_close_r)
C:/D/Coding/STM32CubeIDE/Application/STM32CubeIDE_1.15.1/STM32CubeIDE/plugins/com.st.stm32cube.ide.mcu.externaltools.gnu-tools-for-stm32.12.3.rel1.win32_1.0.100.202403111256/tools/bin/../lib/gcc/arm-none-eabi/12.3.1/../../../../arm-none-eabi/lib/thumb/v7e-m+fp/hard\libc_nano.a(libc_a-reent.o)
[...]
Memory Configuration

Name             Origin             Length             Attributes
CCMRAM           0x10000000         0x00010000         xrw
RAM              0x20000000         0x00020000         xrw
FLASH            0x08000000         0x00100000         xr
*default*        0x00000000         0xffffffff

Linker script and memory map

LOAD C:/D/Coding/STM32CubeIDE/Application/STM32CubeIDE_1.15.1/STM32CubeIDE/plugins/com.st.stm32cube.ide.mcu.externaltools.gnu-tools-for-stm32.12.3.rel1.win32_1.0.100.202403111256/tools/bin/../lib/gcc/arm-none-eabi/12.3.1/thumb/v7e-m+fp/hard/crti.o
LOAD C:/D/Coding/STM32CubeIDE/Application/STM32CubeIDE_1.15.1/STM32CubeIDE/plugins/com.st.stm32cube.ide.mcu.externaltools.gnu-tools-for-stm32.12.3.rel1.win32_1.0.100.202403111256/tools/bin/../lib/gcc/arm-none-eabi/12.3.1/thumb/v7e-m+fp/hard/crtbegin.o
LOAD C:/D/Coding/STM32CubeIDE/Application/STM32CubeIDE_1.15.1/STM32CubeIDE/plugins/com.st.stm32cube.ide.mcu.externaltools.gnu-tools-for-stm32.12.3.rel1.win32_1.0.100.202403111256/tools/bin/../lib/gcc/arm-none-eabi/12.3.1/../../../../arm-none-eabi/lib/thumb/v7e-m+fp/hard/crt0.o
LOAD ./Core/Src/adc.o
LOAD ./Core/Src/at24c.o
LOAD ./Core/Src/button.o
LOAD ./Core/Src/buzzer.o
LOAD ./Core/Src/dma.o
LOAD ./Core/Src/ds3231.o
LOAD ./Core/Src/fsmc.o
LOAD ./Core/Src/gpio.o
LOAD ./Core/Src/i2c.o
LOAD ./Core/Src/lcd.o
LOAD ./Core/Src/led_7seg.o
LOAD ./Core/Src/main.o
LOAD ./Core/Src/picture.o
LOAD ./Core/Src/sensor.o
LOAD ./Core/Src/software_timer.o
LOAD ./Core/Src/spi.o
LOAD ./Core/Src/stm32f4xx_hal_msp.o
LOAD ./Core/Src/stm32f4xx_it.o
LOAD ./Core/Src/syscalls.o
LOAD ./Core/Src/sysmem.o
LOAD ./Core/Src/system_stm32f4xx.o
LOAD ./Core/Src/tim.o
LOAD ./Core/Src/touch.o
LOAD ./Core/Src/uart.o
LOAD ./Core/Src/usart.o
LOAD ./Core/Src/utils.o
LOAD ./Core/Startup/startup_stm32f407zetx.o
LOAD ./Drivers/STM32F4xx_HAL_Driver/Src/stm32f4xx_hal.o
LOAD ./Drivers/STM32F4xx_HAL_Driver/Src/stm32f4xx_hal_adc.o
LOAD ./Drivers/STM32F4xx_HAL_Driver/Src/stm32f4xx_hal_adc_ex.o
LOAD ./Drivers/STM32F4xx_HAL_Driver/Src/stm32f4xx_hal_cortex.o
LOAD ./Drivers/STM32F4xx_HAL_Driver/Src/stm32f4xx_hal_dma.o
LOAD ./Drivers/STM32F4xx_HAL_Driver/Src/stm32f4xx_hal_dma_ex.o
LOAD ./Drivers/STM32F4xx_HAL_Driver/Src/stm32f4xx_hal_exti.o
LOAD ./Drivers/STM32F4xx_HAL_Driver/Src/stm32f4xx_hal_flash.o
LOAD ./Drivers/STM32F4xx_HAL_Driver/Src/stm32f4xx_hal_flash_ex.o
LOAD ./Drivers/STM32F4xx_HAL_Driver/Src/stm32f4xx_hal_flash_ramfunc.o
LOAD ./Drivers/STM32F4xx_HAL_Driver/Src/stm32f4xx_hal_gpio.o
LOAD ./Drivers/STM32F4xx_HAL_Driver/Src/stm32f4xx_hal_i2c.o
LOAD ./Drivers/STM32F4xx_HAL_Driver/Src/stm32f4xx_hal_i2c_ex.o
LOAD ./Drivers/STM32F4xx_HAL_Driver/Src/stm32f4xx_hal_pwr.o
LOAD ./Drivers/STM32F4xx_HAL_Driver/Src/stm32f4xx_hal_pwr_ex.o
LOAD ./Drivers/STM32F4xx_HAL_Driver/Src/stm32f4xx_hal_rcc.o
LOAD ./Drivers/STM32F4xx_HAL_Driver/Src/stm32f4xx_hal_rcc_ex.o
LOAD ./Drivers/STM32F4xx_HAL_Driver/Src/stm32f4xx_hal_spi.o
LOAD ./Drivers/STM32F4xx_HAL_Driver/Src/stm32f4xx_hal_sram.o
LOAD ./Drivers/STM32F4xx_HAL_Driver/Src/stm32f4xx_hal_tim.o
LOAD ./Drivers/STM32F4xx_HAL_Driver/Src/stm32f4xx_hal_tim_ex.o
LOAD ./Drivers/STM32F4xx_HAL_Driver/Src/stm32f4xx_hal_uart.o
LOAD ./Drivers/STM32F4xx_HAL_Driver/Src/stm32f4xx_ll_adc.o
LOAD ./Drivers/STM32F4xx_HAL_Driver/Src/stm32f4xx_ll_fsmc.o
START GROUP
LOAD C:/D/Coding/STM32CubeIDE/Application/STM32CubeIDE_1.15.1/STM32CubeIDE/plugins/com.st.stm32cube.ide.mcu.externaltools.gnu-tools-for-stm32.12.3.rel1.win32_1.0.100.202403111256/tools/bin/../lib/gcc/arm-none-eabi/12.3.1/../../../../arm-none-eabi/lib/thumb/v7e-m+fp/hard\libc_nano.a
LOAD C:/D/Coding/STM32CubeIDE/Application/STM32CubeIDE_1.15.1/STM32CubeIDE/plugins/com.st.stm32cube.ide.mcu.externaltools.gnu-tools-for-stm32.12.3.rel1.win32_1.0.100.202403111256/tools/bin/../lib/gcc/arm-none-eabi/12.3.1/../../../../arm-none-eabi/lib/thumb/v7e-m+fp/hard\libm.a
END GROUP
START GROUP
LOAD C:/D/Coding/STM32CubeIDE/Application/STM32CubeIDE_1.15.1/STM32CubeIDE/plugins/com.st.stm32cube.ide.mcu.externaltools.gnu-tools-for-stm32.12.3.rel1.win32_1.0.100.202403111256/tools/bin/../lib/gcc/arm-none-eabi/12.3.1/thumb/v7e-m+fp/hard\libgcc.a
LOAD C:/D/Coding/STM32CubeIDE/Application/STM32CubeIDE_1.15.1/STM32CubeIDE/plugins/com.st.stm32cube.ide.mcu.externaltools.gnu-tools-for-stm32.12.3.rel1.win32_1.0.100.202403111256/tools/bin/../lib/gcc/arm-none-eabi/12.3.1/../../../../arm-none-eabi/lib/thumb/v7e-m+fp/hard\libc_nano.a
END GROUP
START GROUP
LOAD C:/D/Coding/STM32CubeIDE/Application/STM32CubeIDE_1.15.1/STM32CubeIDE/plugins/com.st.stm32cube.ide.mcu.externaltools.gnu-tools-for-stm32.12.3.rel1.win32_1.0.100.202403111256/tools/bin/../lib/gcc/arm-none-eabi/12.3.1/thumb/v7e-m+fp/hard\libgcc.a
LOAD C:/D/Coding/STM32CubeIDE/Application/STM32CubeIDE_1.15.1/STM32CubeIDE/plugins/com.st.stm32cube.ide.mcu.externaltools.gnu-tools-for-stm32.12.3.rel1.win32_1.0.100.202403111256/tools/bin/../lib/gcc/arm-none-eabi/12.3.1/../../../../arm-none-eabi/lib/thumb/v7e-m+fp/hard\libc_nano.a
LOAD C:/D/Coding/STM32CubeIDE/Application/STM32CubeIDE_1.15.1/STM32CubeIDE/plugins/com.st.stm32cube.ide.mcu.externaltools.gnu-tools-for-stm32.12.3.rel1.win32_1.0.100.202403111256/tools/bin/../lib/gcc/arm-none-eabi/12.3.1/../../../../arm-none-eabi/lib/thumb/v7e-m+fp/hard\libnosys.a
END GROUP
START GROUP
LOAD C:/D/Coding/STM32CubeIDE/Application/STM32CubeIDE_1.15.1/STM32CubeIDE/plugins/com.st.stm32cube.ide.mcu.externaltools.gnu-tools-for-stm32.12.3.rel1.win32_1.0.100.202403111256/tools/bin/../lib/gcc/arm-none-eabi/12.3.1/thumb/v7e-m+fp/hard\libgcc.a
LOAD C:/D/Coding/STM32CubeIDE/Application/STM32CubeIDE_1.15.1/STM32CubeIDE/plugins/com.st.stm32cube.ide.mcu.externaltools.gnu-tools-for-stm32.12.3.rel1.win32_1.0.100.202403111256/tools/bin/../lib/gcc/arm-none-eabi/12.3.1/../../../../arm-none-eabi/lib/thumb/v7e-m+fp/hard\libc_nano.a
LOAD C:/D/Coding/STM32CubeIDE/Application/STM32CubeIDE_1.15.1/STM32CubeIDE/plugins/com.st.stm32cube.ide.mcu.externaltools.gnu-tools-for-stm32.12.3.rel1.win32_1.0.100.202403111256/tools/bin/../lib/gcc/arm-none-eabi/12.3.1/../../../../arm-none-eabi/lib/thumb/v7e-m+fp/hard\libnosys.a
END GROUP
LOAD C:/D/Coding/STM32CubeIDE/Application/STM32CubeIDE_1.15.1/STM32CubeIDE/plugins/com.st.stm32cube.ide.mcu.externaltools.gnu-tools-for-stm32.12.3.rel1.win32_1.0.100.202403111256/tools/bin/../lib/gcc/arm-none-eabi/12.3.1/thumb/v7e-m+fp/hard/crtend.o
LOAD C:/D/Coding/STM32CubeIDE/Application/STM32CubeIDE_1.15.1/STM32CubeIDE/plugins/com.st.stm32cube.ide.mcu.externaltools.gnu-tools-for-stm32.12.3.rel1.win32_1.0.100.202403111256/tools/bin/../lib/gcc/arm-none-eabi/12.3.1/thumb/v7e-m+fp/hard/crtn.o
                0x20020000                        _estack = (ORIGIN (RAM) + LENGTH (RAM))
                0x00000200                        _Min_Heap_Size = 0x200
                0x00000400                        _Min_Stack_Size = 0x400

.isr_vector     0x08000000      0x188
                0x08000000                        . = ALIGN (0x4)
 *(.isr_vector)
 .isr_vector    0x08000000      0x188 ./Core/Startup/startup_stm32f407zetx.o
                0x08000000                g_pfnVectors
                0x08000188                        . = ALIGN (0x4)

.text           0x08000190     0xab60
                0x08000190                        . = ALIGN (0x4)
 *(.text)
 .text          0x08000190       0x40 C:/D/Coding/STM32CubeIDE/Application/STM32CubeIDE_1.15.1/STM32CubeIDE/plugins/com.st.stm32cube.ide.mcu.externaltools.gnu-tools-for-stm32.12.3.rel1.win32_1.0.100.202403111256/tools/bin/../lib/gcc/arm-none-eabi/12.3.1/thumb/v7e-m+fp/hard/crtbegin.o
 .text          0x080001d0       0xa0 C:/D/Coding/STM32CubeIDE/Application/STM32CubeIDE_1.15.1/STM32CubeIDE/plugins/com.st.stm32cube.ide.mcu.externaltools.gnu-tools-for-stm32.12.3.rel1.win32_1.0.100.202403111256/tools/bin/../lib/gcc/arm-none-eabi/12.3.1/../../../../arm-none-eabi/lib/thumb/v7e-m+fp/hard\libc_nano.a(libc_a-memchr.o)
                0x080001d0                memchr
 .text          0x08000270      0x378 C:/D/Coding/STM32CubeIDE/Application/STM32CubeIDE_1.15.1/STM32CubeIDE/plugins/com.st.stm32cube.ide.mcu.externaltools.gnu-tools-for-stm32.12.3.rel1.win32_1.0.100.202403111256/tools/bin/../lib/gcc/arm-none-eabi/12.3.1/thumb/v7e-m+fp/hard\libgcc.a(_arm_addsubdf3.o)
                0x08000270                __aeabi_drsub
                0x08000278                __aeabi_dsub
                0x08000278                __subdf3
                0x0800027c                __aeabi_dadd
                0x0800027c                __adddf3
                0x080004f4                __floatunsidf
                0x080004f4                __aeabi_ui2d
                0x08000514                __floatsidf
                0x08000514                __aeabi_i2d
                0x08000538                __aeabi_f2d
                0x08000538                __extendsfdf2
                0x0800057c                __floatundidf
                0x0800057c                __aeabi_ul2d
                0x0800058c                __floatdidf
                0x0800058c                __aeabi_l2d
 .text          0x080005e8      0x424 C:/D/Coding/STM32CubeIDE/Application/STM32CubeIDE_1.15.1/STM32CubeIDE/plugins/com.st.stm32cube.ide.mcu.externaltools.gnu-tools-for-stm32.12.3.rel1.win32_1.0.100.202403111256/tools/bin/../lib/gcc/arm-none-eabi/12.3.1/thumb/v7e-m+fp/hard\libgcc.a(_arm_muldivdf3.o)
                0x080005e8                __aeabi_dmul
                0x080005e8                __muldf3
                0x0800083c                __divdf3
                0x0800083c                __aeabi_ddiv
 .text          0x08000a0c      0x110 C:/D/Coding/STM32CubeIDE/Application/STM32CubeIDE_1.15.1/STM32CubeIDE/plugins/com.st.stm32cube.ide.mcu.externaltools.gnu-tools-for-stm32.12.3.rel1.win32_1.0.100.202403111256/tools/bin/../lib/gcc/arm-none-eabi/12.3.1/thumb/v7e-m+fp/hard\libgcc.a(_arm_cmpdf2.o)
                0x08000a0c                __gtdf2
                0x08000a0c                __gedf2
                0x08000a14                __ltdf2
                0x08000a14                __ledf2
                0x08000a1c                __nedf2
                0x08000a1c                __eqdf2
                0x08000a1c                __cmpdf2
                0x08000a98                __aeabi_cdrcmple
                0x08000aa8                __aeabi_cdcmpeq
                0x08000aa8                __aeabi_cdcmple
                0x08000ab8                __aeabi_dcmpeq
                0x08000acc                __aeabi_dcmplt
                0x08000ae0                __aeabi_dcmple
                0x08000af4                __aeabi_dcmpge
                0x08000b08                __aeabi_dcmpgt
 .text          0x08000b1c       0x2c C:/D/Coding/STM32CubeIDE/Application/STM32CubeIDE_1.15.1/STM32CubeIDE/plugins/com.st.stm32cube.ide.mcu.externaltools.gnu-tools-for-stm32.12.3.rel1.win32_1.0.100.202403111256/tools/bin/../lib/gcc/arm-none-eabi/12.3.1/thumb/v7e-m+fp/hard\libgcc.a(_arm_unorddf2.o)
                0x08000b1c                __unorddf2
                0x08000b1c                __aeabi_dcmpun
 .text          0x08000b48       0x40 C:/D/Coding/STM32CubeIDE/Application/STM32CubeIDE_1.15.1/STM32CubeIDE/plugins/com.st.stm32cube.ide.mcu.externaltools.gnu-tools-for-stm32.12.3.rel1.win32_1.0.100.202403111256/tools/bin/../lib/gcc/arm-none-eabi/12.3.1/thumb/v7e-m+fp/hard\libgcc.a(_arm_fixunsdfsi.o)
                0x08000b48                __aeabi_d2uiz
                0x08000b48                __fixunsdfsi
 .text          0x08000b88       0x30 C:/D/Coding/STM32CubeIDE/Application/STM32CubeIDE_1.15.1/STM32CubeIDE/plugins/com.st.stm32cube.ide.mcu.externaltools.gnu-tools-for-stm32.12.3.rel1.win32_1.0.100.202403111256/tools/bin/../lib/gcc/arm-none-eabi/12.3.1/thumb/v7e-m+fp/hard\libgcc.a(_aeabi_uldivmod.o)
                0x08000b88                __aeabi_uldivmod
 .text          0x08000bb8      0x2bc C:/D/Coding/STM32CubeIDE/Application/STM32CubeIDE_1.15.1/STM32CubeIDE/plugins/com.st.stm32cube.ide.mcu.externaltools.gnu-tools-for-stm32.12.3.rel1.win32_1.0.100.202403111256/tools/bin/../lib/gcc/arm-none-eabi/12.3.1/thumb/v7e-m+fp/hard\libgcc.a(_udivmoddi4.o)
                0x08000bb8                __udivmoddi4
 .text          0x08000e74        0x4 C:/D/Coding/STM32CubeIDE/Application/STM32CubeIDE_1.15.1/STM32CubeIDE/plugins/com.st.stm32cube.ide.mcu.externaltools.gnu-tools-for-stm32.12.3.rel1.win32_1.0.100.202403111256/tools/bin/../lib/gcc/arm-none-eabi/12.3.1/thumb/v7e-m+fp/hard\libgcc.a(_dvmd_tls.o)
                0x08000e74                __aeabi_idiv0
                0x08000e74                __aeabi_ldiv0
 *(.text*)
 .text.MX_ADC1_Init
                0x08000e78      0x114 ./Core/Src/adc.o
                0x08000e78                MX_ADC1_Init
 .text.HAL_ADC_MspInit
                0x08000f8c      0x128 ./Core/Src/adc.o
                0x08000f8c                HAL_ADC_MspInit
 .text.at24c_init
                0x080010b4        0xc ./Core/Src/at24c.o
                0x080010b4                at24c_init
 .text.at24c_ReadOneByte
                0x080010c0       0x38 ./Core/Src/at24c.o
                0x080010c0                at24c_ReadOneByte
 .text.at24c_WriteOneByte
                0x080010f8       0x3c ./Core/Src/at24c.o
                0x080010f8                at24c_WriteOneByte
 .text.at24c_Check
                0x08001134       0x46 ./Core/Src/at24c.o
 .text.at24c_Read
                0x0800117a       0x3e ./Core/Src/at24c.o
                0x0800117a                at24c_Read
 .text.at24c_Write
                0x080011b8       0x40 ./Core/Src/at24c.o
                0x080011b8                at24c_Write
 .text.button_init
                0x080011f8       0x18 ./Core/Src/button.o
                0x080011f8                button_init
 .text.MX_DMA_Init
                0x08001210       0x40 ./Core/Src/dma.o
                0x08001210                MX_DMA_Init
 .text.MX_FSMC_Init
                0x08001250       0xf4 ./Core/Src/fsmc.o
                0x08001250                MX_FSMC_Init
 .text.HAL_FSMC_MspInit
                0x08001344       0x98 ./Core/Src/fsmc.o
 .text.HAL_SRAM_MspInit
                0x080013dc       0x14 ./Core/Src/fsmc.o
                0x080013dc                HAL_SRAM_MspInit
 .text.MX_GPIO_Init
                0x080013f0      0x22c ./Core/Src/gpio.o
                0x080013f0                MX_GPIO_Init
 .text.MX_I2C1_Init
                0x0800161c       0x5c ./Core/Src/i2c.o
                0x0800161c                MX_I2C1_Init
 .text.HAL_I2C_MspInit
                0x08001678       0x90 ./Core/Src/i2c.o
                0x08001678                HAL_I2C_MspInit
 .text.LCD_WR_REG
                0x08001708       0x20 ./Core/Src/lcd.o
                0x08001708                LCD_WR_REG
 .text.LCD_WR_DATA
                0x08001728       0x20 ./Core/Src/lcd.o
 .text.LCD_RD_DATA
                0x08001748       0x24 ./Core/Src/lcd.o
 .text.lcd_AddressSet
                0x0800176c       0x98 ./Core/Src/lcd.o
                0x0800176c                lcd_AddressSet
 .text.lcd_Clear
                0x08001804       0x64 ./Core/Src/lcd.o
                0x08001804                lcd_Clear
 .text.lcd_Fill
                0x08001868       0x6c ./Core/Src/lcd.o
                0x08001868                lcd_Fill
 .text.lcd_DrawPoint
                0x080018d4       0x2e ./Core/Src/lcd.o
                0x080018d4                lcd_DrawPoint
 .text.lcd_DrawLine
                0x08001902      0x108 ./Core/Src/lcd.o
                0x08001902                lcd_DrawLine
 .text.lcd_DrawRectangle
                0x08001a0a       0x6e ./Core/Src/lcd.o
                0x08001a0a                lcd_DrawRectangle
 .text.lcd_ShowChar
                0x08001a78      0x1a0 ./Core/Src/lcd.o
                0x08001a78                lcd_ShowChar
 .text.lcd_SetDir
                0x08001c18       0x48 ./Core/Src/lcd.o
                0x08001c18                lcd_SetDir
 .text.lcd_init
                0x08001c60      0x2c0 ./Core/Src/lcd.o
                0x08001c60                lcd_init
 .text._draw_circle_8
                0x08001f20      0x116 ./Core/Src/lcd.o
 .text.lcd_DrawCircle
                0x08002036       0xd8 ./Core/Src/lcd.o
                0x08002036                lcd_DrawCircle
 *fill*         0x0800210e        0x2 
 .text.lcd_ShowStr
                0x08002110       0xc8 ./Core/Src/lcd.o
                0x08002110                lcd_ShowStr
 .text.led7_Scan
                0x080021d8      0x118 ./Core/Src/led_7seg.o
                0x080021d8                led7_Scan
 .text.main     0x080022f0      0x1ec ./Core/Src/main.o
                0x080022f0                main
 .text.SystemClock_Config
                0x080024dc       0xd4 ./Core/Src/main.o
                0x080024dc                SystemClock_Config
 .text.system_init
                0x080025b0       0x1e ./Core/Src/main.o
                0x080025b0                system_init
 *fill*         0x080025ce        0x2 
 .text.initializeGame
                0x080025d0       0x60 ./Core/Src/main.o
                0x080025d0                initializeGame
 .text.generateRandomFood
                0x08002630       0x64 ./Core/Src/main.o
                0x08002630                generateRandomFood
 .text.isFoodOnSnake
                0x08002694       0x5c ./Core/Src/main.o
                0x08002694                isFoodOnSnake
 .text.updateSnake
                0x080026f0      0x11c ./Core/Src/main.o
                0x080026f0                updateSnake
 .text.drawSnakeAndFood
                0x0800280c       0x90 ./Core/Src/main.o
                0x0800280c                drawSnakeAndFood
 .text.isTouchedStartButton
                0x0800289c       0x6c ./Core/Src/main.o
                0x0800289c                isTouchedStartButton
 .text.handleNavigationButtons
                0x08002908      0x14c ./Core/Src/main.o
                0x08002908                handleNavigationButtons
 .text.drawGameOverScreen
                0x08002a54       0x50 ./Core/Src/main.o
                0x08002a54                drawGameOverScreen
 .text.drawStartScreen
                0x08002aa4       0x1a ./Core/Src/main.o
                0x08002aa4                drawStartScreen
 *fill*         0x08002abe        0x2 
 .text.drawStartButton
                0x08002ac0       0x70 ./Core/Src/main.o
                0x08002ac0                drawStartButton
 .text.drawGameFrame
                0x08002b30       0x40 ./Core/Src/main.o
                0x08002b30                drawGameFrame
 .text.drawNavigationButtons
                0x08002b70      0x198 ./Core/Src/main.o
                0x08002b70                drawNavigationButtons
 .text.Error_Handler
                0x08002d08        0xc ./Core/Src/main.o
                0x08002d08                Error_Handler
 .text.timer_init
                0x08002d14       0x1c ./Core/Src/software_timer.o
                0x08002d14                timer_init
 .text.setTimer2
                0x08002d30       0x38 ./Core/Src/software_timer.o
                0x08002d30                setTimer2
 .text.HAL_TIM_PeriodElapsedCallback
                0x08002d68       0x54 ./Core/Src/software_timer.o
                0x08002d68                HAL_TIM_PeriodElapsedCallback
 .text.delay_us
                0x08002dbc       0x34 ./Core/Src/software_timer.o
                0x08002dbc                delay_us
 .text.MX_SPI1_Init
                0x08002df0       0x6c ./Core/Src/spi.o
                0x08002df0                MX_SPI1_Init
 .text.HAL_SPI_MspInit
                0x08002e5c       0x90 ./Core/Src/spi.o
                0x08002e5c                HAL_SPI_MspInit
 .text.HAL_MspInit
                0x08002eec       0x50 ./Core/Src/stm32f4xx_hal_msp.o
                0x08002eec                HAL_MspInit
 .text.NMI_Handler
                0x08002f3c        0x8 ./Core/Src/stm32f4xx_it.o
                0x08002f3c                NMI_Handler
 .text.HardFault_Handler
                0x08002f44        0x8 ./Core/Src/stm32f4xx_it.o
                0x08002f44                HardFault_Handler
 .text.MemManage_Handler
                0x08002f4c        0x8 ./Core/Src/stm32f4xx_it.o
                0x08002f4c                MemManage_Handler
 .text.BusFault_Handler
                0x08002f54        0x8 ./Core/Src/stm32f4xx_it.o
                0x08002f54                BusFault_Handler
 .text.UsageFault_Handler
                0x08002f5c        0x8 ./Core/Src/stm32f4xx_it.o
                0x08002f5c                UsageFault_Handler
 .text.SVC_Handler
                0x08002f64        0xe ./Core/Src/stm32f4xx_it.o
                0x08002f64                SVC_Handler
 .text.DebugMon_Handler
                0x08002f72        0xe ./Core/Src/stm32f4xx_it.o
                0x08002f72                DebugMon_Handler
 .text.PendSV_Handler
                0x08002f80        0xe ./Core/Src/stm32f4xx_it.o
                0x08002f80                PendSV_Handler
 .text.SysTick_Handler
                0x08002f8e        0xc ./Core/Src/stm32f4xx_it.o
                0x08002f8e                SysTick_Handler
 *fill*         0x08002f9a        0x2 
 .text.TIM2_IRQHandler
                0x08002f9c       0x14 ./Core/Src/stm32f4xx_it.o
                0x08002f9c                TIM2_IRQHandler
 .text.USART1_IRQHandler
                0x08002fb0       0x14 ./Core/Src/stm32f4xx_it.o
                0x08002fb0                USART1_IRQHandler
 .text.DMA2_Stream0_IRQHandler
                0x08002fc4       0x14 ./Core/Src/stm32f4xx_it.o
                0x08002fc4                DMA2_Stream0_IRQHandler
 .text._getpid  0x08002fd8       0x10 ./Core/Src/syscalls.o
                0x08002fd8                _getpid
 .text._kill    0x08002fe8       0x20 ./Core/Src/syscalls.o
                0x08002fe8                _kill
 .text._exit    0x08003008       0x16 ./Core/Src/syscalls.o
                0x08003008                _exit
 .text._read    0x0800301e       0x3a ./Core/Src/syscalls.o
                0x0800301e                _read
 .text._write   0x08003058       0x38 ./Core/Src/syscalls.o
                0x08003058                _write
 .text._close   0x08003090       0x18 ./Core/Src/syscalls.o
                0x08003090                _close
 .text._fstat   0x080030a8       0x20 ./Core/Src/syscalls.o
                0x080030a8                _fstat
 .text._isatty  0x080030c8       0x16 ./Core/Src/syscalls.o
                0x080030c8                _isatty
 .text._lseek   0x080030de       0x1a ./Core/Src/syscalls.o
                0x080030de                _lseek
 .text._sbrk    0x080030f8       0x6c ./Core/Src/sysmem.o
                0x080030f8                _sbrk
 .text.SystemInit
                0x08003164       0x24 ./Core/Src/system_stm32f4xx.o
                0x08003164                SystemInit
 .text.MX_TIM1_Init
                0x08003188       0xa0 ./Core/Src/tim.o
                0x08003188                MX_TIM1_Init
 .text.MX_TIM2_Init
                0x08003228       0x98 ./Core/Src/tim.o
                0x08003228                MX_TIM2_Init
 .text.MX_TIM13_Init
                0x080032c0       0x9c ./Core/Src/tim.o
                0x080032c0                MX_TIM13_Init
 .text.HAL_TIM_Base_MspInit
                0x0800335c       0xa4 ./Core/Src/tim.o
                0x0800335c                HAL_TIM_Base_MspInit
 .text.HAL_TIM_MspPostInit
                0x08003400       0x74 ./Core/Src/tim.o
                0x08003400                HAL_TIM_MspPostInit
 .text.TP_Write_Byte
                0x08003474       0x78 ./Core/Src/touch.o
 .text.TP_Read_AD
                0x080034ec       0xe0 ./Core/Src/touch.o
                0x080034ec                TP_Read_AD
 .text.TP_Read_XOY
                0x080035cc       0xf4 ./Core/Src/touch.o
 .text.TP_Read_XY
                0x080036c0       0x44 ./Core/Src/touch.o
 .text.TP_Read_XY2
                0x08003704       0xc4 ./Core/Src/touch.o
 .text.TP_Drow_Touch_Point
                0x080037c8       0xae ./Core/Src/touch.o
 *fill*         0x08003876        0x2 
 .text.TP_Scan  0x08003878      0x12c ./Core/Src/touch.o
 .text.TP_Save_Adjdata
                0x080039a4       0x20 ./Core/Src/touch.o
 .text.TP_Get_Adjdata
                0x080039c4       0x38 ./Core/Src/touch.o
 *fill*         0x080039fc        0x4 
 .text.touch_Adjust
                0x08003a00      0x7a4 ./Core/Src/touch.o
                0x08003a00                touch_Adjust
 .text.touch_init
                0x080041a4       0x20 ./Core/Src/touch.o
                0x080041a4                touch_init
 .text.touch_Scan
                0x080041c4       0x14 ./Core/Src/touch.o
                0x080041c4                touch_Scan
 .text.touch_IsTouched
                0x080041d8       0x24 ./Core/Src/touch.o
                0x080041d8                touch_IsTouched
 .text.touch_GetX
                0x080041fc       0x18 ./Core/Src/touch.o
                0x080041fc                touch_GetX
 .text.touch_GetY
                0x08004214       0x18 ./Core/Src/touch.o
                0x08004214                touch_GetY
 .text.HAL_UART_RxCpltCallback
                0x0800422c       0x3c ./Core/Src/uart.o
                0x0800422c                HAL_UART_RxCpltCallback
 .text.MX_USART1_UART_Init
                0x08004268       0x54 ./Core/Src/usart.o
                0x08004268                MX_USART1_UART_Init
 .text.HAL_UART_MspInit
                0x080042bc       0xa0 ./Core/Src/usart.o
                0x080042bc                HAL_UART_MspInit
 .text.Reset_Handler
                0x0800435c       0x50 ./Core/Startup/startup_stm32f407zetx.o
                0x0800435c                Reset_Handler
 .text.Default_Handler
                0x080043ac        0x2 ./Core/Startup/startup_stm32f407zetx.o
                0x080043ac                RTC_Alarm_IRQHandler
                0x080043ac                HASH_RNG_IRQHandler
                0x080043ac                EXTI2_IRQHandler
                0x080043ac                TIM8_CC_IRQHandler
                0x080043ac                TIM1_CC_IRQHandler
                0x080043ac                DMA2_Stream5_IRQHandler
                0x080043ac                DMA1_Stream5_IRQHandler
                0x080043ac                PVD_IRQHandler
                0x080043ac                SDIO_IRQHandler
                0x080043ac                TAMP_STAMP_IRQHandler
                0x080043ac                CAN2_RX1_IRQHandler
                0x080043ac                EXTI3_IRQHandler
                0x080043ac                TIM8_TRG_COM_TIM14_IRQHandler
                0x080043ac                TIM1_UP_TIM10_IRQHandler
                0x080043ac                TIM8_UP_TIM13_IRQHandler
                0x080043ac                I2C3_ER_IRQHandler
                0x080043ac                EXTI0_IRQHandler
                0x080043ac                I2C2_EV_IRQHandler
                0x080043ac                DMA1_Stream2_IRQHandler
                0x080043ac                CAN1_RX0_IRQHandler
                0x080043ac                FPU_IRQHandler
                0x080043ac                OTG_HS_WKUP_IRQHandler
                0x080043ac                CAN2_SCE_IRQHandler
                0x080043ac                DMA2_Stream2_IRQHandler
                0x080043ac                SPI1_IRQHandler
                0x080043ac                TIM6_DAC_IRQHandler
                0x080043ac                TIM1_BRK_TIM9_IRQHandler
                0x080043ac                DCMI_IRQHandler
                0x080043ac                CAN2_RX0_IRQHandler
                0x080043ac                DMA2_Stream3_IRQHandler
                0x080043ac                USART6_IRQHandler
                0x080043ac                USART3_IRQHandler
                0x080043ac                CAN1_RX1_IRQHandler
                0x080043ac                UART5_IRQHandler
                0x080043ac                TIM4_IRQHandler
                0x080043ac                I2C1_EV_IRQHandler
                0x080043ac                DMA1_Stream6_IRQHandler
                0x080043ac                DMA1_Stream1_IRQHandler
                0x080043ac                UART4_IRQHandler
                0x080043ac                TIM3_IRQHandler
                0x080043ac                RCC_IRQHandler
                0x080043ac                TIM8_BRK_TIM12_IRQHandler
                0x080043ac                Default_Handler
                0x080043ac                EXTI15_10_IRQHandler
                0x080043ac                ADC_IRQHandler
                0x080043ac                DMA1_Stream7_IRQHandler
                0x080043ac                TIM7_IRQHandler
                0x080043ac                CAN2_TX_IRQHandler
                0x080043ac                TIM5_IRQHandler
                0x080043ac                DMA2_Stream7_IRQHandler
                0x080043ac                I2C3_EV_IRQHandler
                0x080043ac                EXTI9_5_IRQHandler
                0x080043ac                RTC_WKUP_IRQHandler
                0x080043ac                ETH_WKUP_IRQHandler
                0x080043ac                SPI2_IRQHandler
                0x080043ac                OTG_HS_EP1_IN_IRQHandler
                0x080043ac                DMA1_Stream0_IRQHandler
                0x080043ac                CAN1_TX_IRQHandler
                0x080043ac                EXTI4_IRQHandler
                0x080043ac                FSMC_IRQHandler
                0x080043ac                ETH_IRQHandler
                0x080043ac                OTG_HS_EP1_OUT_IRQHandler
                0x080043ac                WWDG_IRQHandler
                0x080043ac                OTG_FS_WKUP_IRQHandler
                0x080043ac                TIM1_TRG_COM_TIM11_IRQHandler
                0x080043ac                OTG_HS_IRQHandler
                0x080043ac                EXTI1_IRQHandler
                0x080043ac                USART2_IRQHandler
                0x080043ac                I2C2_ER_IRQHandler
                0x080043ac                DMA2_Stream1_IRQHandler
                0x080043ac                CAN1_SCE_IRQHandler
                0x080043ac                FLASH_IRQHandler
                0x080043ac                DMA2_Stream4_IRQHandler
                0x080043ac                OTG_FS_IRQHandler
                0x080043ac                SPI3_IRQHandler
                0x080043ac                DMA1_Stream4_IRQHandler
                0x080043ac                I2C1_ER_IRQHandler
                0x080043ac                DMA2_Stream6_IRQHandler
                0x080043ac                DMA1_Stream3_IRQHandler
 *fill*         0x080043ae        0x2 
 .text.HAL_Init
                0x080043b0       0x44 ./Drivers/STM32F4xx_HAL_Driver/Src/stm32f4xx_hal.o
                0x080043b0                HAL_Init
 .text.HAL_InitTick
                0x080043f4       0x60 ./Drivers/STM32F4xx_HAL_Driver/Src/stm32f4xx_hal.o
                0x080043f4                HAL_InitTick
 .text.HAL_IncTick
                0x08004454       0x28 ./Drivers/STM32F4xx_HAL_Driver/Src/stm32f4xx_hal.o
                0x08004454                HAL_IncTick
 .text.HAL_GetTick
                0x0800447c       0x18 ./Drivers/STM32F4xx_HAL_Driver/Src/stm32f4xx_hal.o
                0x0800447c                HAL_GetTick
 .text.HAL_Delay
                0x08004494       0x48 ./Drivers/STM32F4xx_HAL_Driver/Src/stm32f4xx_hal.o
                0x08004494                HAL_Delay
 .text.HAL_ADC_Init
                0x080044dc       0x86 ./Drivers/STM32F4xx_HAL_Driver/Src/stm32f4xx_hal_adc.o
                0x080044dc                HAL_ADC_Init
 *fill*         0x08004562        0x2 
 .text.HAL_ADC_ConfigChannel
                0x08004564      0x244 ./Drivers/STM32F4xx_HAL_Driver/Src/stm32f4xx_hal_adc.o
                0x08004564                HAL_ADC_ConfigChannel
 .text.ADC_Init
                0x080047a8      0x1f8 ./Drivers/STM32F4xx_HAL_Driver/Src/stm32f4xx_hal_adc.o
 .text.__NVIC_SetPriorityGrouping
                0x080049a0       0x48 ./Drivers/STM32F4xx_HAL_Driver/Src/stm32f4xx_hal_cortex.o
 .text.__NVIC_GetPriorityGrouping
                0x080049e8       0x1c ./Drivers/STM32F4xx_HAL_Driver/Src/stm32f4xx_hal_cortex.o
 .text.__NVIC_EnableIRQ
                0x08004a04       0x3c ./Drivers/STM32F4xx_HAL_Driver/Src/stm32f4xx_hal_cortex.o
 .text.__NVIC_SetPriority
                0x08004a40       0x54 ./Drivers/STM32F4xx_HAL_Driver/Src/stm32f4xx_hal_cortex.o
 .text.NVIC_EncodePriority
                0x08004a94       0x66 ./Drivers/STM32F4xx_HAL_Driver/Src/stm32f4xx_hal_cortex.o
 *fill*         0x08004afa        0x2 
 .text.SysTick_Config
                0x08004afc       0x44 ./Drivers/STM32F4xx_HAL_Driver/Src/stm32f4xx_hal_cortex.o
 .text.HAL_NVIC_SetPriorityGrouping
                0x08004b40       0x16 ./Drivers/STM32F4xx_HAL_Driver/Src/stm32f4xx_hal_cortex.o
                0x08004b40                HAL_NVIC_SetPriorityGrouping
 .text.HAL_NVIC_SetPriority
                0x08004b56       0x38 ./Drivers/STM32F4xx_HAL_Driver/Src/stm32f4xx_hal_cortex.o
                0x08004b56                HAL_NVIC_SetPriority
 .text.HAL_NVIC_EnableIRQ
                0x08004b8e       0x1c ./Drivers/STM32F4xx_HAL_Driver/Src/stm32f4xx_hal_cortex.o
                0x08004b8e                HAL_NVIC_EnableIRQ
 .text.HAL_SYSTICK_Config
                0x08004baa       0x18 ./Drivers/STM32F4xx_HAL_Driver/Src/stm32f4xx_hal_cortex.o
                0x08004baa                HAL_SYSTICK_Config
 *fill*         0x08004bc2        0x2 
 .text.HAL_DMA_Init
                0x08004bc4      0x15c ./Drivers/STM32F4xx_HAL_Driver/Src/stm32f4xx_hal_dma.o
                0x08004bc4                HAL_DMA_Init
 .text.HAL_DMA_Abort
                0x08004d20       0xe0 ./Drivers/STM32F4xx_HAL_Driver/Src/stm32f4xx_hal_dma.o
                0x08004d20                HAL_DMA_Abort
 .text.HAL_DMA_Abort_IT
                0x08004e00       0x44 ./Drivers/STM32F4xx_HAL_Driver/Src/stm32f4xx_hal_dma.o
                0x08004e00                HAL_DMA_Abort_IT
 .text.HAL_DMA_IRQHandler
                0x08004e44      0x314 ./Drivers/STM32F4xx_HAL_Driver/Src/stm32f4xx_hal_dma.o
                0x08004e44                HAL_DMA_IRQHandler
 .text.DMA_CalcBaseAndBitshift
                0x08005158       0x6c ./Drivers/STM32F4xx_HAL_Driver/Src/stm32f4xx_hal_dma.o
 .text.DMA_CheckFifoParam
                0x080051c4       0xf8 ./Drivers/STM32F4xx_HAL_Driver/Src/stm32f4xx_hal_dma.o
 .text.HAL_GPIO_Init
                0x080052bc      0x338 ./Drivers/STM32F4xx_HAL_Driver/Src/stm32f4xx_hal_gpio.o
                0x080052bc                HAL_GPIO_Init
 .text.HAL_GPIO_ReadPin
                0x080055f4       0x30 ./Drivers/STM32F4xx_HAL_Driver/Src/stm32f4xx_hal_gpio.o
                0x080055f4                HAL_GPIO_ReadPin
 .text.HAL_GPIO_WritePin
                0x08005624       0x32 ./Drivers/STM32F4xx_HAL_Driver/Src/stm32f4xx_hal_gpio.o
                0x08005624                HAL_GPIO_WritePin
 *fill*         0x08005656        0x2 
 .text.HAL_I2C_Init
                0x08005658      0x288 ./Drivers/STM32F4xx_HAL_Driver/Src/stm32f4xx_hal_i2c.o
                0x08005658                HAL_I2C_Init
 .text.HAL_I2C_Mem_Write
                0x080058e0      0x1f4 ./Drivers/STM32F4xx_HAL_Driver/Src/stm32f4xx_hal_i2c.o
                0x080058e0                HAL_I2C_Mem_Write
 .text.HAL_I2C_Mem_Read
                0x08005ad4      0x464 ./Drivers/STM32F4xx_HAL_Driver/Src/stm32f4xx_hal_i2c.o
                0x08005ad4                HAL_I2C_Mem_Read
 .text.I2C_RequestMemoryWrite
                0x08005f38      0x12c ./Drivers/STM32F4xx_HAL_Driver/Src/stm32f4xx_hal_i2c.o
 .text.I2C_RequestMemoryRead
                0x08006064      0x1d0 ./Drivers/STM32F4xx_HAL_Driver/Src/stm32f4xx_hal_i2c.o
 .text.I2C_WaitOnFlagUntilTimeout
                0x08006234       0xf4 ./Drivers/STM32F4xx_HAL_Driver/Src/stm32f4xx_hal_i2c.o
 .text.I2C_WaitOnMasterAddressFlagUntilTimeout
                0x08006328      0x140 ./Drivers/STM32F4xx_HAL_Driver/Src/stm32f4xx_hal_i2c.o
 .text.I2C_WaitOnTXEFlagUntilTimeout
                0x08006468       0x90 ./Drivers/STM32F4xx_HAL_Driver/Src/stm32f4xx_hal_i2c.o
 .text.I2C_WaitOnBTFFlagUntilTimeout
                0x080064f8       0x90 ./Drivers/STM32F4xx_HAL_Driver/Src/stm32f4xx_hal_i2c.o
 .text.I2C_WaitOnRXNEFlagUntilTimeout
                0x08006588       0xba ./Drivers/STM32F4xx_HAL_Driver/Src/stm32f4xx_hal_i2c.o
 .text.I2C_IsAcknowledgeFailed
                0x08006642       0x5e ./Drivers/STM32F4xx_HAL_Driver/Src/stm32f4xx_hal_i2c.o
 .text.HAL_RCC_OscConfig
                0x080066a0      0x4f0 ./Drivers/STM32F4xx_HAL_Driver/Src/stm32f4xx_hal_rcc.o
                0x080066a0                HAL_RCC_OscConfig
 .text.HAL_RCC_ClockConfig
                0x08006b90      0x1cc ./Drivers/STM32F4xx_HAL_Driver/Src/stm32f4xx_hal_rcc.o
                0x08006b90                HAL_RCC_ClockConfig
 .text.HAL_RCC_GetSysClockFreq
                0x08006d5c      0x20c ./Drivers/STM32F4xx_HAL_Driver/Src/stm32f4xx_hal_rcc.o
                0x08006d5c                HAL_RCC_GetSysClockFreq
 .text.HAL_RCC_GetHCLKFreq
                0x08006f68       0x18 ./Drivers/STM32F4xx_HAL_Driver/Src/stm32f4xx_hal_rcc.o
                0x08006f68                HAL_RCC_GetHCLKFreq
 .text.HAL_RCC_GetPCLK1Freq
                0x08006f80       0x28 ./Drivers/STM32F4xx_HAL_Driver/Src/stm32f4xx_hal_rcc.o
                0x08006f80                HAL_RCC_GetPCLK1Freq
 .text.HAL_RCC_GetPCLK2Freq
                0x08006fa8       0x28 ./Drivers/STM32F4xx_HAL_Driver/Src/stm32f4xx_hal_rcc.o
                0x08006fa8                HAL_RCC_GetPCLK2Freq
 .text.HAL_SPI_Init
                0x08006fd0      0x112 ./Drivers/STM32F4xx_HAL_Driver/Src/stm32f4xx_hal_spi.o
                0x08006fd0                HAL_SPI_Init
 .text.HAL_SPI_Transmit
                0x080070e2      0x288 ./Drivers/STM32F4xx_HAL_Driver/Src/stm32f4xx_hal_spi.o
                0x080070e2                HAL_SPI_Transmit
 *fill*         0x0800736a        0x2 
 .text.SPI_WaitFlagStateUntilTimeout
                0x0800736c      0x110 ./Drivers/STM32F4xx_HAL_Driver/Src/stm32f4xx_hal_spi.o
 .text.SPI_EndRxTxTransaction
                0x0800747c       0xa8 ./Drivers/STM32F4xx_HAL_Driver/Src/stm32f4xx_hal_spi.o
 .text.HAL_SRAM_Init
                0x08007524       0x90 ./Drivers/STM32F4xx_HAL_Driver/Src/stm32f4xx_hal_sram.o
                0x08007524                HAL_SRAM_Init
 .text.HAL_TIM_Base_Init
                0x080075b4       0x9e ./Drivers/STM32F4xx_HAL_Driver/Src/stm32f4xx_hal_tim.o
                0x080075b4                HAL_TIM_Base_Init
 *fill*         0x08007652        0x2 
 .text.HAL_TIM_Base_Start
                0x08007654       0xd0 ./Drivers/STM32F4xx_HAL_Driver/Src/stm32f4xx_hal_tim.o
                0x08007654                HAL_TIM_Base_Start
 .text.HAL_TIM_Base_Start_IT
                0x08007724       0xe0 ./Drivers/STM32F4xx_HAL_Driver/Src/stm32f4xx_hal_tim.o
                0x08007724                HAL_TIM_Base_Start_IT
 .text.HAL_TIM_PWM_Init
                0x08007804       0x9e ./Drivers/STM32F4xx_HAL_Driver/Src/stm32f4xx_hal_tim.o
                0x08007804                HAL_TIM_PWM_Init
 .text.HAL_TIM_PWM_MspInit
                0x080078a2       0x14 ./Drivers/STM32F4xx_HAL_Driver/Src/stm32f4xx_hal_tim.o
                0x080078a2                HAL_TIM_PWM_MspInit
 .text.HAL_TIM_IRQHandler
                0x080078b6      0x1e0 ./Drivers/STM32F4xx_HAL_Driver/Src/stm32f4xx_hal_tim.o
                0x080078b6                HAL_TIM_IRQHandler
 *fill*         0x08007a96        0x2 
 .text.HAL_TIM_PWM_ConfigChannel
                0x08007a98      0x184 ./Drivers/STM32F4xx_HAL_Driver/Src/stm32f4xx_hal_tim.o
                0x08007a98                HAL_TIM_PWM_ConfigChannel
 .text.HAL_TIM_ConfigClockSource
                0x08007c1c      0x18e ./Drivers/STM32F4xx_HAL_Driver/Src/stm32f4xx_hal_tim.o
                0x08007c1c                HAL_TIM_ConfigClockSource
 .text.HAL_TIM_OC_DelayElapsedCallback
                0x08007daa       0x14 ./Drivers/STM32F4xx_HAL_Driver/Src/stm32f4xx_hal_tim.o
                0x08007daa                HAL_TIM_OC_DelayElapsedCallback
 .text.HAL_TIM_IC_CaptureCallback
                0x08007dbe       0x14 ./Drivers/STM32F4xx_HAL_Driver/Src/stm32f4xx_hal_tim.o
                0x08007dbe                HAL_TIM_IC_CaptureCallback
 .text.HAL_TIM_PWM_PulseFinishedCallback
                0x08007dd2       0x14 ./Drivers/STM32F4xx_HAL_Driver/Src/stm32f4xx_hal_tim.o
                0x08007dd2                HAL_TIM_PWM_PulseFinishedCallback
 .text.HAL_TIM_TriggerCallback
                0x08007de6       0x14 ./Drivers/STM32F4xx_HAL_Driver/Src/stm32f4xx_hal_tim.o
                0x08007de6                HAL_TIM_TriggerCallback
 *fill*         0x08007dfa        0x2 
 .text.TIM_Base_SetConfig
                0x08007dfc      0x158 ./Drivers/STM32F4xx_HAL_Driver/Src/stm32f4xx_hal_tim.o
                0x08007dfc                TIM_Base_SetConfig
 .text.TIM_OC1_SetConfig
                0x08007f54       0xe0 ./Drivers/STM32F4xx_HAL_Driver/Src/stm32f4xx_hal_tim.o
 .text.TIM_OC2_SetConfig
                0x08008034       0xec ./Drivers/STM32F4xx_HAL_Driver/Src/stm32f4xx_hal_tim.o
                0x08008034                TIM_OC2_SetConfig
 .text.TIM_OC3_SetConfig
                0x08008120       0xe8 ./Drivers/STM32F4xx_HAL_Driver/Src/stm32f4xx_hal_tim.o
 .text.TIM_OC4_SetConfig
                0x08008208       0xac ./Drivers/STM32F4xx_HAL_Driver/Src/stm32f4xx_hal_tim.o
 .text.TIM_TI1_ConfigInputStage
                0x080082b4       0x5e ./Drivers/STM32F4xx_HAL_Driver/Src/stm32f4xx_hal_tim.o
 .text.TIM_TI2_ConfigInputStage
                0x08008312       0x60 ./Drivers/STM32F4xx_HAL_Driver/Src/stm32f4xx_hal_tim.o
 .text.TIM_ITRx_SetConfig
                0x08008372       0x36 ./Drivers/STM32F4xx_HAL_Driver/Src/stm32f4xx_hal_tim.o
 .text.TIM_ETR_SetConfig
                0x080083a8       0x40 ./Drivers/STM32F4xx_HAL_Driver/Src/stm32f4xx_hal_tim.o
                0x080083a8                TIM_ETR_SetConfig
 .text.HAL_TIMEx_MasterConfigSynchronization
                0x080083e8       0xf8 ./Drivers/STM32F4xx_HAL_Driver/Src/stm32f4xx_hal_tim_ex.o
                0x080083e8                HAL_TIMEx_MasterConfigSynchronization
 .text.HAL_TIMEx_CommutCallback
                0x080084e0       0x14 ./Drivers/STM32F4xx_HAL_Driver/Src/stm32f4xx_hal_tim_ex.o
                0x080084e0                HAL_TIMEx_CommutCallback
 .text.HAL_TIMEx_BreakCallback
                0x080084f4       0x14 ./Drivers/STM32F4xx_HAL_Driver/Src/stm32f4xx_hal_tim_ex.o
                0x080084f4                HAL_TIMEx_BreakCallback
 .text.HAL_UART_Init
                0x08008508       0xa0 ./Drivers/STM32F4xx_HAL_Driver/Src/stm32f4xx_hal_uart.o
                0x08008508                HAL_UART_Init
 .text.HAL_UART_Transmit
                0x080085a8      0x116 ./Drivers/STM32F4xx_HAL_Driver/Src/stm32f4xx_hal_uart.o
                0x080085a8                HAL_UART_Transmit
 .text.HAL_UART_Receive_IT
                0x080086be       0x4a ./Drivers/STM32F4xx_HAL_Driver/Src/stm32f4xx_hal_uart.o
                0x080086be                HAL_UART_Receive_IT
 .text.HAL_UART_IRQHandler
                0x08008708      0x524 ./Drivers/STM32F4xx_HAL_Driver/Src/stm32f4xx_hal_uart.o
                0x08008708                HAL_UART_IRQHandler
 .text.HAL_UART_TxCpltCallback
                0x08008c2c       0x14 ./Drivers/STM32F4xx_HAL_Driver/Src/stm32f4xx_hal_uart.o
                0x08008c2c                HAL_UART_TxCpltCallback
 .text.HAL_UART_ErrorCallback
                0x08008c40       0x14 ./Drivers/STM32F4xx_HAL_Driver/Src/stm32f4xx_hal_uart.o
                0x08008c40                HAL_UART_ErrorCallback
 .text.HAL_UARTEx_RxEventCallback
                0x08008c54       0x18 ./Drivers/STM32F4xx_HAL_Driver/Src/stm32f4xx_hal_uart.o
                0x08008c54                HAL_UARTEx_RxEventCallback
 .text.UART_WaitOnFlagUntilTimeout
                0x08008c6c       0xb2 ./Drivers/STM32F4xx_HAL_Driver/Src/stm32f4xx_hal_uart.o
 .text.UART_Start_Receive_IT
                0x08008d1e       0x74 ./Drivers/STM32F4xx_HAL_Driver/Src/stm32f4xx_hal_uart.o
                0x08008d1e                UART_Start_Receive_IT
 .text.UART_EndRxTransfer
                0x08008d92       0xc6 ./Drivers/STM32F4xx_HAL_Driver/Src/stm32f4xx_hal_uart.o
 .text.UART_DMAAbortOnError
                0x08008e58       0x28 ./Drivers/STM32F4xx_HAL_Driver/Src/stm32f4xx_hal_uart.o
 .text.UART_Transmit_IT
                0x08008e80       0xa0 ./Drivers/STM32F4xx_HAL_Driver/Src/stm32f4xx_hal_uart.o
 .text.UART_EndTransmit_IT
                0x08008f20       0x30 ./Drivers/STM32F4xx_HAL_Driver/Src/stm32f4xx_hal_uart.o
 .text.UART_Receive_IT
                0x08008f50      0x17c ./Drivers/STM32F4xx_HAL_Driver/Src/stm32f4xx_hal_uart.o
 .text.UART_SetConfig
                0x080090cc      0x4e8 ./Drivers/STM32F4xx_HAL_Driver/Src/stm32f4xx_hal_uart.o
 .text.FSMC_NORSRAM_Init
                0x080095b4       0xd4 ./Drivers/STM32F4xx_HAL_Driver/Src/stm32f4xx_ll_fsmc.o
                0x080095b4                FSMC_NORSRAM_Init
 .text.FSMC_NORSRAM_Timing_Init
                0x08009688       0x6a ./Drivers/STM32F4xx_HAL_Driver/Src/stm32f4xx_ll_fsmc.o
                0x08009688                FSMC_NORSRAM_Timing_Init
 *fill*         0x080096f2        0x2 
 .text.FSMC_NORSRAM_Extended_Timing_Init
                0x080096f4       0x70 ./Drivers/STM32F4xx_HAL_Driver/Src/stm32f4xx_ll_fsmc.o
                0x080096f4                FSMC_NORSRAM_Extended_Timing_Init
 .text.rand     0x08009764       0x7c C:/D/Coding/STM32CubeIDE/Application/STM32CubeIDE_1.15.1/STM32CubeIDE/plugins/com.st.stm32cube.ide.mcu.externaltools.gnu-tools-for-stm32.12.3.rel1.win32_1.0.100.202403111256/tools/bin/../lib/gcc/arm-none-eabi/12.3.1/../../../../arm-none-eabi/lib/thumb/v7e-m+fp/hard\libc_nano.a(libc_a-rand.o)
                0x08009764                rand
 .text.std      0x080097e0       0x6c C:/D/Coding/STM32CubeIDE/Application/STM32CubeIDE_1.15.1/STM32CubeIDE/plugins/com.st.stm32cube.ide.mcu.externaltools.gnu-tools-for-stm32.12.3.rel1.win32_1.0.100.202403111256/tools/bin/../lib/gcc/arm-none-eabi/12.3.1/../../../../arm-none-eabi/lib/thumb/v7e-m+fp/hard\libc_nano.a(libc_a-findfp.o)
 .text.stdio_exit_handler
                0x0800984c       0x18 C:/D/Coding/STM32CubeIDE/Application/STM32CubeIDE_1.15.1/STM32CubeIDE/plugins/com.st.stm32cube.ide.mcu.externaltools.gnu-tools-for-stm32.12.3.rel1.win32_1.0.100.202403111256/tools/bin/../lib/gcc/arm-none-eabi/12.3.1/../../../../arm-none-eabi/lib/thumb/v7e-m+fp/hard\libc_nano.a(libc_a-findfp.o)
 .text.cleanup_stdio
                0x08009864       0x40 C:/D/Coding/STM32CubeIDE/Application/STM32CubeIDE_1.15.1/STM32CubeIDE/plugins/com.st.stm32cube.ide.mcu.externaltools.gnu-tools-for-stm32.12.3.rel1.win32_1.0.100.202403111256/tools/bin/../lib/gcc/arm-none-eabi/12.3.1/../../../../arm-none-eabi/lib/thumb/v7e-m+fp/hard\libc_nano.a(libc_a-findfp.o)
 .text.global_stdio_init.part.0
                0x080098a4       0x3c C:/D/Coding/STM32CubeIDE/Application/STM32CubeIDE_1.15.1/STM32CubeIDE/plugins/com.st.stm32cube.ide.mcu.externaltools.gnu-tools-for-stm32.12.3.rel1.win32_1.0.100.202403111256/tools/bin/../lib/gcc/arm-none-eabi/12.3.1/../../../../arm-none-eabi/lib/thumb/v7e-m+fp/hard\libc_nano.a(libc_a-findfp.o)
 .text.__sfp_lock_acquire
                0x080098e0        0xc C:/D/Coding/STM32CubeIDE/Application/STM32CubeIDE_1.15.1/STM32CubeIDE/plugins/com.st.stm32cube.ide.mcu.externaltools.gnu-tools-for-stm32.12.3.rel1.win32_1.0.100.202403111256/tools/bin/../lib/gcc/arm-none-eabi/12.3.1/../../../../arm-none-eabi/lib/thumb/v7e-m+fp/hard\libc_nano.a(libc_a-findfp.o)
                0x080098e0                __sfp_lock_acquire
 .text.__sfp_lock_release
                0x080098ec        0xc C:/D/Coding/STM32CubeIDE/Application/STM32CubeIDE_1.15.1/STM32CubeIDE/plugins/com.st.stm32cube.ide.mcu.externaltools.gnu-tools-for-stm32.12.3.rel1.win32_1.0.100.202403111256/tools/bin/../lib/gcc/arm-none-eabi/12.3.1/../../../../arm-none-eabi/lib/thumb/v7e-m+fp/hard\libc_nano.a(libc_a-findfp.o)
                0x080098ec                __sfp_lock_release
 .text.__sinit  0x080098f8       0x30 C:/D/Coding/STM32CubeIDE/Application/STM32CubeIDE_1.15.1/STM32CubeIDE/plugins/com.st.stm32cube.ide.mcu.externaltools.gnu-tools-for-stm32.12.3.rel1.win32_1.0.100.202403111256/tools/bin/../lib/gcc/arm-none-eabi/12.3.1/../../../../arm-none-eabi/lib/thumb/v7e-m+fp/hard\libc_nano.a(libc_a-findfp.o)
                0x080098f8                __sinit
 .text._fwalk_sglue
                0x08009928       0x3c C:/D/Coding/STM32CubeIDE/Application/STM32CubeIDE_1.15.1/STM32CubeIDE/plugins/com.st.stm32cube.ide.mcu.externaltools.gnu-tools-for-stm32.12.3.rel1.win32_1.0.100.202403111256/tools/bin/../lib/gcc/arm-none-eabi/12.3.1/../../../../arm-none-eabi/lib/thumb/v7e-m+fp/hard\libc_nano.a(libc_a-fwalk.o)
                0x08009928                _fwalk_sglue
 .text.sprintf  0x08009964       0x40 C:/D/Coding/STM32CubeIDE/Application/STM32CubeIDE_1.15.1/STM32CubeIDE/plugins/com.st.stm32cube.ide.mcu.externaltools.gnu-tools-for-stm32.12.3.rel1.win32_1.0.100.202403111256/tools/bin/../lib/gcc/arm-none-eabi/12.3.1/../../../../arm-none-eabi/lib/thumb/v7e-m+fp/hard\libc_nano.a(libc_a-sprintf.o)
                0x08009964                siprintf
                0x08009964                sprintf
 .text.__sread  0x080099a4       0x22 C:/D/Coding/STM32CubeIDE/Application/STM32CubeIDE_1.15.1/STM32CubeIDE/plugins/com.st.stm32cube.ide.mcu.externaltools.gnu-tools-for-stm32.12.3.rel1.win32_1.0.100.202403111256/tools/bin/../lib/gcc/arm-none-eabi/12.3.1/../../../../arm-none-eabi/lib/thumb/v7e-m+fp/hard\libc_nano.a(libc_a-stdio.o)
                0x080099a4                __sread
 .text.__swrite
                0x080099c6       0x38 C:/D/Coding/STM32CubeIDE/Application/STM32CubeIDE_1.15.1/STM32CubeIDE/plugins/com.st.stm32cube.ide.mcu.externaltools.gnu-tools-for-stm32.12.3.rel1.win32_1.0.100.202403111256/tools/bin/../lib/gcc/arm-none-eabi/12.3.1/../../../../arm-none-eabi/lib/thumb/v7e-m+fp/hard\libc_nano.a(libc_a-stdio.o)
                0x080099c6                __swrite
 .text.__sseek  0x080099fe       0x24 C:/D/Coding/STM32CubeIDE/Application/STM32CubeIDE_1.15.1/STM32CubeIDE/plugins/com.st.stm32cube.ide.mcu.externaltools.gnu-tools-for-stm32.12.3.rel1.win32_1.0.100.202403111256/tools/bin/../lib/gcc/arm-none-eabi/12.3.1/../../../../arm-none-eabi/lib/thumb/v7e-m+fp/hard\libc_nano.a(libc_a-stdio.o)
                0x080099fe                __sseek
 .text.__sclose
                0x08009a22        0x8 C:/D/Coding/STM32CubeIDE/Application/STM32CubeIDE_1.15.1/STM32CubeIDE/plugins/com.st.stm32cube.ide.mcu.externaltools.gnu-tools-for-stm32.12.3.rel1.win32_1.0.100.202403111256/tools/bin/../lib/gcc/arm-none-eabi/12.3.1/../../../../arm-none-eabi/lib/thumb/v7e-m+fp/hard\libc_nano.a(libc_a-stdio.o)
                0x08009a22                __sclose
 .text.memset   0x08009a2a       0x10 C:/D/Coding/STM32CubeIDE/Application/STM32CubeIDE_1.15.1/STM32CubeIDE/plugins/com.st.stm32cube.ide.mcu.externaltools.gnu-tools-for-stm32.12.3.rel1.win32_1.0.100.202403111256/tools/bin/../lib/gcc/arm-none-eabi/12.3.1/../../../../arm-none-eabi/lib/thumb/v7e-m+fp/hard\libc_nano.a(libc_a-memset.o)
                0x08009a2a                memset
 *fill*         0x08009a3a        0x2 
 .text._close_r
                0x08009a3c       0x20 C:/D/Coding/STM32CubeIDE/Application/STM32CubeIDE_1.15.1/STM32CubeIDE/plugins/com.st.stm32cube.ide.mcu.externaltools.gnu-tools-for-stm32.12.3.rel1.win32_1.0.100.202403111256/tools/bin/../lib/gcc/arm-none-eabi/12.3.1/../../../../arm-none-eabi/lib/thumb/v7e-m+fp/hard\libc_nano.a(libc_a-closer.o)
                0x08009a3c                _close_r
 .text._lseek_r
                0x08009a5c       0x24 C:/D/Coding/STM32CubeIDE/Application/STM32CubeIDE_1.15.1/STM32CubeIDE/plugins/com.st.stm32cube.ide.mcu.externaltools.gnu-tools-for-stm32.12.3.rel1.win32_1.0.100.202403111256/tools/bin/../lib/gcc/arm-none-eabi/12.3.1/../../../../arm-none-eabi/lib/thumb/v7e-m+fp/hard\libc_nano.a(libc_a-lseekr.o)
                0x08009a5c                _lseek_r
 .text._read_r  0x08009a80       0x24 C:/D/Coding/STM32CubeIDE/Application/STM32CubeIDE_1.15.1/STM32CubeIDE/plugins/com.st.stm32cube.ide.mcu.externaltools.gnu-tools-for-stm32.12.3.rel1.win32_1.0.100.202403111256/tools/bin/../lib/gcc/arm-none-eabi/12.3.1/../../../../arm-none-eabi/lib/thumb/v7e-m+fp/hard\libc_nano.a(libc_a-readr.o)
                0x08009a80                _read_r
 .text._write_r
                0x08009aa4       0x24 C:/D/Coding/STM32CubeIDE/Application/STM32CubeIDE_1.15.1/STM32CubeIDE/plugins/com.st.stm32cube.ide.mcu.externaltools.gnu-tools-for-stm32.12.3.rel1.win32_1.0.100.202403111256/tools/bin/../lib/gcc/arm-none-eabi/12.3.1/../../../../arm-none-eabi/lib/thumb/v7e-m+fp/hard\libc_nano.a(libc_a-writer.o)
                0x08009aa4                _write_r
 .text.__errno  0x08009ac8        0xc C:/D/Coding/STM32CubeIDE/Application/STM32CubeIDE_1.15.1/STM32CubeIDE/plugins/com.st.stm32cube.ide.mcu.externaltools.gnu-tools-for-stm32.12.3.rel1.win32_1.0.100.202403111256/tools/bin/../lib/gcc/arm-none-eabi/12.3.1/../../../../arm-none-eabi/lib/thumb/v7e-m+fp/hard\libc_nano.a(libc_a-errno.o)
                0x08009ac8                __errno
 .text.__libc_init_array
                0x08009ad4       0x48 C:/D/Coding/STM32CubeIDE/Application/STM32CubeIDE_1.15.1/STM32CubeIDE/plugins/com.st.stm32cube.ide.mcu.externaltools.gnu-tools-for-stm32.12.3.rel1.win32_1.0.100.202403111256/tools/bin/../lib/gcc/arm-none-eabi/12.3.1/../../../../arm-none-eabi/lib/thumb/v7e-m+fp/hard\libc_nano.a(libc_a-init.o)
                0x08009ad4                __libc_init_array
 .text.__retarget_lock_init_recursive
                0x08009b1c        0x2 C:/D/Coding/STM32CubeIDE/Application/STM32CubeIDE_1.15.1/STM32CubeIDE/plugins/com.st.stm32cube.ide.mcu.externaltools.gnu-tools-for-stm32.12.3.rel1.win32_1.0.100.202403111256/tools/bin/../lib/gcc/arm-none-eabi/12.3.1/../../../../arm-none-eabi/lib/thumb/v7e-m+fp/hard\libc_nano.a(libc_a-lock.o)
                0x08009b1c                __retarget_lock_init_recursive
 .text.__retarget_lock_acquire_recursive
                0x08009b1e        0x2 C:/D/Coding/STM32CubeIDE/Application/STM32CubeIDE_1.15.1/STM32CubeIDE/plugins/com.st.stm32cube.ide.mcu.externaltools.gnu-tools-for-stm32.12.3.rel1.win32_1.0.100.202403111256/tools/bin/../lib/gcc/arm-none-eabi/12.3.1/../../../../arm-none-eabi/lib/thumb/v7e-m+fp/hard\libc_nano.a(libc_a-lock.o)
                0x08009b1e                __retarget_lock_acquire_recursive
 .text.__retarget_lock_release_recursive
                0x08009b20        0x2 C:/D/Coding/STM32CubeIDE/Application/STM32CubeIDE_1.15.1/STM32CubeIDE/plugins/com.st.stm32cube.ide.mcu.externaltools.gnu-tools-for-stm32.12.3.rel1.win32_1.0.100.202403111256/tools/bin/../lib/gcc/arm-none-eabi/12.3.1/../../../../arm-none-eabi/lib/thumb/v7e-m+fp/hard\libc_nano.a(libc_a-lock.o)
                0x08009b20                __retarget_lock_release_recursive
 *fill*         0x08009b22        0x2 
 .text.__assert_func
                0x08009b24       0x3c C:/D/Coding/STM32CubeIDE/Application/STM32CubeIDE_1.15.1/STM32CubeIDE/plugins/com.st.stm32cube.ide.mcu.externaltools.gnu-tools-for-stm32.12.3.rel1.win32_1.0.100.202403111256/tools/bin/../lib/gcc/arm-none-eabi/12.3.1/../../../../arm-none-eabi/lib/thumb/v7e-m+fp/hard\libc_nano.a(libc_a-assert.o)
                0x08009b24                __assert_func
 .text._free_r  0x08009b60       0x94 C:/D/Coding/STM32CubeIDE/Application/STM32CubeIDE_1.15.1/STM32CubeIDE/plugins/com.st.stm32cube.ide.mcu.externaltools.gnu-tools-for-stm32.12.3.rel1.win32_1.0.100.202403111256/tools/bin/../lib/gcc/arm-none-eabi/12.3.1/../../../../arm-none-eabi/lib/thumb/v7e-m+fp/hard\libc_nano.a(libc_a-freer.o)
                0x08009b60                _free_r
 .text.malloc   0x08009bf4       0x10 C:/D/Coding/STM32CubeIDE/Application/STM32CubeIDE_1.15.1/STM32CubeIDE/plugins/com.st.stm32cube.ide.mcu.externaltools.gnu-tools-for-stm32.12.3.rel1.win32_1.0.100.202403111256/tools/bin/../lib/gcc/arm-none-eabi/12.3.1/../../../../arm-none-eabi/lib/thumb/v7e-m+fp/hard\libc_nano.a(libc_a-malloc.o)
                0x08009bf4                malloc
 .text.sbrk_aligned
                0x08009c04       0x44 C:/D/Coding/STM32CubeIDE/Application/STM32CubeIDE_1.15.1/STM32CubeIDE/plugins/com.st.stm32cube.ide.mcu.externaltools.gnu-tools-for-stm32.12.3.rel1.win32_1.0.100.202403111256/tools/bin/../lib/gcc/arm-none-eabi/12.3.1/../../../../arm-none-eabi/lib/thumb/v7e-m+fp/hard\libc_nano.a(libc_a-mallocr.o)
 .text._malloc_r
                0x08009c48      0x100 C:/D/Coding/STM32CubeIDE/Application/STM32CubeIDE_1.15.1/STM32CubeIDE/plugins/com.st.stm32cube.ide.mcu.externaltools.gnu-tools-for-stm32.12.3.rel1.win32_1.0.100.202403111256/tools/bin/../lib/gcc/arm-none-eabi/12.3.1/../../../../arm-none-eabi/lib/thumb/v7e-m+fp/hard\libc_nano.a(libc_a-mallocr.o)
                0x08009c48                _malloc_r
 .text.__malloc_lock
                0x08009d48        0xc C:/D/Coding/STM32CubeIDE/Application/STM32CubeIDE_1.15.1/STM32CubeIDE/plugins/com.st.stm32cube.ide.mcu.externaltools.gnu-tools-for-stm32.12.3.rel1.win32_1.0.100.202403111256/tools/bin/../lib/gcc/arm-none-eabi/12.3.1/../../../../arm-none-eabi/lib/thumb/v7e-m+fp/hard\libc_nano.a(libc_a-mlock.o)
                0x08009d48                __malloc_lock
 .text.__malloc_unlock
                0x08009d54        0xc C:/D/Coding/STM32CubeIDE/Application/STM32CubeIDE_1.15.1/STM32CubeIDE/plugins/com.st.stm32cube.ide.mcu.externaltools.gnu-tools-for-stm32.12.3.rel1.win32_1.0.100.202403111256/tools/bin/../lib/gcc/arm-none-eabi/12.3.1/../../../../arm-none-eabi/lib/thumb/v7e-m+fp/hard\libc_nano.a(libc_a-mlock.o)
                0x08009d54                __malloc_unlock
 .text.__ssputs_r
                0x08009d60       0xb6 C:/D/Coding/STM32CubeIDE/Application/STM32CubeIDE_1.15.1/STM32CubeIDE/plugins/com.st.stm32cube.ide.mcu.externaltools.gnu-tools-for-stm32.12.3.rel1.win32_1.0.100.202403111256/tools/bin/../lib/gcc/arm-none-eabi/12.3.1/../../../../arm-none-eabi/lib/thumb/v7e-m+fp/hard\libc_nano.a(libc_a-nano-svfprintf.o)
                0x08009d60                __ssputs_r
 *fill*         0x08009e16        0x2 
 .text._svfprintf_r
                0x08009e18      0x1f8 C:/D/Coding/STM32CubeIDE/Application/STM32CubeIDE_1.15.1/STM32CubeIDE/plugins/com.st.stm32cube.ide.mcu.externaltools.gnu-tools-for-stm32.12.3.rel1.win32_1.0.100.202403111256/tools/bin/../lib/gcc/arm-none-eabi/12.3.1/../../../../arm-none-eabi/lib/thumb/v7e-m+fp/hard\libc_nano.a(libc_a-nano-svfprintf.o)
                0x08009e18                _svfiprintf_r
                0x08009e18                _svfprintf_r
 .text._printf_common
                0x0800a010       0xda C:/D/Coding/STM32CubeIDE/Application/STM32CubeIDE_1.15.1/STM32CubeIDE/plugins/com.st.stm32cube.ide.mcu.externaltools.gnu-tools-for-stm32.12.3.rel1.win32_1.0.100.202403111256/tools/bin/../lib/gcc/arm-none-eabi/12.3.1/../../../../arm-none-eabi/lib/thumb/v7e-m+fp/hard\libc_nano.a(libc_a-nano-vfprintf_i.o)
                0x0800a010                _printf_common
 *fill*         0x0800a0ea        0x2 
 .text._printf_i
                0x0800a0ec      0x240 C:/D/Coding/STM32CubeIDE/Application/STM32CubeIDE_1.15.1/STM32CubeIDE/plugins/com.st.stm32cube.ide.mcu.externaltools.gnu-tools-for-stm32.12.3.rel1.win32_1.0.100.202403111256/tools/bin/../lib/gcc/arm-none-eabi/12.3.1/../../../../arm-none-eabi/lib/thumb/v7e-m+fp/hard\libc_nano.a(libc_a-nano-vfprintf_i.o)
                0x0800a0ec                _printf_i
 .text.__sflush_r
                0x0800a32c      0x108 C:/D/Coding/STM32CubeIDE/Application/STM32CubeIDE_1.15.1/STM32CubeIDE/plugins/com.st.stm32cube.ide.mcu.externaltools.gnu-tools-for-stm32.12.3.rel1.win32_1.0.100.202403111256/tools/bin/../lib/gcc/arm-none-eabi/12.3.1/../../../../arm-none-eabi/lib/thumb/v7e-m+fp/hard\libc_nano.a(libc_a-fflush.o)
                0x0800a32c                __sflush_r
 .text._fflush_r
                0x0800a434       0x50 C:/D/Coding/STM32CubeIDE/Application/STM32CubeIDE_1.15.1/STM32CubeIDE/plugins/com.st.stm32cube.ide.mcu.externaltools.gnu-tools-for-stm32.12.3.rel1.win32_1.0.100.202403111256/tools/bin/../lib/gcc/arm-none-eabi/12.3.1/../../../../arm-none-eabi/lib/thumb/v7e-m+fp/hard\libc_nano.a(libc_a-fflush.o)
                0x0800a434                _fflush_r
 .text.fprintf  0x0800a484       0x24 C:/D/Coding/STM32CubeIDE/Application/STM32CubeIDE_1.15.1/STM32CubeIDE/plugins/com.st.stm32cube.ide.mcu.externaltools.gnu-tools-for-stm32.12.3.rel1.win32_1.0.100.202403111256/tools/bin/../lib/gcc/arm-none-eabi/12.3.1/../../../../arm-none-eabi/lib/thumb/v7e-m+fp/hard\libc_nano.a(libc_a-fprintf.o)
                0x0800a484                fiprintf
                0x0800a484                fprintf
 .text.memmove  0x0800a4a8       0x34 C:/D/Coding/STM32CubeIDE/Application/STM32CubeIDE_1.15.1/STM32CubeIDE/plugins/com.st.stm32cube.ide.mcu.externaltools.gnu-tools-for-stm32.12.3.rel1.win32_1.0.100.202403111256/tools/bin/../lib/gcc/arm-none-eabi/12.3.1/../../../../arm-none-eabi/lib/thumb/v7e-m+fp/hard\libc_nano.a(libc_a-memmove.o)
                0x0800a4a8                memmove
 .text._sbrk_r  0x0800a4dc       0x20 C:/D/Coding/STM32CubeIDE/Application/STM32CubeIDE_1.15.1/STM32CubeIDE/plugins/com.st.stm32cube.ide.mcu.externaltools.gnu-tools-for-stm32.12.3.rel1.win32_1.0.100.202403111256/tools/bin/../lib/gcc/arm-none-eabi/12.3.1/../../../../arm-none-eabi/lib/thumb/v7e-m+fp/hard\libc_nano.a(libc_a-sbrkr.o)
                0x0800a4dc                _sbrk_r
 .text.memcpy   0x0800a4fc       0x1c C:/D/Coding/STM32CubeIDE/Application/STM32CubeIDE_1.15.1/STM32CubeIDE/plugins/com.st.stm32cube.ide.mcu.externaltools.gnu-tools-for-stm32.12.3.rel1.win32_1.0.100.202403111256/tools/bin/../lib/gcc/arm-none-eabi/12.3.1/../../../../arm-none-eabi/lib/thumb/v7e-m+fp/hard\libc_nano.a(libc_a-memcpy-stub.o)
                0x0800a4fc                memcpy
 .text.abort    0x0800a518        0xe C:/D/Coding/STM32CubeIDE/Application/STM32CubeIDE_1.15.1/STM32CubeIDE/plugins/com.st.stm32cube.ide.mcu.externaltools.gnu-tools-for-stm32.12.3.rel1.win32_1.0.100.202403111256/tools/bin/../lib/gcc/arm-none-eabi/12.3.1/../../../../arm-none-eabi/lib/thumb/v7e-m+fp/hard\libc_nano.a(libc_a-abort.o)
                0x0800a518                abort
 .text._realloc_r
                0x0800a526       0x5c C:/D/Coding/STM32CubeIDE/Application/STM32CubeIDE_1.15.1/STM32CubeIDE/plugins/com.st.stm32cube.ide.mcu.externaltools.gnu-tools-for-stm32.12.3.rel1.win32_1.0.100.202403111256/tools/bin/../lib/gcc/arm-none-eabi/12.3.1/../../../../arm-none-eabi/lib/thumb/v7e-m+fp/hard\libc_nano.a(libc_a-reallocr.o)
                0x0800a526                _realloc_r
 .text.__sfputc_r
                0x0800a582       0x2e C:/D/Coding/STM32CubeIDE/Application/STM32CubeIDE_1.15.1/STM32CubeIDE/plugins/com.st.stm32cube.ide.mcu.externaltools.gnu-tools-for-stm32.12.3.rel1.win32_1.0.100.202403111256/tools/bin/../lib/gcc/arm-none-eabi/12.3.1/../../../../arm-none-eabi/lib/thumb/v7e-m+fp/hard\libc_nano.a(libc_a-nano-vfprintf.o)
 .text.__sfputs_r
                0x0800a5b0       0x24 C:/D/Coding/STM32CubeIDE/Application/STM32CubeIDE_1.15.1/STM32CubeIDE/plugins/com.st.stm32cube.ide.mcu.externaltools.gnu-tools-for-stm32.12.3.rel1.win32_1.0.100.202403111256/tools/bin/../lib/gcc/arm-none-eabi/12.3.1/../../../../arm-none-eabi/lib/thumb/v7e-m+fp/hard\libc_nano.a(libc_a-nano-vfprintf.o)
                0x0800a5b0                __sfputs_r
 .text._vfprintf_r
                0x0800a5d4      0x230 C:/D/Coding/STM32CubeIDE/Application/STM32CubeIDE_1.15.1/STM32CubeIDE/plugins/com.st.stm32cube.ide.mcu.externaltools.gnu-tools-for-stm32.12.3.rel1.win32_1.0.100.202403111256/tools/bin/../lib/gcc/arm-none-eabi/12.3.1/../../../../arm-none-eabi/lib/thumb/v7e-m+fp/hard\libc_nano.a(libc_a-nano-vfprintf.o)
                0x0800a5d4                _vfprintf_r
                0x0800a5d4                _vfiprintf_r
 .text.__swbuf_r
                0x0800a804       0x7c C:/D/Coding/STM32CubeIDE/Application/STM32CubeIDE_1.15.1/STM32CubeIDE/plugins/com.st.stm32cube.ide.mcu.externaltools.gnu-tools-for-stm32.12.3.rel1.win32_1.0.100.202403111256/tools/bin/../lib/gcc/arm-none-eabi/12.3.1/../../../../arm-none-eabi/lib/thumb/v7e-m+fp/hard\libc_nano.a(libc_a-wbuf.o)
                0x0800a804                __swbuf_r
 .text.__swsetup_r
                0x0800a880       0xac C:/D/Coding/STM32CubeIDE/Application/STM32CubeIDE_1.15.1/STM32CubeIDE/plugins/com.st.stm32cube.ide.mcu.externaltools.gnu-tools-for-stm32.12.3.rel1.win32_1.0.100.202403111256/tools/bin/../lib/gcc/arm-none-eabi/12.3.1/../../../../arm-none-eabi/lib/thumb/v7e-m+fp/hard\libc_nano.a(libc_a-wsetup.o)
                0x0800a880                __swsetup_r
 .text._raise_r
                0x0800a92c       0x50 C:/D/Coding/STM32CubeIDE/Application/STM32CubeIDE_1.15.1/STM32CubeIDE/plugins/com.st.stm32cube.ide.mcu.externaltools.gnu-tools-for-stm32.12.3.rel1.win32_1.0.100.202403111256/tools/bin/../lib/gcc/arm-none-eabi/12.3.1/../../../../arm-none-eabi/lib/thumb/v7e-m+fp/hard\libc_nano.a(libc_a-signal.o)
                0x0800a92c                _raise_r
 .text.raise    0x0800a97c       0x10 C:/D/Coding/STM32CubeIDE/Application/STM32CubeIDE_1.15.1/STM32CubeIDE/plugins/com.st.stm32cube.ide.mcu.externaltools.gnu-tools-for-stm32.12.3.rel1.win32_1.0.100.202403111256/tools/bin/../lib/gcc/arm-none-eabi/12.3.1/../../../../arm-none-eabi/lib/thumb/v7e-m+fp/hard\libc_nano.a(libc_a-signal.o)
                0x0800a97c                raise
 .text._kill_r  0x0800a98c       0x24 C:/D/Coding/STM32CubeIDE/Application/STM32CubeIDE_1.15.1/STM32CubeIDE/plugins/com.st.stm32cube.ide.mcu.externaltools.gnu-tools-for-stm32.12.3.rel1.win32_1.0.100.202403111256/tools/bin/../lib/gcc/arm-none-eabi/12.3.1/../../../../arm-none-eabi/lib/thumb/v7e-m+fp/hard\libc_nano.a(libc_a-signalr.o)
                0x0800a98c                _kill_r
 .text._getpid_r
                0x0800a9b0        0x4 C:/D/Coding/STM32CubeIDE/Application/STM32CubeIDE_1.15.1/STM32CubeIDE/plugins/com.st.stm32cube.ide.mcu.externaltools.gnu-tools-for-stm32.12.3.rel1.win32_1.0.100.202403111256/tools/bin/../lib/gcc/arm-none-eabi/12.3.1/../../../../arm-none-eabi/lib/thumb/v7e-m+fp/hard\libc_nano.a(libc_a-signalr.o)
                0x0800a9b0                _getpid_r
 .text._malloc_usable_size_r
                0x0800a9b4       0x10 C:/D/Coding/STM32CubeIDE/Application/STM32CubeIDE_1.15.1/STM32CubeIDE/plugins/com.st.stm32cube.ide.mcu.externaltools.gnu-tools-for-stm32.12.3.rel1.win32_1.0.100.202403111256/tools/bin/../lib/gcc/arm-none-eabi/12.3.1/../../../../arm-none-eabi/lib/thumb/v7e-m+fp/hard\libc_nano.a(libc_a-msizer.o)
                0x0800a9b4                _malloc_usable_size_r
 .text.__swhatbuf_r
                0x0800a9c4       0x4c C:/D/Coding/STM32CubeIDE/Application/STM32CubeIDE_1.15.1/STM32CubeIDE/plugins/com.st.stm32cube.ide.mcu.externaltools.gnu-tools-for-stm32.12.3.rel1.win32_1.0.100.202403111256/tools/bin/../lib/gcc/arm-none-eabi/12.3.1/../../../../arm-none-eabi/lib/thumb/v7e-m+fp/hard\libc_nano.a(libc_a-makebuf.o)
                0x0800a9c4                __swhatbuf_r
 .text.__smakebuf_r
                0x0800aa10       0x78 C:/D/Coding/STM32CubeIDE/Application/STM32CubeIDE_1.15.1/STM32CubeIDE/plugins/com.st.stm32cube.ide.mcu.externaltools.gnu-tools-for-stm32.12.3.rel1.win32_1.0.100.202403111256/tools/bin/../lib/gcc/arm-none-eabi/12.3.1/../../../../arm-none-eabi/lib/thumb/v7e-m+fp/hard\libc_nano.a(libc_a-makebuf.o)
                0x0800aa10                __smakebuf_r
 .text._fstat_r
                0x0800aa88       0x24 C:/D/Coding/STM32CubeIDE/Application/STM32CubeIDE_1.15.1/STM32CubeIDE/plugins/com.st.stm32cube.ide.mcu.externaltools.gnu-tools-for-stm32.12.3.rel1.win32_1.0.100.202403111256/tools/bin/../lib/gcc/arm-none-eabi/12.3.1/../../../../arm-none-eabi/lib/thumb/v7e-m+fp/hard\libc_nano.a(libc_a-fstatr.o)
                0x0800aa88                _fstat_r
 .text._isatty_r
                0x0800aaac       0x20 C:/D/Coding/STM32CubeIDE/Application/STM32CubeIDE_1.15.1/STM32CubeIDE/plugins/com.st.stm32cube.ide.mcu.externaltools.gnu-tools-for-stm32.12.3.rel1.win32_1.0.100.202403111256/tools/bin/../lib/gcc/arm-none-eabi/12.3.1/../../../../arm-none-eabi/lib/thumb/v7e-m+fp/hard\libc_nano.a(libc_a-isattyr.o)
                0x0800aaac                _isatty_r
 .text.sqrt     0x0800aacc       0x58 C:/D/Coding/STM32CubeIDE/Application/STM32CubeIDE_1.15.1/STM32CubeIDE/plugins/com.st.stm32cube.ide.mcu.externaltools.gnu-tools-for-stm32.12.3.rel1.win32_1.0.100.202403111256/tools/bin/../lib/gcc/arm-none-eabi/12.3.1/../../../../arm-none-eabi/lib/thumb/v7e-m+fp/hard\libm.a(libm_a-w_sqrt.o)
                0x0800aacc                sqrt
 .text.__ieee754_sqrt
                0x0800ab24      0x1b4 C:/D/Coding/STM32CubeIDE/Application/STM32CubeIDE_1.15.1/STM32CubeIDE/plugins/com.st.stm32cube.ide.mcu.externaltools.gnu-tools-for-stm32.12.3.rel1.win32_1.0.100.202403111256/tools/bin/../lib/gcc/arm-none-eabi/12.3.1/../../../../arm-none-eabi/lib/thumb/v7e-m+fp/hard\libm.a(libm_a-e_sqrt.o)
                0x0800ab24                __ieee754_sqrt
 *(.glue_7)
 .glue_7        0x0800acd8        0x0 linker stubs
 *(.glue_7t)
 .glue_7t       0x0800acd8        0x0 linker stubs
 *(.eh_frame)
 .eh_frame      0x0800acd8        0x0 C:/D/Coding/STM32CubeIDE/Application/STM32CubeIDE_1.15.1/STM32CubeIDE/plugins/com.st.stm32cube.ide.mcu.externaltools.gnu-tools-for-stm32.12.3.rel1.win32_1.0.100.202403111256/tools/bin/../lib/gcc/arm-none-eabi/12.3.1/thumb/v7e-m+fp/hard/crtbegin.o
 *(.init)
 .init          0x0800acd8        0x4 C:/D/Coding/STM32CubeIDE/Application/STM32CubeIDE_1.15.1/STM32CubeIDE/plugins/com.st.stm32cube.ide.mcu.externaltools.gnu-tools-for-stm32.12.3.rel1.win32_1.0.100.202403111256/tools/bin/../lib/gcc/arm-none-eabi/12.3.1/thumb/v7e-m+fp/hard/crti.o
                0x0800acd8                _init
 .init          0x0800acdc        0x8 C:/D/Coding/STM32CubeIDE/Application/STM32CubeIDE_1.15.1/STM32CubeIDE/plugins/com.st.stm32cube.ide.mcu.externaltools.gnu-tools-for-stm32.12.3.rel1.win32_1.0.100.202403111256/tools/bin/../lib/gcc/arm-none-eabi/12.3.1/thumb/v7e-m+fp/hard/crtn.o
 *(.fini)
 .fini          0x0800ace4        0x4 C:/D/Coding/STM32CubeIDE/Application/STM32CubeIDE_1.15.1/STM32CubeIDE/plugins/com.st.stm32cube.ide.mcu.externaltools.gnu-tools-for-stm32.12.3.rel1.win32_1.0.100.202403111256/tools/bin/../lib/gcc/arm-none-eabi/12.3.1/thumb/v7e-m+fp/hard/crti.o
                0x0800ace4                _fini
 .fini          0x0800ace8        0x8 C:/D/Coding/STM32CubeIDE/Application/STM32CubeIDE_1.15.1/STM32CubeIDE/plugins/com.st.stm32cube.ide.mcu.externaltools.gnu-tools-for-stm32.12.3.rel1.win32_1.0.100.202403111256/tools/bin/../lib/gcc/arm-none-eabi/12.3.1/thumb/v7e-m+fp/hard/crtn.o
                0x0800acf0                        . = ALIGN (0x4)
                0x0800acf0                        _etext = .

.vfp11_veneer   0x0800acf0        0x0
 .vfp11_veneer  0x0800acf0        0x0 linker stubs

.v4_bx          0x0800acf0        0x0
 .v4_bx         0x0800acf0        0x0 linker stubs

.iplt           0x0800acf0        0x0
 .iplt          0x0800acf0        0x0 C:/D/Coding/STM32CubeIDE/Application/STM32CubeIDE_1.15.1/STM32CubeIDE/plugins/com.st.stm32cube.ide.mcu.externaltools.gnu-tools-for-stm32.12.3.rel1.win32_1.0.100.202403111256/tools/bin/../lib/gcc/arm-none-eabi/12.3.1/thumb/v7e-m+fp/hard/crtbegin.o

.rodata         0x0800acf0     0x320c
                0x0800acf0                        . = ALIGN (0x4)
 *(.rodata)
 .rodata        0x0800acf0       0xaa ./Core/Src/main.o
 *fill*         0x0800ad9a        0x2 
 .rodata        0x0800ad9c       0xe0 ./Core/Src/touch.o
 *(.rodata*)
 .rodata.ascii_1608
                0x0800ae7c      0x5f0 ./Core/Src/lcd.o
                0x0800ae7c                ascii_1608
 .rodata.ascii_2412
                0x0800b46c     0x11d0 ./Core/Src/lcd.o
                0x0800b46c                ascii_2412
 .rodata.ascii_3216
                0x0800c63c     0x17c0 ./Core/Src/lcd.o
                0x0800c63c                ascii_3216
 .rodata.AHBPrescTable
                0x0800ddfc       0x10 ./Core/Src/system_stm32f4xx.o
                0x0800ddfc                AHBPrescTable
 .rodata.APBPrescTable
                0x0800de0c        0x8 ./Core/Src/system_stm32f4xx.o
                0x0800de0c                APBPrescTable
 .rodata.flagBitshiftOffset.0
                0x0800de14        0x8 ./Drivers/STM32F4xx_HAL_Driver/Src/stm32f4xx_hal_dma.o
 .rodata.srand.str1.1
                0x0800de1c       0x6f C:/D/Coding/STM32CubeIDE/Application/STM32CubeIDE_1.15.1/STM32CubeIDE/plugins/com.st.stm32cube.ide.mcu.externaltools.gnu-tools-for-stm32.12.3.rel1.win32_1.0.100.202403111256/tools/bin/../lib/gcc/arm-none-eabi/12.3.1/../../../../arm-none-eabi/lib/thumb/v7e-m+fp/hard\libc_nano.a(libc_a-rand.o)
 .rodata.__assert_func.str1.1
                0x0800de8b       0x3c C:/D/Coding/STM32CubeIDE/Application/STM32CubeIDE_1.15.1/STM32CubeIDE/plugins/com.st.stm32cube.ide.mcu.externaltools.gnu-tools-for-stm32.12.3.rel1.win32_1.0.100.202403111256/tools/bin/../lib/gcc/arm-none-eabi/12.3.1/../../../../arm-none-eabi/lib/thumb/v7e-m+fp/hard\libc_nano.a(libc_a-assert.o)
                                 0x3d (size before relaxing)
 .rodata._svfprintf_r.str1.1
                0x0800dec7       0x11 C:/D/Coding/STM32CubeIDE/Application/STM32CubeIDE_1.15.1/STM32CubeIDE/plugins/com.st.stm32cube.ide.mcu.externaltools.gnu-tools-for-stm32.12.3.rel1.win32_1.0.100.202403111256/tools/bin/../lib/gcc/arm-none-eabi/12.3.1/../../../../arm-none-eabi/lib/thumb/v7e-m+fp/hard\libc_nano.a(libc_a-nano-svfprintf.o)
 .rodata._printf_i.str1.1
                0x0800ded8       0x22 C:/D/Coding/STM32CubeIDE/Application/STM32CubeIDE_1.15.1/STM32CubeIDE/plugins/com.st.stm32cube.ide.mcu.externaltools.gnu-tools-for-stm32.12.3.rel1.win32_1.0.100.202403111256/tools/bin/../lib/gcc/arm-none-eabi/12.3.1/../../../../arm-none-eabi/lib/thumb/v7e-m+fp/hard\libc_nano.a(libc_a-nano-vfprintf_i.o)
 .rodata._vfprintf_r.str1.1
                0x0800defa       0x11 C:/D/Coding/STM32CubeIDE/Application/STM32CubeIDE_1.15.1/STM32CubeIDE/plugins/com.st.stm32cube.ide.mcu.externaltools.gnu-tools-for-stm32.12.3.rel1.win32_1.0.100.202403111256/tools/bin/../lib/gcc/arm-none-eabi/12.3.1/../../../../arm-none-eabi/lib/thumb/v7e-m+fp/hard\libc_nano.a(libc_a-nano-vfprintf.o)
                0x0800df0c                        . = ALIGN (0x4)
 *fill*         0x0800defa        0x2 

.ARM.extab      0x0800defc        0x0
                0x0800defc                        . = ALIGN (0x4)
 *(.ARM.extab* .gnu.linkonce.armextab.*)
                0x0800defc                        . = ALIGN (0x4)

.ARM            0x0800defc        0x8
                0x0800defc                        . = ALIGN (0x4)
                0x0800defc                        __exidx_start = .
 *(.ARM.exidx*)
 .ARM.exidx     0x0800defc        0x8 C:/D/Coding/STM32CubeIDE/Application/STM32CubeIDE_1.15.1/STM32CubeIDE/plugins/com.st.stm32cube.ide.mcu.externaltools.gnu-tools-for-stm32.12.3.rel1.win32_1.0.100.202403111256/tools/bin/../lib/gcc/arm-none-eabi/12.3.1/../../../../arm-none-eabi/lib/thumb/v7e-m+fp/hard\libc_nano.a(libc_a-memchr.o)
 .ARM.exidx     0x0800df04        0x0 C:/D/Coding/STM32CubeIDE/Application/STM32CubeIDE_1.15.1/STM32CubeIDE/plugins/com.st.stm32cube.ide.mcu.externaltools.gnu-tools-for-stm32.12.3.rel1.win32_1.0.100.202403111256/tools/bin/../lib/gcc/arm-none-eabi/12.3.1/thumb/v7e-m+fp/hard\libgcc.a(_udivmoddi4.o)
                                  0x8 (size before relaxing)
                0x0800df04                        __exidx_end = .
                0x0800df04                        . = ALIGN (0x4)

.rel.dyn        0x0800df04        0x0
 .rel.iplt      0x0800df04        0x0 C:/D/Coding/STM32CubeIDE/Application/STM32CubeIDE_1.15.1/STM32CubeIDE/plugins/com.st.stm32cube.ide.mcu.externaltools.gnu-tools-for-stm32.12.3.rel1.win32_1.0.100.202403111256/tools/bin/../lib/gcc/arm-none-eabi/12.3.1/thumb/v7e-m+fp/hard/crtbegin.o

.preinit_array  0x0800df04        0x0
                0x0800df04                        . = ALIGN (0x4)
                0x0800df04                        PROVIDE (__preinit_array_start = .)
 *(.preinit_array*)
                0x0800df04                        PROVIDE (__preinit_array_end = .)
                0x0800df04                        . = ALIGN (0x4)

.init_array     0x0800df04        0x4
                0x0800df04                        . = ALIGN (0x4)
                0x0800df04                        PROVIDE (__init_array_start = .)
 *(SORT_BY_NAME(.init_array.*))
 *(.init_array*)
 .init_array    0x0800df04        0x4 C:/D/Coding/STM32CubeIDE/Application/STM32CubeIDE_1.15.1/STM32CubeIDE/plugins/com.st.stm32cube.ide.mcu.externaltools.gnu-tools-for-stm32.12.3.rel1.win32_1.0.100.202403111256/tools/bin/../lib/gcc/arm-none-eabi/12.3.1/thumb/v7e-m+fp/hard/crtbegin.o
                0x0800df08                        PROVIDE (__init_array_end = .)
                0x0800df08                        . = ALIGN (0x4)

.fini_array     0x0800df08        0x4
                0x0800df08                        . = ALIGN (0x4)
                [!provide]                        PROVIDE (__fini_array_start = .)
 *(SORT_BY_NAME(.fini_array.*))
 *(.fini_array*)
 .fini_array    0x0800df08        0x4 C:/D/Coding/STM32CubeIDE/Application/STM32CubeIDE_1.15.1/STM32CubeIDE/plugins/com.st.stm32cube.ide.mcu.externaltools.gnu-tools-for-stm32.12.3.rel1.win32_1.0.100.202403111256/tools/bin/../lib/gcc/arm-none-eabi/12.3.1/thumb/v7e-m+fp/hard/crtbegin.o
                [!provide]                        PROVIDE (__fini_array_end = .)
                0x0800df0c                        . = ALIGN (0x4)
                0x0800df0c                        _sidata = LOADADDR (.data)

.data           0x20000000      0x118 load address 0x0800df0c
                0x20000000                        . = ALIGN (0x4)
                0x20000000                        _sdata = .
 *(.data)
 *(.data*)
 .data.led7seg  0x20000000        0x4 ./Core/Src/led_7seg.o
                0x20000000                led7seg
 .data.spi_buffer
                0x20000004        0x2 ./Core/Src/led_7seg.o
                0x20000004                spi_buffer
 *fill*         0x20000006        0x2 
 .data.snake_length
                0x20000008        0x4 ./Core/Src/main.o
                0x20000008                snake_length
 .data.gameFrameX1
                0x2000000c        0x4 ./Core/Src/main.o
                0x2000000c                gameFrameX1
 .data.gameFrameX2
                0x20000010        0x4 ./Core/Src/main.o
                0x20000010                gameFrameX2
 .data.gameFrameY2
                0x20000014        0x4 ./Core/Src/main.o
                0x20000014                gameFrameY2
 .data.buttonUpX1
                0x20000018        0x4 ./Core/Src/main.o
                0x20000018                buttonUpX1
 .data.buttonUpY1
                0x2000001c        0x4 ./Core/Src/main.o
                0x2000001c                buttonUpY1
 .data.buttonUpX2
                0x20000020        0x4 ./Core/Src/main.o
                0x20000020                buttonUpX2
 .data.buttonUpY2
                0x20000024        0x4 ./Core/Src/main.o
                0x20000024                buttonUpY2
 .data.buttonDownX1
                0x20000028        0x4 ./Core/Src/main.o
                0x20000028                buttonDownX1
 .data.buttonDownY1
                0x2000002c        0x4 ./Core/Src/main.o
                0x2000002c                buttonDownY1
 .data.buttonDownX2
                0x20000030        0x4 ./Core/Src/main.o
                0x20000030                buttonDownX2
 .data.buttonDownY2
                0x20000034        0x4 ./Core/Src/main.o
                0x20000034                buttonDownY2
 .data.buttonLeftX1
                0x20000038        0x4 ./Core/Src/main.o
                0x20000038                buttonLeftX1
 .data.buttonLeftY1
                0x2000003c        0x4 ./Core/Src/main.o
                0x2000003c                buttonLeftY1
 .data.buttonLeftX2
                0x20000040        0x4 ./Core/Src/main.o
                0x20000040                buttonLeftX2
 .data.buttonLeftY2
                0x20000044        0x4 ./Core/Src/main.o
                0x20000044                buttonLeftY2
 .data.buttonRightX1
                0x20000048        0x4 ./Core/Src/main.o
                0x20000048                buttonRightX1
 .data.buttonRightY1
                0x2000004c        0x4 ./Core/Src/main.o
                0x2000004c                buttonRightY1
 .data.buttonRightX2
                0x20000050        0x4 ./Core/Src/main.o
                0x20000050                buttonRightX2
 .data.buttonRightY2
                0x20000054        0x4 ./Core/Src/main.o
                0x20000054                buttonRightY2
 .data.buttonStartX1
                0x20000058        0x4 ./Core/Src/main.o
                0x20000058                buttonStartX1
 .data.buttonStartY1
                0x2000005c        0x4 ./Core/Src/main.o
                0x2000005c                buttonStartY1
 .data.buttonStartX2
                0x20000060        0x4 ./Core/Src/main.o
                0x20000060                buttonStartX2
 .data.buttonStartY2
                0x20000064        0x4 ./Core/Src/main.o
                0x20000064                buttonStartY2
 .data.SystemCoreClock
                0x20000068        0x4 ./Core/Src/system_stm32f4xx.o
                0x20000068                SystemCoreClock
 .data.tp_dev   0x2000006c       0x34 ./Core/Src/touch.o
                0x2000006c                tp_dev
 .data.CMD_RDX  0x200000a0        0x1 ./Core/Src/touch.o
                0x200000a0                CMD_RDX
 .data.CMD_RDY  0x200000a1        0x1 ./Core/Src/touch.o
                0x200000a1                CMD_RDY
 *fill*         0x200000a2        0x2 
 .data.uwTickPrio
                0x200000a4        0x4 ./Drivers/STM32F4xx_HAL_Driver/Src/stm32f4xx_hal.o
                0x200000a4                uwTickPrio
 .data.uwTickFreq
                0x200000a8        0x1 ./Drivers/STM32F4xx_HAL_Driver/Src/stm32f4xx_hal.o
                0x200000a8                uwTickFreq
 *fill*         0x200000a9        0x3 
 .data.__sglue  0x200000ac        0xc C:/D/Coding/STM32CubeIDE/Application/STM32CubeIDE_1.15.1/STM32CubeIDE/plugins/com.st.stm32cube.ide.mcu.externaltools.gnu-tools-for-stm32.12.3.rel1.win32_1.0.100.202403111256/tools/bin/../lib/gcc/arm-none-eabi/12.3.1/../../../../arm-none-eabi/lib/thumb/v7e-m+fp/hard\libc_nano.a(libc_a-findfp.o)
                0x200000ac                __sglue
 .data._impure_ptr
                0x200000b8        0x4 C:/D/Coding/STM32CubeIDE/Application/STM32CubeIDE_1.15.1/STM32CubeIDE/plugins/com.st.stm32cube.ide.mcu.externaltools.gnu-tools-for-stm32.12.3.rel1.win32_1.0.100.202403111256/tools/bin/../lib/gcc/arm-none-eabi/12.3.1/../../../../arm-none-eabi/lib/thumb/v7e-m+fp/hard\libc_nano.a(libc_a-impure.o)
                0x200000b8                _impure_ptr
 .data._impure_data
                0x200000bc       0x4c C:/D/Coding/STM32CubeIDE/Application/STM32CubeIDE_1.15.1/STM32CubeIDE/plugins/com.st.stm32cube.ide.mcu.externaltools.gnu-tools-for-stm32.12.3.rel1.win32_1.0.100.202403111256/tools/bin/../lib/gcc/arm-none-eabi/12.3.1/../../../../arm-none-eabi/lib/thumb/v7e-m+fp/hard\libc_nano.a(libc_a-impure.o)
                0x200000bc                _impure_data
 .data.tiny     0x20000108        0x8 C:/D/Coding/STM32CubeIDE/Application/STM32CubeIDE_1.15.1/STM32CubeIDE/plugins/com.st.stm32cube.ide.mcu.externaltools.gnu-tools-for-stm32.12.3.rel1.win32_1.0.100.202403111256/tools/bin/../lib/gcc/arm-none-eabi/12.3.1/../../../../arm-none-eabi/lib/thumb/v7e-m+fp/hard\libm.a(libm_a-e_sqrt.o)
 .data.one      0x20000110        0x8 C:/D/Coding/STM32CubeIDE/Application/STM32CubeIDE_1.15.1/STM32CubeIDE/plugins/com.st.stm32cube.ide.mcu.externaltools.gnu-tools-for-stm32.12.3.rel1.win32_1.0.100.202403111256/tools/bin/../lib/gcc/arm-none-eabi/12.3.1/../../../../arm-none-eabi/lib/thumb/v7e-m+fp/hard\libm.a(libm_a-e_sqrt.o)
 *(.RamFunc)
 *(.RamFunc*)
                0x20000118                        . = ALIGN (0x4)
                0x20000118                        _edata = .
                0x0800e024                        _siccmram = LOADADDR (.ccmram)

.igot.plt       0x20000118        0x0 load address 0x0800e024
 .igot.plt      0x20000118        0x0 C:/D/Coding/STM32CubeIDE/Application/STM32CubeIDE_1.15.1/STM32CubeIDE/plugins/com.st.stm32cube.ide.mcu.externaltools.gnu-tools-for-stm32.12.3.rel1.win32_1.0.100.202403111256/tools/bin/../lib/gcc/arm-none-eabi/12.3.1/thumb/v7e-m+fp/hard/crtbegin.o

.ccmram         0x10000000        0x0 load address 0x0800e024
                0x10000000                        . = ALIGN (0x4)
                0x10000000                        _sccmram = .
 *(.ccmram)
 *(.ccmram*)
                0x10000000                        . = ALIGN (0x4)
                0x10000000                        _eccmram = .
                0x10000000                        . = ALIGN (0x4)

.bss            0x20000118      0x784
                0x20000118                        _sbss = .
                0x20000118                        __bss_start__ = _sbss
 *(.bss)
 .bss           0x20000118       0x1c C:/D/Coding/STM32CubeIDE/Application/STM32CubeIDE_1.15.1/STM32CubeIDE/plugins/com.st.stm32cube.ide.mcu.externaltools.gnu-tools-for-stm32.12.3.rel1.win32_1.0.100.202403111256/tools/bin/../lib/gcc/arm-none-eabi/12.3.1/thumb/v7e-m+fp/hard/crtbegin.o
 *(.bss*)
 .bss.hadc1     0x20000134       0x48 ./Core/Src/adc.o
                0x20000134                hadc1
 .bss.hdma_adc1
                0x2000017c       0x60 ./Core/Src/adc.o
                0x2000017c                hdma_adc1
 .bss.hsram1    0x200001dc       0x50 ./Core/Src/fsmc.o
                0x200001dc                hsram1
 .bss.FSMC_Initialized
                0x2000022c        0x4 ./Core/Src/fsmc.o
 .bss.hi2c1     0x20000230       0x54 ./Core/Src/i2c.o
                0x20000230                hi2c1
 .bss.lcddev    0x20000284        0x6 ./Core/Src/lcd.o
                0x20000284                lcddev
 *fill*         0x2000028a        0x2 
 .bss.led7_index
                0x2000028c        0x4 ./Core/Src/led_7seg.o
                0x2000028c                led7_index
 .bss.game_state
                0x20000290        0x4 ./Core/Src/main.o
                0x20000290                game_state
 .bss.direction
                0x20000294        0x4 ./Core/Src/main.o
                0x20000294                direction
 .bss.snake     0x20000298      0x320 ./Core/Src/main.o
                0x20000298                snake
 .bss.food      0x200005b8        0x8 ./Core/Src/main.o
                0x200005b8                food
 .bss.gameFrameY1
                0x200005c0        0x4 ./Core/Src/main.o
                0x200005c0                gameFrameY1
 .bss.flag_timer2
                0x200005c4        0x2 ./Core/Src/software_timer.o
                0x200005c4                flag_timer2
 .bss.timer2_counter
                0x200005c6        0x2 ./Core/Src/software_timer.o
                0x200005c6                timer2_counter
 .bss.timer2_MUL
                0x200005c8        0x2 ./Core/Src/software_timer.o
                0x200005c8                timer2_MUL
 *fill*         0x200005ca        0x2 
 .bss.hspi1     0x200005cc       0x58 ./Core/Src/spi.o
                0x200005cc                hspi1
 .bss.__sbrk_heap_end
                0x20000624        0x4 ./Core/Src/sysmem.o
 .bss.htim1     0x20000628       0x48 ./Core/Src/tim.o
                0x20000628                htim1
 .bss.htim2     0x20000670       0x48 ./Core/Src/tim.o
                0x20000670                htim2
 .bss.htim13    0x200006b8       0x48 ./Core/Src/tim.o
                0x200006b8                htim13
 .bss.receive_buffer1
                0x20000700        0x1 ./Core/Src/uart.o
                0x20000700                receive_buffer1
 *fill*         0x20000701        0x3 
 .bss.huart1    0x20000704       0x48 ./Core/Src/usart.o
                0x20000704                huart1
 .bss.uwTick    0x2000074c        0x4 ./Drivers/STM32F4xx_HAL_Driver/Src/stm32f4xx_hal.o
                0x2000074c                uwTick
 .bss.__sf      0x20000750      0x138 C:/D/Coding/STM32CubeIDE/Application/STM32CubeIDE_1.15.1/STM32CubeIDE/plugins/com.st.stm32cube.ide.mcu.externaltools.gnu-tools-for-stm32.12.3.rel1.win32_1.0.100.202403111256/tools/bin/../lib/gcc/arm-none-eabi/12.3.1/../../../../arm-none-eabi/lib/thumb/v7e-m+fp/hard\libc_nano.a(libc_a-findfp.o)
                0x20000750                __sf
 .bss.__stdio_exit_handler
                0x20000888        0x4 C:/D/Coding/STM32CubeIDE/Application/STM32CubeIDE_1.15.1/STM32CubeIDE/plugins/com.st.stm32cube.ide.mcu.externaltools.gnu-tools-for-stm32.12.3.rel1.win32_1.0.100.202403111256/tools/bin/../lib/gcc/arm-none-eabi/12.3.1/../../../../arm-none-eabi/lib/thumb/v7e-m+fp/hard\libc_nano.a(libc_a-findfp.o)
                0x20000888                __stdio_exit_handler
 .bss.errno     0x2000088c        0x4 C:/D/Coding/STM32CubeIDE/Application/STM32CubeIDE_1.15.1/STM32CubeIDE/plugins/com.st.stm32cube.ide.mcu.externaltools.gnu-tools-for-stm32.12.3.rel1.win32_1.0.100.202403111256/tools/bin/../lib/gcc/arm-none-eabi/12.3.1/../../../../arm-none-eabi/lib/thumb/v7e-m+fp/hard\libc_nano.a(libc_a-reent.o)
                0x2000088c                errno
 .bss.__lock___malloc_recursive_mutex
                0x20000890        0x1 C:/D/Coding/STM32CubeIDE/Application/STM32CubeIDE_1.15.1/STM32CubeIDE/plugins/com.st.stm32cube.ide.mcu.externaltools.gnu-tools-for-stm32.12.3.rel1.win32_1.0.100.202403111256/tools/bin/../lib/gcc/arm-none-eabi/12.3.1/../../../../arm-none-eabi/lib/thumb/v7e-m+fp/hard\libc_nano.a(libc_a-lock.o)
                0x20000890                __lock___malloc_recursive_mutex
 .bss.__lock___sfp_recursive_mutex
                0x20000891        0x1 C:/D/Coding/STM32CubeIDE/Application/STM32CubeIDE_1.15.1/STM32CubeIDE/plugins/com.st.stm32cube.ide.mcu.externaltools.gnu-tools-for-stm32.12.3.rel1.win32_1.0.100.202403111256/tools/bin/../lib/gcc/arm-none-eabi/12.3.1/../../../../arm-none-eabi/lib/thumb/v7e-m+fp/hard\libc_nano.a(libc_a-lock.o)
                0x20000891                __lock___sfp_recursive_mutex
 *fill*         0x20000892        0x2 
 .bss.__malloc_sbrk_start
                0x20000894        0x4 C:/D/Coding/STM32CubeIDE/Application/STM32CubeIDE_1.15.1/STM32CubeIDE/plugins/com.st.stm32cube.ide.mcu.externaltools.gnu-tools-for-stm32.12.3.rel1.win32_1.0.100.202403111256/tools/bin/../lib/gcc/arm-none-eabi/12.3.1/../../../../arm-none-eabi/lib/thumb/v7e-m+fp/hard\libc_nano.a(libc_a-mallocr.o)
                0x20000894                __malloc_sbrk_start
 .bss.__malloc_free_list
                0x20000898        0x4 C:/D/Coding/STM32CubeIDE/Application/STM32CubeIDE_1.15.1/STM32CubeIDE/plugins/com.st.stm32cube.ide.mcu.externaltools.gnu-tools-for-stm32.12.3.rel1.win32_1.0.100.202403111256/tools/bin/../lib/gcc/arm-none-eabi/12.3.1/../../../../arm-none-eabi/lib/thumb/v7e-m+fp/hard\libc_nano.a(libc_a-mallocr.o)
                0x20000898                __malloc_free_list
 *(COMMON)
                0x2000089c                        . = ALIGN (0x4)
                0x2000089c                        _ebss = .
                0x2000089c                        __bss_end__ = _ebss

._user_heap_stack
                0x2000089c      0x604
                0x200008a0                        . = ALIGN (0x8)
 *fill*         0x2000089c        0x4 
                [!provide]                        PROVIDE (end = .)
                0x200008a0                        PROVIDE (_end = .)
                0x20000aa0                        . = (. + _Min_Heap_Size)
 *fill*         0x200008a0      0x200 
                0x20000ea0                        . = (. + _Min_Stack_Size)
 *fill*         0x20000aa0      0x400 
                0x20000ea0                        . = ALIGN (0x8)

/DISCARD/
 libc.a(*)
 libm.a(*)
 libgcc.a(*)

.ARM.attributes
                0x00000000       0x30
 *(.ARM.attributes)
 .ARM.attributes
                0x00000000       0x22 C:/D/Coding/STM32CubeIDE/Application/STM32CubeIDE_1.15.1/STM32CubeIDE/plugins/com.st.stm32cube.ide.mcu.externaltools.gnu-tools-for-stm32.12.3.rel1.win32_1.0.100.202403111256/tools/bin/../lib/gcc/arm-none-eabi/12.3.1/thumb/v7e-m+fp/hard/crti.o
 .ARM.attributes
                0x00000022       0x34 C:/D/Coding/STM32CubeIDE/Application/STM32CubeIDE_1.15.1/STM32CubeIDE/plugins/com.st.stm32cube.ide.mcu.externaltools.gnu-tools-for-stm32.12.3.rel1.win32_1.0.100.202403111256/tools/bin/../lib/gcc/arm-none-eabi/12.3.1/thumb/v7e-m+fp/hard/crtbegin.o
 .ARM.attributes
                0x00000056       0x34 ./Core/Src/adc.o
 .ARM.attributes
                0x0000008a       0x34 ./Core/Src/at24c.o
 .ARM.attributes
                0x000000be       0x34 ./Core/Src/button.o
 .ARM.attributes
                0x000000f2       0x34 ./Core/Src/dma.o
 .ARM.attributes
                0x00000126       0x34 ./Core/Src/fsmc.o
 .ARM.attributes
                0x0000015a       0x34 ./Core/Src/gpio.o
 .ARM.attributes
                0x0000018e       0x34 ./Core/Src/i2c.o
 .ARM.attributes
                0x000001c2       0x34 ./Core/Src/lcd.o
 .ARM.attributes
                0x000001f6       0x34 ./Core/Src/led_7seg.o
 .ARM.attributes
                0x0000022a       0x34 ./Core/Src/main.o
 .ARM.attributes
                0x0000025e       0x34 ./Core/Src/software_timer.o
 .ARM.attributes
                0x00000292       0x34 ./Core/Src/spi.o
 .ARM.attributes
                0x000002c6       0x34 ./Core/Src/stm32f4xx_hal_msp.o
 .ARM.attributes
                0x000002fa       0x34 ./Core/Src/stm32f4xx_it.o
 .ARM.attributes
                0x0000032e       0x34 ./Core/Src/syscalls.o
 .ARM.attributes
                0x00000362       0x34 ./Core/Src/sysmem.o
 .ARM.attributes
                0x00000396       0x34 ./Core/Src/system_stm32f4xx.o
 .ARM.attributes
                0x000003ca       0x34 ./Core/Src/tim.o
 .ARM.attributes
                0x000003fe       0x34 ./Core/Src/touch.o
 .ARM.attributes
                0x00000432       0x34 ./Core/Src/uart.o
 .ARM.attributes
                0x00000466       0x34 ./Core/Src/usart.o
 .ARM.attributes
                0x0000049a       0x21 ./Core/Startup/startup_stm32f407zetx.o