Archive member included to satisfy reference by file (symbol)

C:/D/Coding/STM32CubeIDE/Application/STM32CubeIDE_1.15.1/STM32CubeIDE/plugins/com.st.stm32cube.ide.mcu.externaltools.gnu-tools-for-stm32.12.3.rel1.win32_1.0.100.202403111256/tools/bin/../lib/gcc/arm-none-eabi/12.3.1/../../../../arm-none-eabi/lib/thumb/v7e-m+fp/hard\libc_nano.a(libc_a-exit.o)
                              C:/D/Coding/STM32CubeIDE/Application/STM32CubeIDE_1.15.1/STM32CubeIDE/plugins/com.st.stm32cube.ide.mcu.externaltools.gnu-tools-for-stm32.12.3.rel1.win32_1.0.100.202403111256/tools/bin/../lib/gcc/arm-none-eabi/12.3.1/../../../../arm-none-eabi/lib/thumb/v7e-m+fp/hard/crt0.o (exit)
C:/D/Coding/STM32CubeIDE/Application/STM32CubeIDE_1.15.1/STM32CubeIDE/plugins/com.st.stm32cube.ide.mcu.externaltools.gnu-tools-for-stm32.12.3.rel1.win32_1.0.100.202403111256/tools/bin/../lib/gcc/arm-none-eabi/12.3.1/../../../../arm-none-eabi/lib/thumb/v7e-m+fp/hard\libc_nano.a(libc_a-findfp.o)
                              C:/D/Coding/STM32CubeIDE/Application/STM32CubeIDE_1.15.1/STM32CubeIDE/plugins/com.st.stm32cube.ide.mcu.externaltools.gnu-tools-for-stm32.12.3.rel1.win32_1.0.100.202403111256/tools/bin/../lib/gcc/arm-none-eabi/12.3.1/../../../../arm-none-eabi/lib/thumb/v7e-m+fp/hard\libc_nano.a(libc_a-exit.o) (__stdio_exit_handler)
C:/D/Coding/STM32CubeIDE/Application/STM32CubeIDE_1.15.1/STM32CubeIDE/plugins/com.st.stm32cube.ide.mcu.externaltools.gnu-tools-for-stm32.12.3.rel1.win32_1.0.100.202403111256/tools/bin/../lib/gcc/arm-none-eabi/12.3.1/../../../../arm-none-eabi/lib/thumb/v7e-m+fp/hard\libc_nano.a(libc_a-fwalk.o)
                              C:/D/Coding/STM32CubeIDE/Application/STM32CubeIDE_1.15.1/STM32CubeIDE/plugins/com.st.stm32cube.ide.mcu.externaltools.gnu-tools-for-stm32.12.3.rel1.win32_1.0.100.202403111256/tools/bin/../lib/gcc/arm-none-eabi/12.3.1/../../../../arm-none-eabi/lib/thumb/v7e-m+fp/hard\libc_nano.a(libc_a-findfp.o) (_fwalk_sglue)
C:/D/Coding/STM32CubeIDE/Application/STM32CubeIDE_1.15.1/STM32CubeIDE/plugins/com.st.stm32cube.ide.mcu.externaltools.gnu-tools-for-stm32.12.3.rel1.win32_1.0.100.202403111256/tools/bin/../lib/gcc/arm-none-eabi/12.3.1/../../../../arm-none-eabi/lib/thumb/v7e-m+fp/hard\libc_nano.a(libc_a-stdio.o)
                              C:/D/Coding/STM32CubeIDE/Application/STM32CubeIDE_1.15.1/STM32CubeIDE/plugins/com.st.stm32cube.ide.mcu.externaltools.gnu-tools-for-stm32.12.3.rel1.win32_1.0.100.202403111256/tools/bin/../lib/gcc/arm-none-eabi/12.3.1/../../../../arm-none-eabi/lib/thumb/v7e-m+fp/hard\libc_nano.a(libc_a-findfp.o) (__sread)
C:/D/Coding/STM32CubeIDE/Application/STM32CubeIDE_1.15.1/STM32CubeIDE/plugins/com.st.stm32cube.ide.mcu.externaltools.gnu-tools-for-stm32.12.3.rel1.win32_1.0.100.202403111256/tools/bin/../lib/gcc/arm-none-eabi/12.3.1/../../../../arm-none-eabi/lib/thumb/v7e-m+fp/hard\libc_nano.a(libc_a-memset.o)
                              C:/D/Coding/STM32CubeIDE/Application/STM32CubeIDE_1.15.1/STM32CubeIDE/plugins/com.st.stm32cube.ide.mcu.externaltools.gnu-tools-for-stm32.12.3.rel1.win32_1.0.100.202403111256/tools/bin/../lib/gcc/arm-none-eabi/12.3.1/../../../../arm-none-eabi/lib/thumb/v7e-m+fp/hard/crt0.o (memset)
C:/D/Coding/STM32CubeIDE/Application/STM32CubeIDE_1.15.1/STM32CubeIDE/plugins/com.st.stm32cube.ide.mcu.externaltools.gnu-tools-for-stm32.12.3.rel1.win32_1.0.100.202403111256/tools/bin/../lib/gcc/arm-none-eabi/12.3.1/../../../../arm-none-eabi/lib/thumb/v7e-m+fp/hard\libc_nano.a(libc_a-closer.o)
                              C:/D/Coding/STM32CubeIDE/Application/STM32CubeIDE_1.15.1/STM32CubeIDE/plugins/com.st.stm32cube.ide.mcu.externaltools.gnu-tools-for-stm32.12.3.rel1.win32_1.0.100.202403111256/tools/bin/../lib/gcc/arm-none-eabi/12.3.1/../../../../arm-none-eabi/lib/thumb/v7e-m+fp/hard\libc_nano.a(libc_a-stdio.o) (_close_r)
C:/D/Coding/STM32CubeIDE/Application/STM32CubeIDE_1.15.1/STM32CubeIDE/plugins/com.st.stm32cube.ide.mcu.externaltools.gnu-tools-for-stm32.12.3.rel1.win32_1.0.100.202403111256/tools/bin/../lib/gcc/arm-none-eabi/12.3.1/../../../../arm-none-eabi/lib/thumb/v7e-m+fp/hard\libc_nano.a(libc_a-reent.o)
                              C:/D/Coding/STM32CubeIDE/Application/STM32CubeIDE_1.15.1/STM32CubeIDE/plugins/com.st.stm32cube.ide.mcu.externaltools.gnu-tools-for-stm32.12.3.rel1.win32_1.0.100.202403111256/tools/bin/../lib/gcc/arm-none-eabi/12.3.1/../../../../arm-none-eabi/lib/thumb/v7e-m+fp/hard\libc_nano.a(libc_a-closer.o) (errno)
C:/D/Coding/STM32CubeIDE/Application/STM32CubeIDE_1.15.1/STM32CubeIDE/plugins/com.st.stm32cube.ide.mcu.externaltools.gnu-tools-for-stm32.12.3.rel1.win32_1.0.100.202403111256/tools/bin/../lib/gcc/arm-none-eabi/12.3.1/../../../../arm-none-eabi/lib/thumb/v7e-m+fp/hard\libc_nano.a(libc_a-impure.o)
[...]
Memory Configuration

Name             Origin             Length             Attributes
CCMRAM           0x10000000         0x00010000         xrw
RAM              0x20000000         0x00020000         xrw
FLASH            0x08000000         0x00100000         xr
*default*        0x00000000         0xffffffff

Linker script and memory map

LOAD C:/D/Coding/STM32CubeIDE/Application/STM32CubeIDE_1.15.1/STM32CubeIDE/plugins/com.st.stm32cube.ide.mcu.externaltools.gnu-tools-for-stm32.12.3.rel1.win32_1.0.100.202403111256/tools/bin/../lib/gcc/arm-none-eabi/12.3.1/thumb/v7e-m+fp/hard/crti.o
LOAD C:/D/Coding/STM32CubeIDE/Application/STM32CubeIDE_1.15.1/STM32CubeIDE/plugins/com.st.stm32cube.ide.mcu.externaltools.gnu-tools-for-stm32.12.3.rel1.win32_1.0.100.202403111256/tools/bin/../lib/gcc/arm-none-eabi/12.3.1/thumb/v7e-m+fp/hard/crtbegin.o
LOAD C:/D/Coding/STM32CubeIDE/Application/STM32CubeIDE_1.15.1/STM32CubeIDE/plugins/com.st.stm32cube.ide.mcu.externaltools.gnu-tools-for-stm32.12.3.rel1.win32_1.0.100.202403111256/tools/bin/../lib/gcc/arm-none-eabi/12.3.1/../../../../arm-none-eabi/lib/thumb/v7e-m+fp/hard/crt0.o
LOAD ./Core/Src/LED7_seg.o
LOAD ./Core/Src/button.o
LOAD ./Core/Src/lcd.o
LOAD ./Core/Src/main.o
LOAD ./Core/Src/software_timer.o
LOAD ./Core/Src/stm32f4xx_hal_msp.o
LOAD ./Core/Src/stm32f4xx_it.o
LOAD ./Core/Src/syscalls.o
LOAD ./Core/Src/sysmem.o
LOAD ./Core/Src/system_stm32f4xx.o
LOAD ./Core/Startup/startup_stm32f407zgtx.o
LOAD ./Drivers/STM32F4xx_HAL_Driver/Src/stm32f4xx_hal.o
LOAD ./Drivers/STM32F4xx_HAL_Driver/Src/stm32f4xx_hal_cortex.o
LOAD ./Drivers/STM32F4xx_HAL_Driver/Src/stm32f4xx_hal_dma.o
LOAD ./Drivers/STM32F4xx_HAL_Driver/Src/stm32f4xx_hal_dma_ex.o
LOAD ./Drivers/STM32F4xx_HAL_Driver/Src/stm32f4xx_hal_exti.o
LOAD ./Drivers/STM32F4xx_HAL_Driver/Src/stm32f4xx_hal_flash.o
LOAD ./Drivers/STM32F4xx_HAL_Driver/Src/stm32f4xx_hal_flash_ex.o
LOAD ./Drivers/STM32F4xx_HAL_Driver/Src/stm32f4xx_hal_flash_ramfunc.o
LOAD ./Drivers/STM32F4xx_HAL_Driver/Src/stm32f4xx_hal_gpio.o
LOAD ./Drivers/STM32F4xx_HAL_Driver/Src/stm32f4xx_hal_pwr.o
LOAD ./Drivers/STM32F4xx_HAL_Driver/Src/stm32f4xx_hal_pwr_ex.o
LOAD ./Drivers/STM32F4xx_HAL_Driver/Src/stm32f4xx_hal_rcc.o
LOAD ./Drivers/STM32F4xx_HAL_Driver/Src/stm32f4xx_hal_rcc_ex.o
LOAD ./Drivers/STM32F4xx_HAL_Driver/Src/stm32f4xx_hal_spi.o
LOAD ./Drivers/STM32F4xx_HAL_Driver/Src/stm32f4xx_hal_sram.o
LOAD ./Drivers/STM32F4xx_HAL_Driver/Src/stm32f4xx_hal_tim.o
LOAD ./Drivers/STM32F4xx_HAL_Driver/Src/stm32f4xx_hal_tim_ex.o
LOAD ./Drivers/STM32F4xx_HAL_Driver/Src/stm32f4xx_ll_fsmc.o
START GROUP
LOAD C:/D/Coding/STM32CubeIDE/Application/STM32CubeIDE_1.15.1/STM32CubeIDE/plugins/com.st.stm32cube.ide.mcu.externaltools.gnu-tools-for-stm32.12.3.rel1.win32_1.0.100.202403111256/tools/bin/../lib/gcc/arm-none-eabi/12.3.1/../../../../arm-none-eabi/lib/thumb/v7e-m+fp/hard\libc_nano.a
LOAD C:/D/Coding/STM32CubeIDE/Application/STM32CubeIDE_1.15.1/STM32CubeIDE/plugins/com.st.stm32cube.ide.mcu.externaltools.gnu-tools-for-stm32.12.3.rel1.win32_1.0.100.202403111256/tools/bin/../lib/gcc/arm-none-eabi/12.3.1/../../../../arm-none-eabi/lib/thumb/v7e-m+fp/hard\libm.a
END GROUP
START GROUP
LOAD C:/D/Coding/STM32CubeIDE/Application/STM32CubeIDE_1.15.1/STM32CubeIDE/plugins/com.st.stm32cube.ide.mcu.externaltools.gnu-tools-for-stm32.12.3.rel1.win32_1.0.100.202403111256/tools/bin/../lib/gcc/arm-none-eabi/12.3.1/thumb/v7e-m+fp/hard\libgcc.a
LOAD C:/D/Coding/STM32CubeIDE/Application/STM32CubeIDE_1.15.1/STM32CubeIDE/plugins/com.st.stm32cube.ide.mcu.externaltools.gnu-tools-for-stm32.12.3.rel1.win32_1.0.100.202403111256/tools/bin/../lib/gcc/arm-none-eabi/12.3.1/../../../../arm-none-eabi/lib/thumb/v7e-m+fp/hard\libc_nano.a
END GROUP
START GROUP
LOAD C:/D/Coding/STM32CubeIDE/Application/STM32CubeIDE_1.15.1/STM32CubeIDE/plugins/com.st.stm32cube.ide.mcu.externaltools.gnu-tools-for-stm32.12.3.rel1.win32_1.0.100.202403111256/tools/bin/../lib/gcc/arm-none-eabi/12.3.1/thumb/v7e-m+fp/hard\libgcc.a
LOAD C:/D/Coding/STM32CubeIDE/Application/STM32CubeIDE_1.15.1/STM32CubeIDE/plugins/com.st.stm32cube.ide.mcu.externaltools.gnu-tools-for-stm32.12.3.rel1.win32_1.0.100.202403111256/tools/bin/../lib/gcc/arm-none-eabi/12.3.1/../../../../arm-none-eabi/lib/thumb/v7e-m+fp/hard\libc_nano.a
LOAD C:/D/Coding/STM32CubeIDE/Application/STM32CubeIDE_1.15.1/STM32CubeIDE/plugins/com.st.stm32cube.ide.mcu.externaltools.gnu-tools-for-stm32.12.3.rel1.win32_1.0.100.202403111256/tools/bin/../lib/gcc/arm-none-eabi/12.3.1/../../../../arm-none-eabi/lib/thumb/v7e-m+fp/hard\libnosys.a
END GROUP
START GROUP
LOAD C:/D/Coding/STM32CubeIDE/Application/STM32CubeIDE_1.15.1/STM32CubeIDE/plugins/com.st.stm32cube.ide.mcu.externaltools.gnu-tools-for-stm32.12.3.rel1.win32_1.0.100.202403111256/tools/bin/../lib/gcc/arm-none-eabi/12.3.1/thumb/v7e-m+fp/hard\libgcc.a
LOAD C:/D/Coding/STM32CubeIDE/Application/STM32CubeIDE_1.15.1/STM32CubeIDE/plugins/com.st.stm32cube.ide.mcu.externaltools.gnu-tools-for-stm32.12.3.rel1.win32_1.0.100.202403111256/tools/bin/../lib/gcc/arm-none-eabi/12.3.1/../../../../arm-none-eabi/lib/thumb/v7e-m+fp/hard\libc_nano.a
LOAD C:/D/Coding/STM32CubeIDE/Application/STM32CubeIDE_1.15.1/STM32CubeIDE/plugins/com.st.stm32cube.ide.mcu.externaltools.gnu-tools-for-stm32.12.3.rel1.win32_1.0.100.202403111256/tools/bin/../lib/gcc/arm-none-eabi/12.3.1/../../../../arm-none-eabi/lib/thumb/v7e-m+fp/hard\libnosys.a
END GROUP
LOAD C:/D/Coding/STM32CubeIDE/Application/STM32CubeIDE_1.15.1/STM32CubeIDE/plugins/com.st.stm32cube.ide.mcu.externaltools.gnu-tools-for-stm32.12.3.rel1.win32_1.0.100.202403111256/tools/bin/../lib/gcc/arm-none-eabi/12.3.1/thumb/v7e-m+fp/hard/crtend.o
LOAD C:/D/Coding/STM32CubeIDE/Application/STM32CubeIDE_1.15.1/STM32CubeIDE/plugins/com.st.stm32cube.ide.mcu.externaltools.gnu-tools-for-stm32.12.3.rel1.win32_1.0.100.202403111256/tools/bin/../lib/gcc/arm-none-eabi/12.3.1/thumb/v7e-m+fp/hard/crtn.o
                0x20020000                        _estack = (ORIGIN (RAM) + LENGTH (RAM))
                0x00000200                        _Min_Heap_Size = 0x200
                0x00000400                        _Min_Stack_Size = 0x400

.isr_vector     0x08000000      0x188
                0x08000000                        . = ALIGN (0x4)
 *(.isr_vector)
 .isr_vector    0x08000000      0x188 ./Core/Startup/startup_stm32f407zgtx.o
                0x08000000                g_pfnVectors
                0x08000188                        . = ALIGN (0x4)

.text           0x08000188     0x38c4
                0x08000188                        . = ALIGN (0x4)
 *(.text)
 .text          0x08000188       0x40 C:/D/Coding/STM32CubeIDE/Application/STM32CubeIDE_1.15.1/STM32CubeIDE/plugins/com.st.stm32cube.ide.mcu.externaltools.gnu-tools-for-stm32.12.3.rel1.win32_1.0.100.202403111256/tools/bin/../lib/gcc/arm-none-eabi/12.3.1/thumb/v7e-m+fp/hard/crtbegin.o
 .text          0x080001c8       0x30 C:/D/Coding/STM32CubeIDE/Application/STM32CubeIDE_1.15.1/STM32CubeIDE/plugins/com.st.stm32cube.ide.mcu.externaltools.gnu-tools-for-stm32.12.3.rel1.win32_1.0.100.202403111256/tools/bin/../lib/gcc/arm-none-eabi/12.3.1/thumb/v7e-m+fp/hard\libgcc.a(_aeabi_uldivmod.o)
                0x080001c8                __aeabi_uldivmod
 .text          0x080001f8      0x2bc C:/D/Coding/STM32CubeIDE/Application/STM32CubeIDE_1.15.1/STM32CubeIDE/plugins/com.st.stm32cube.ide.mcu.externaltools.gnu-tools-for-stm32.12.3.rel1.win32_1.0.100.202403111256/tools/bin/../lib/gcc/arm-none-eabi/12.3.1/thumb/v7e-m+fp/hard\libgcc.a(_udivmoddi4.o)
                0x080001f8                __udivmoddi4
 .text          0x080004b4        0x4 C:/D/Coding/STM32CubeIDE/Application/STM32CubeIDE_1.15.1/STM32CubeIDE/plugins/com.st.stm32cube.ide.mcu.externaltools.gnu-tools-for-stm32.12.3.rel1.win32_1.0.100.202403111256/tools/bin/../lib/gcc/arm-none-eabi/12.3.1/thumb/v7e-m+fp/hard\libgcc.a(_dvmd_tls.o)
                0x080004b4                __aeabi_idiv0
                0x080004b4                __aeabi_ldiv0
 *(.text*)
 .text.LED7_init
                0x080004b8       0x18 ./Core/Src/LED7_seg.o
                0x080004b8                LED7_init
 .text.LED7_Scan
                0x080004d0      0x118 ./Core/Src/LED7_seg.o
                0x080004d0                LED7_Scan
 .text.LED7_SetColon
                0x080005e8       0x40 ./Core/Src/LED7_seg.o
                0x080005e8                LED7_SetColon
 .text.button_init
                0x08000628       0x18 ./Core/Src/button.o
                0x08000628                button_init
 .text.button_Scan
                0x08000640       0xd8 ./Core/Src/button.o
                0x08000640                button_Scan
 .text.LCD_WR_REG
                0x08000718       0x20 ./Core/Src/lcd.o
                0x08000718                LCD_WR_REG
 .text.LCD_WR_DATA
                0x08000738       0x20 ./Core/Src/lcd.o
 .text.LCD_RD_DATA
                0x08000758       0x24 ./Core/Src/lcd.o
 .text.lcd_SetDir
                0x0800077c       0x48 ./Core/Src/lcd.o
                0x0800077c                lcd_SetDir
 .text.lcd_init
                0x080007c4      0x2c0 ./Core/Src/lcd.o
                0x080007c4                lcd_init
 .text.system_init.0
                0x08000a84       0x30 ./Core/Src/main.o
 .text.main     0x08000ab4       0x64 ./Core/Src/main.o
                0x08000ab4                main
 .text.SystemClock_Config
                0x08000b18       0xd4 ./Core/Src/main.o
                0x08000b18                SystemClock_Config
 .text.MX_SPI1_Init
                0x08000bec       0x6c ./Core/Src/main.o
 .text.MX_TIM2_Init
                0x08000c58       0x98 ./Core/Src/main.o
 .text.MX_GPIO_Init
                0x08000cf0      0x1f0 ./Core/Src/main.o
 .text.MX_FSMC_Init
                0x08000ee0       0xf4 ./Core/Src/main.o
 .text.HAL_TIM_PeriodElapsedCallback
                0x08000fd4       0x18 ./Core/Src/main.o
                0x08000fd4                HAL_TIM_PeriodElapsedCallback
 .text.Error_Handler
                0x08000fec        0xc ./Core/Src/main.o
                0x08000fec                Error_Handler
 .text.setTimer
                0x08000ff8       0x34 ./Core/Src/software_timer.o
                0x08000ff8                setTimer
 .text.timerRun
                0x0800102c       0x64 ./Core/Src/software_timer.o
                0x0800102c                timerRun
 .text.HAL_MspInit
                0x08001090       0x50 ./Core/Src/stm32f4xx_hal_msp.o
                0x08001090                HAL_MspInit
 .text.HAL_SPI_MspInit
                0x080010e0       0x90 ./Core/Src/stm32f4xx_hal_msp.o
                0x080010e0                HAL_SPI_MspInit
 .text.HAL_TIM_Base_MspInit
                0x08001170       0x4c ./Core/Src/stm32f4xx_hal_msp.o
                0x08001170                HAL_TIM_Base_MspInit
 .text.HAL_FSMC_MspInit
                0x080011bc       0x98 ./Core/Src/stm32f4xx_hal_msp.o
 .text.HAL_SRAM_MspInit
                0x08001254       0x14 ./Core/Src/stm32f4xx_hal_msp.o
                0x08001254                HAL_SRAM_MspInit
 .text.NMI_Handler
                0x08001268        0x8 ./Core/Src/stm32f4xx_it.o
                0x08001268                NMI_Handler
 .text.HardFault_Handler
                0x08001270        0x8 ./Core/Src/stm32f4xx_it.o
                0x08001270                HardFault_Handler
 .text.MemManage_Handler
                0x08001278        0x8 ./Core/Src/stm32f4xx_it.o
                0x08001278                MemManage_Handler
 .text.BusFault_Handler
                0x08001280        0x8 ./Core/Src/stm32f4xx_it.o
                0x08001280                BusFault_Handler
 .text.UsageFault_Handler
                0x08001288        0x8 ./Core/Src/stm32f4xx_it.o
                0x08001288                UsageFault_Handler
 .text.SVC_Handler
                0x08001290        0xe ./Core/Src/stm32f4xx_it.o
                0x08001290                SVC_Handler
 .text.DebugMon_Handler
                0x0800129e        0xe ./Core/Src/stm32f4xx_it.o
                0x0800129e                DebugMon_Handler
 .text.PendSV_Handler
                0x080012ac        0xe ./Core/Src/stm32f4xx_it.o
                0x080012ac                PendSV_Handler
 .text.SysTick_Handler
                0x080012ba        0xc ./Core/Src/stm32f4xx_it.o
                0x080012ba                SysTick_Handler
 *fill*         0x080012c6        0x2 
 .text.TIM2_IRQHandler
                0x080012c8       0x14 ./Core/Src/stm32f4xx_it.o
                0x080012c8                TIM2_IRQHandler
 .text.SystemInit
                0x080012dc       0x24 ./Core/Src/system_stm32f4xx.o
                0x080012dc                SystemInit
 .text.Reset_Handler
                0x08001300       0x50 ./Core/Startup/startup_stm32f407zgtx.o
                0x08001300                Reset_Handler
 .text.Default_Handler
                0x08001350        0x2 ./Core/Startup/startup_stm32f407zgtx.o
                0x08001350                RTC_Alarm_IRQHandler
                0x08001350                HASH_RNG_IRQHandler
                0x08001350                EXTI2_IRQHandler
                0x08001350                TIM8_CC_IRQHandler
                0x08001350                TIM1_CC_IRQHandler
                0x08001350                DMA2_Stream5_IRQHandler
                0x08001350                DMA1_Stream5_IRQHandler
                0x08001350                PVD_IRQHandler
                0x08001350                SDIO_IRQHandler
                0x08001350                TAMP_STAMP_IRQHandler
                0x08001350                CAN2_RX1_IRQHandler
                0x08001350                EXTI3_IRQHandler
                0x08001350                TIM8_TRG_COM_TIM14_IRQHandler
                0x08001350                TIM1_UP_TIM10_IRQHandler
                0x08001350                TIM8_UP_TIM13_IRQHandler
                0x08001350                I2C3_ER_IRQHandler
                0x08001350                EXTI0_IRQHandler
                0x08001350                I2C2_EV_IRQHandler
                0x08001350                DMA1_Stream2_IRQHandler
                0x08001350                CAN1_RX0_IRQHandler
                0x08001350                FPU_IRQHandler
                0x08001350                OTG_HS_WKUP_IRQHandler
                0x08001350                CAN2_SCE_IRQHandler
                0x08001350                DMA2_Stream2_IRQHandler
                0x08001350                SPI1_IRQHandler
                0x08001350                TIM6_DAC_IRQHandler
                0x08001350                TIM1_BRK_TIM9_IRQHandler
                0x08001350                DCMI_IRQHandler
                0x08001350                CAN2_RX0_IRQHandler
                0x08001350                DMA2_Stream3_IRQHandler
                0x08001350                USART6_IRQHandler
                0x08001350                USART3_IRQHandler
                0x08001350                CAN1_RX1_IRQHandler
                0x08001350                UART5_IRQHandler
                0x08001350                DMA2_Stream0_IRQHandler
                0x08001350                TIM4_IRQHandler
                0x08001350                I2C1_EV_IRQHandler
                0x08001350                DMA1_Stream6_IRQHandler
                0x08001350                DMA1_Stream1_IRQHandler
                0x08001350                UART4_IRQHandler
                0x08001350                TIM3_IRQHandler
                0x08001350                RCC_IRQHandler
                0x08001350                TIM8_BRK_TIM12_IRQHandler
                0x08001350                Default_Handler
                0x08001350                EXTI15_10_IRQHandler
                0x08001350                ADC_IRQHandler
                0x08001350                DMA1_Stream7_IRQHandler
                0x08001350                TIM7_IRQHandler
                0x08001350                CAN2_TX_IRQHandler
                0x08001350                TIM5_IRQHandler
                0x08001350                DMA2_Stream7_IRQHandler
                0x08001350                I2C3_EV_IRQHandler
                0x08001350                EXTI9_5_IRQHandler
                0x08001350                RTC_WKUP_IRQHandler
                0x08001350                ETH_WKUP_IRQHandler
                0x08001350                SPI2_IRQHandler
                0x08001350                OTG_HS_EP1_IN_IRQHandler
                0x08001350                DMA1_Stream0_IRQHandler
                0x08001350                CAN1_TX_IRQHandler
                0x08001350                EXTI4_IRQHandler
                0x08001350                FSMC_IRQHandler
                0x08001350                ETH_IRQHandler
                0x08001350                OTG_HS_EP1_OUT_IRQHandler
                0x08001350                WWDG_IRQHandler
                0x08001350                OTG_FS_WKUP_IRQHandler
                0x08001350                TIM1_TRG_COM_TIM11_IRQHandler
                0x08001350                OTG_HS_IRQHandler
                0x08001350                EXTI1_IRQHandler
                0x08001350                USART2_IRQHandler
                0x08001350                I2C2_ER_IRQHandler
                0x08001350                DMA2_Stream1_IRQHandler
                0x08001350                CAN1_SCE_IRQHandler
                0x08001350                FLASH_IRQHandler
                0x08001350                DMA2_Stream4_IRQHandler
                0x08001350                USART1_IRQHandler
                0x08001350                OTG_FS_IRQHandler
                0x08001350                SPI3_IRQHandler
                0x08001350                DMA1_Stream4_IRQHandler
                0x08001350                I2C1_ER_IRQHandler
                0x08001350                DMA2_Stream6_IRQHandler
                0x08001350                DMA1_Stream3_IRQHandler
 *fill*         0x08001352        0x2 
 .text.HAL_Init
                0x08001354       0x44 ./Drivers/STM32F4xx_HAL_Driver/Src/stm32f4xx_hal.o
                0x08001354                HAL_Init
 .text.HAL_InitTick
                0x08001398       0x60 ./Drivers/STM32F4xx_HAL_Driver/Src/stm32f4xx_hal.o
                0x08001398                HAL_InitTick
 .text.HAL_IncTick
                0x080013f8       0x28 ./Drivers/STM32F4xx_HAL_Driver/Src/stm32f4xx_hal.o
                0x080013f8                HAL_IncTick
 .text.HAL_GetTick
                0x08001420       0x18 ./Drivers/STM32F4xx_HAL_Driver/Src/stm32f4xx_hal.o
                0x08001420                HAL_GetTick
 .text.HAL_Delay
                0x08001438       0x48 ./Drivers/STM32F4xx_HAL_Driver/Src/stm32f4xx_hal.o
                0x08001438                HAL_Delay
 .text.__NVIC_SetPriorityGrouping
                0x08001480       0x48 ./Drivers/STM32F4xx_HAL_Driver/Src/stm32f4xx_hal_cortex.o
 .text.__NVIC_GetPriorityGrouping
                0x080014c8       0x1c ./Drivers/STM32F4xx_HAL_Driver/Src/stm32f4xx_hal_cortex.o
 .text.__NVIC_EnableIRQ
                0x080014e4       0x3c ./Drivers/STM32F4xx_HAL_Driver/Src/stm32f4xx_hal_cortex.o
 .text.__NVIC_SetPriority
                0x08001520       0x54 ./Drivers/STM32F4xx_HAL_Driver/Src/stm32f4xx_hal_cortex.o
 .text.NVIC_EncodePriority
                0x08001574       0x66 ./Drivers/STM32F4xx_HAL_Driver/Src/stm32f4xx_hal_cortex.o
 *fill*         0x080015da        0x2 
 .text.SysTick_Config
                0x080015dc       0x44 ./Drivers/STM32F4xx_HAL_Driver/Src/stm32f4xx_hal_cortex.o
 .text.HAL_NVIC_SetPriorityGrouping
                0x08001620       0x16 ./Drivers/STM32F4xx_HAL_Driver/Src/stm32f4xx_hal_cortex.o
                0x08001620                HAL_NVIC_SetPriorityGrouping
 .text.HAL_NVIC_SetPriority
                0x08001636       0x38 ./Drivers/STM32F4xx_HAL_Driver/Src/stm32f4xx_hal_cortex.o
                0x08001636                HAL_NVIC_SetPriority
 .text.HAL_NVIC_EnableIRQ
                0x0800166e       0x1c ./Drivers/STM32F4xx_HAL_Driver/Src/stm32f4xx_hal_cortex.o
                0x0800166e                HAL_NVIC_EnableIRQ
 .text.HAL_SYSTICK_Config
                0x0800168a       0x18 ./Drivers/STM32F4xx_HAL_Driver/Src/stm32f4xx_hal_cortex.o
                0x0800168a                HAL_SYSTICK_Config
 *fill*         0x080016a2        0x2 
 .text.HAL_GPIO_Init
                0x080016a4      0x338 ./Drivers/STM32F4xx_HAL_Driver/Src/stm32f4xx_hal_gpio.o
                0x080016a4                HAL_GPIO_Init
 .text.HAL_GPIO_WritePin
                0x080019dc       0x32 ./Drivers/STM32F4xx_HAL_Driver/Src/stm32f4xx_hal_gpio.o
                0x080019dc                HAL_GPIO_WritePin
 .text.HAL_GPIO_TogglePin
                0x08001a0e       0x34 ./Drivers/STM32F4xx_HAL_Driver/Src/stm32f4xx_hal_gpio.o
                0x08001a0e                HAL_GPIO_TogglePin
 *fill*         0x08001a42        0x2 
 .text.HAL_RCC_OscConfig
                0x08001a44      0x4f0 ./Drivers/STM32F4xx_HAL_Driver/Src/stm32f4xx_hal_rcc.o
                0x08001a44                HAL_RCC_OscConfig
 .text.HAL_RCC_ClockConfig
                0x08001f34      0x1cc ./Drivers/STM32F4xx_HAL_Driver/Src/stm32f4xx_hal_rcc.o
                0x08001f34                HAL_RCC_ClockConfig
 .text.HAL_RCC_GetSysClockFreq
                0x08002100      0x20c ./Drivers/STM32F4xx_HAL_Driver/Src/stm32f4xx_hal_rcc.o
                0x08002100                HAL_RCC_GetSysClockFreq
 .text.HAL_SPI_Init
                0x0800230c      0x112 ./Drivers/STM32F4xx_HAL_Driver/Src/stm32f4xx_hal_spi.o
                0x0800230c                HAL_SPI_Init
 .text.HAL_SPI_Transmit
                0x0800241e      0x288 ./Drivers/STM32F4xx_HAL_Driver/Src/stm32f4xx_hal_spi.o
                0x0800241e                HAL_SPI_Transmit
 .text.HAL_SPI_Receive
                0x080026a6      0x232 ./Drivers/STM32F4xx_HAL_Driver/Src/stm32f4xx_hal_spi.o
                0x080026a6                HAL_SPI_Receive
 .text.HAL_SPI_TransmitReceive
                0x080028d8      0x352 ./Drivers/STM32F4xx_HAL_Driver/Src/stm32f4xx_hal_spi.o
                0x080028d8                HAL_SPI_TransmitReceive
 *fill*         0x08002c2a        0x2 
 .text.SPI_WaitFlagStateUntilTimeout
                0x08002c2c      0x110 ./Drivers/STM32F4xx_HAL_Driver/Src/stm32f4xx_hal_spi.o
 .text.SPI_EndRxTransaction
                0x08002d3c       0xca ./Drivers/STM32F4xx_HAL_Driver/Src/stm32f4xx_hal_spi.o
 *fill*         0x08002e06        0x2 
 .text.SPI_EndRxTxTransaction
                0x08002e08       0xa8 ./Drivers/STM32F4xx_HAL_Driver/Src/stm32f4xx_hal_spi.o
 .text.HAL_SRAM_Init
                0x08002eb0       0x90 ./Drivers/STM32F4xx_HAL_Driver/Src/stm32f4xx_hal_sram.o
                0x08002eb0                HAL_SRAM_Init
 .text.HAL_TIM_Base_Init
                0x08002f40       0x9e ./Drivers/STM32F4xx_HAL_Driver/Src/stm32f4xx_hal_tim.o
                0x08002f40                HAL_TIM_Base_Init
 *fill*         0x08002fde        0x2 
 .text.HAL_TIM_Base_Start_IT
                0x08002fe0       0xe0 ./Drivers/STM32F4xx_HAL_Driver/Src/stm32f4xx_hal_tim.o
                0x08002fe0                HAL_TIM_Base_Start_IT
 .text.HAL_TIM_IRQHandler
                0x080030c0      0x1e0 ./Drivers/STM32F4xx_HAL_Driver/Src/stm32f4xx_hal_tim.o
                0x080030c0                HAL_TIM_IRQHandler
 .text.HAL_TIM_ConfigClockSource
                0x080032a0      0x18e ./Drivers/STM32F4xx_HAL_Driver/Src/stm32f4xx_hal_tim.o
                0x080032a0                HAL_TIM_ConfigClockSource
 .text.HAL_TIM_OC_DelayElapsedCallback
                0x0800342e       0x14 ./Drivers/STM32F4xx_HAL_Driver/Src/stm32f4xx_hal_tim.o
                0x0800342e                HAL_TIM_OC_DelayElapsedCallback
 .text.HAL_TIM_IC_CaptureCallback
                0x08003442       0x14 ./Drivers/STM32F4xx_HAL_Driver/Src/stm32f4xx_hal_tim.o
                0x08003442                HAL_TIM_IC_CaptureCallback
 .text.HAL_TIM_PWM_PulseFinishedCallback
                0x08003456       0x14 ./Drivers/STM32F4xx_HAL_Driver/Src/stm32f4xx_hal_tim.o
                0x08003456                HAL_TIM_PWM_PulseFinishedCallback
 .text.HAL_TIM_TriggerCallback
                0x0800346a       0x14 ./Drivers/STM32F4xx_HAL_Driver/Src/stm32f4xx_hal_tim.o
                0x0800346a                HAL_TIM_TriggerCallback
 *fill*         0x0800347e        0x2 
 .text.TIM_Base_SetConfig
                0x08003480      0x158 ./Drivers/STM32F4xx_HAL_Driver/Src/stm32f4xx_hal_tim.o
                0x08003480                TIM_Base_SetConfig
 .text.TIM_TI1_ConfigInputStage
                0x080035d8       0x5e ./Drivers/STM32F4xx_HAL_Driver/Src/stm32f4xx_hal_tim.o
 .text.TIM_TI2_ConfigInputStage
                0x08003636       0x60 ./Drivers/STM32F4xx_HAL_Driver/Src/stm32f4xx_hal_tim.o
 .text.TIM_ITRx_SetConfig
                0x08003696       0x36 ./Drivers/STM32F4xx_HAL_Driver/Src/stm32f4xx_hal_tim.o
 .text.TIM_ETR_SetConfig
                0x080036cc       0x40 ./Drivers/STM32F4xx_HAL_Driver/Src/stm32f4xx_hal_tim.o
                0x080036cc                TIM_ETR_SetConfig
 .text.HAL_TIMEx_MasterConfigSynchronization
                0x0800370c       0xf8 ./Drivers/STM32F4xx_HAL_Driver/Src/stm32f4xx_hal_tim_ex.o
                0x0800370c                HAL_TIMEx_MasterConfigSynchronization
 .text.HAL_TIMEx_CommutCallback
                0x08003804       0x14 ./Drivers/STM32F4xx_HAL_Driver/Src/stm32f4xx_hal_tim_ex.o
                0x08003804                HAL_TIMEx_CommutCallback
 .text.HAL_TIMEx_BreakCallback
                0x08003818       0x14 ./Drivers/STM32F4xx_HAL_Driver/Src/stm32f4xx_hal_tim_ex.o
                0x08003818                HAL_TIMEx_BreakCallback
 .text.FSMC_NORSRAM_Init
                0x0800382c       0xd4 ./Drivers/STM32F4xx_HAL_Driver/Src/stm32f4xx_ll_fsmc.o
                0x0800382c                FSMC_NORSRAM_Init
 .text.FSMC_NORSRAM_Timing_Init
                0x08003900       0x6a ./Drivers/STM32F4xx_HAL_Driver/Src/stm32f4xx_ll_fsmc.o
                0x08003900                FSMC_NORSRAM_Timing_Init
 *fill*         0x0800396a        0x2 
 .text.FSMC_NORSRAM_Extended_Timing_Init
                0x0800396c       0x70 ./Drivers/STM32F4xx_HAL_Driver/Src/stm32f4xx_ll_fsmc.o
                0x0800396c                FSMC_NORSRAM_Extended_Timing_Init
 .text.memset   0x080039dc       0x10 C:/D/Coding/STM32CubeIDE/Application/STM32CubeIDE_1.15.1/STM32CubeIDE/plugins/com.st.stm32cube.ide.mcu.externaltools.gnu-tools-for-stm32.12.3.rel1.win32_1.0.100.202403111256/tools/bin/../lib/gcc/arm-none-eabi/12.3.1/../../../../arm-none-eabi/lib/thumb/v7e-m+fp/hard\libc_nano.a(libc_a-memset.o)
                0x080039dc                memset
 .text.__libc_init_array
                0x080039ec       0x48 C:/D/Coding/STM32CubeIDE/Application/STM32CubeIDE_1.15.1/STM32CubeIDE/plugins/com.st.stm32cube.ide.mcu.externaltools.gnu-tools-for-stm32.12.3.rel1.win32_1.0.100.202403111256/tools/bin/../lib/gcc/arm-none-eabi/12.3.1/../../../../arm-none-eabi/lib/thumb/v7e-m+fp/hard\libc_nano.a(libc_a-init.o)
                0x080039ec                __libc_init_array
 *(.glue_7)
 .glue_7        0x08003a34        0x0 linker stubs
 *(.glue_7t)
 .glue_7t       0x08003a34        0x0 linker stubs
 *(.eh_frame)
 .eh_frame      0x08003a34        0x0 C:/D/Coding/STM32CubeIDE/Application/STM32CubeIDE_1.15.1/STM32CubeIDE/plugins/com.st.stm32cube.ide.mcu.externaltools.gnu-tools-for-stm32.12.3.rel1.win32_1.0.100.202403111256/tools/bin/../lib/gcc/arm-none-eabi/12.3.1/thumb/v7e-m+fp/hard/crtbegin.o
 *(.init)
 .init          0x08003a34        0x4 C:/D/Coding/STM32CubeIDE/Application/STM32CubeIDE_1.15.1/STM32CubeIDE/plugins/com.st.stm32cube.ide.mcu.externaltools.gnu-tools-for-stm32.12.3.rel1.win32_1.0.100.202403111256/tools/bin/../lib/gcc/arm-none-eabi/12.3.1/thumb/v7e-m+fp/hard/crti.o
                0x08003a34                _init
 .init          0x08003a38        0x8 C:/D/Coding/STM32CubeIDE/Application/STM32CubeIDE_1.15.1/STM32CubeIDE/plugins/com.st.stm32cube.ide.mcu.externaltools.gnu-tools-for-stm32.12.3.rel1.win32_1.0.100.202403111256/tools/bin/../lib/gcc/arm-none-eabi/12.3.1/thumb/v7e-m+fp/hard/crtn.o
 *(.fini)
 .fini          0x08003a40        0x4 C:/D/Coding/STM32CubeIDE/Application/STM32CubeIDE_1.15.1/STM32CubeIDE/plugins/com.st.stm32cube.ide.mcu.externaltools.gnu-tools-for-stm32.12.3.rel1.win32_1.0.100.202403111256/tools/bin/../lib/gcc/arm-none-eabi/12.3.1/thumb/v7e-m+fp/hard/crti.o
                0x08003a40                _fini
 .fini          0x08003a44        0x8 C:/D/Coding/STM32CubeIDE/Application/STM32CubeIDE_1.15.1/STM32CubeIDE/plugins/com.st.stm32cube.ide.mcu.externaltools.gnu-tools-for-stm32.12.3.rel1.win32_1.0.100.202403111256/tools/bin/../lib/gcc/arm-none-eabi/12.3.1/thumb/v7e-m+fp/hard/crtn.o
                0x08003a4c                        . = ALIGN (0x4)
                0x08003a4c                        _etext = .

.vfp11_veneer   0x08003a4c        0x0
 .vfp11_veneer  0x08003a4c        0x0 linker stubs

.v4_bx          0x08003a4c        0x0
 .v4_bx         0x08003a4c        0x0 linker stubs

.iplt           0x08003a4c        0x0
 .iplt          0x08003a4c        0x0 C:/D/Coding/STM32CubeIDE/Application/STM32CubeIDE_1.15.1/STM32CubeIDE/plugins/com.st.stm32cube.ide.mcu.externaltools.gnu-tools-for-stm32.12.3.rel1.win32_1.0.100.202403111256/tools/bin/../lib/gcc/arm-none-eabi/12.3.1/thumb/v7e-m+fp/hard/crtbegin.o

.rodata         0x08003a4c       0x10
                0x08003a4c                        . = ALIGN (0x4)
 *(.rodata)
 *(.rodata*)
 .rodata.AHBPrescTable
                0x08003a4c       0x10 ./Core/Src/system_stm32f4xx.o
                0x08003a4c                AHBPrescTable
                0x08003a5c                        . = ALIGN (0x4)

.ARM.extab      0x08003a5c        0x0
                0x08003a5c                        . = ALIGN (0x4)
 *(.ARM.extab* .gnu.linkonce.armextab.*)
                0x08003a5c                        . = ALIGN (0x4)

.ARM            0x08003a5c        0x8
                0x08003a5c                        . = ALIGN (0x4)
                0x08003a5c                        __exidx_start = .
 *(.ARM.exidx*)
 .ARM.exidx     0x08003a5c        0x8 C:/D/Coding/STM32CubeIDE/Application/STM32CubeIDE_1.15.1/STM32CubeIDE/plugins/com.st.stm32cube.ide.mcu.externaltools.gnu-tools-for-stm32.12.3.rel1.win32_1.0.100.202403111256/tools/bin/../lib/gcc/arm-none-eabi/12.3.1/thumb/v7e-m+fp/hard\libgcc.a(_udivmoddi4.o)
                0x08003a64                        __exidx_end = .
                0x08003a64                        . = ALIGN (0x4)

.preinit_array  0x08003a64        0x0
                0x08003a64                        . = ALIGN (0x4)
                0x08003a64                        PROVIDE (__preinit_array_start = .)
 *(.preinit_array*)
                0x08003a64                        PROVIDE (__preinit_array_end = .)
                0x08003a64                        . = ALIGN (0x4)

.init_array     0x08003a64        0x4
                0x08003a64                        . = ALIGN (0x4)
                0x08003a64                        PROVIDE (__init_array_start = .)
 *(SORT_BY_NAME(.init_array.*))
 *(.init_array*)
 .init_array    0x08003a64        0x4 C:/D/Coding/STM32CubeIDE/Application/STM32CubeIDE_1.15.1/STM32CubeIDE/plugins/com.st.stm32cube.ide.mcu.externaltools.gnu-tools-for-stm32.12.3.rel1.win32_1.0.100.202403111256/tools/bin/../lib/gcc/arm-none-eabi/12.3.1/thumb/v7e-m+fp/hard/crtbegin.o
                0x08003a68                        PROVIDE (__init_array_end = .)
                0x08003a68                        . = ALIGN (0x4)

.fini_array     0x08003a68        0x4
                0x08003a68                        . = ALIGN (0x4)
                [!provide]                        PROVIDE (__fini_array_start = .)
 *(SORT_BY_NAME(.fini_array.*))
 *(.fini_array*)
 .fini_array    0x08003a68        0x4 C:/D/Coding/STM32CubeIDE/Application/STM32CubeIDE_1.15.1/STM32CubeIDE/plugins/com.st.stm32cube.ide.mcu.externaltools.gnu-tools-for-stm32.12.3.rel1.win32_1.0.100.202403111256/tools/bin/../lib/gcc/arm-none-eabi/12.3.1/thumb/v7e-m+fp/hard/crtbegin.o
                [!provide]                        PROVIDE (__fini_array_end = .)
                0x08003a6c                        . = ALIGN (0x4)
                0x08003a6c                        _sidata = LOADADDR (.data)

.rel.dyn        0x08003a6c        0x0
 .rel.iplt      0x08003a6c        0x0 C:/D/Coding/STM32CubeIDE/Application/STM32CubeIDE_1.15.1/STM32CubeIDE/plugins/com.st.stm32cube.ide.mcu.externaltools.gnu-tools-for-stm32.12.3.rel1.win32_1.0.100.202403111256/tools/bin/../lib/gcc/arm-none-eabi/12.3.1/thumb/v7e-m+fp/hard/crtbegin.o

.data           0x20000000       0x14 load address 0x08003a6c
                0x20000000                        . = ALIGN (0x4)
                0x20000000                        _sdata = .
 *(.data)
 *(.data*)
 .data.led7seg  0x20000000        0x4 ./Core/Src/LED7_seg.o
                0x20000000                led7seg
 .data.spi_buffer
                0x20000004        0x2 ./Core/Src/LED7_seg.o
                0x20000004                spi_buffer
 *fill*         0x20000006        0x2 
 .data.SystemCoreClock
                0x20000008        0x4 ./Core/Src/system_stm32f4xx.o
                0x20000008                SystemCoreClock
 .data.uwTickPrio
                0x2000000c        0x4 ./Drivers/STM32F4xx_HAL_Driver/Src/stm32f4xx_hal.o
                0x2000000c                uwTickPrio
 .data.uwTickFreq
                0x20000010        0x1 ./Drivers/STM32F4xx_HAL_Driver/Src/stm32f4xx_hal.o
                0x20000010                uwTickFreq
 *(.RamFunc)
 *(.RamFunc*)
                0x20000014                        . = ALIGN (0x4)
 *fill*         0x20000011        0x3 
                0x20000014                        _edata = .
                0x08003a80                        _siccmram = LOADADDR (.ccmram)

.igot.plt       0x20000014        0x0 load address 0x08003a80
 .igot.plt      0x20000014        0x0 C:/D/Coding/STM32CubeIDE/Application/STM32CubeIDE_1.15.1/STM32CubeIDE/plugins/com.st.stm32cube.ide.mcu.externaltools.gnu-tools-for-stm32.12.3.rel1.win32_1.0.100.202403111256/tools/bin/../lib/gcc/arm-none-eabi/12.3.1/thumb/v7e-m+fp/hard/crtbegin.o

.ccmram         0x10000000        0x0 load address 0x08003a80
                0x10000000                        . = ALIGN (0x4)
                0x10000000                        _sccmram = .
 *(.ccmram)
 *(.ccmram*)
                0x10000000                        . = ALIGN (0x4)
                0x10000000                        _eccmram = .
                0x10000000                        . = ALIGN (0x4)

.bss            0x20000014      0x194
                0x20000014                        _sbss = .
                0x20000014                        __bss_start__ = _sbss
 *(.bss)
 .bss           0x20000014       0x1c C:/D/Coding/STM32CubeIDE/Application/STM32CubeIDE_1.15.1/STM32CubeIDE/plugins/com.st.stm32cube.ide.mcu.externaltools.gnu-tools-for-stm32.12.3.rel1.win32_1.0.100.202403111256/tools/bin/../lib/gcc/arm-none-eabi/12.3.1/thumb/v7e-m+fp/hard/crtbegin.o
 *(.bss*)
 .bss.led7_index
                0x20000030        0x2 ./Core/Src/LED7_seg.o
                0x20000030                led7_index
 *fill*         0x20000032        0x2 
 .bss.button_count
                0x20000034       0x20 ./Core/Src/button.o
                0x20000034                button_count
 .bss.spi_button
                0x20000054        0x2 ./Core/Src/button.o
                0x20000054                spi_button
 *fill*         0x20000056        0x2 
 .bss.lcddev    0x20000058        0x6 ./Core/Src/lcd.o
                0x20000058                lcddev
 *fill*         0x2000005e        0x2 
 .bss.hspi1     0x20000060       0x58 ./Core/Src/main.o
                0x20000060                hspi1
 .bss.htim2     0x200000b8       0x48 ./Core/Src/main.o
                0x200000b8                htim2
 .bss.hsram1    0x20000100       0x50 ./Core/Src/main.o
                0x20000100                hsram1
 .bss.timer_counter
                0x20000150       0x28 ./Core/Src/software_timer.o
                0x20000150                timer_counter
 .bss.timer_flag
                0x20000178       0x28 ./Core/Src/software_timer.o
                0x20000178                timer_flag
 .bss.FSMC_Initialized
                0x200001a0        0x4 ./Core/Src/stm32f4xx_hal_msp.o
 .bss.uwTick    0x200001a4        0x4 ./Drivers/STM32F4xx_HAL_Driver/Src/stm32f4xx_hal.o
                0x200001a4                uwTick
 *(COMMON)
                0x200001a8                        . = ALIGN (0x4)
                0x200001a8                        _ebss = .
                0x200001a8                        __bss_end__ = _ebss

._user_heap_stack
                0x200001a8      0x600
                0x200001a8                        . = ALIGN (0x8)
                [!provide]                        PROVIDE (end = .)
                0x200001a8                        PROVIDE (_end = .)
                0x200003a8                        . = (. + _Min_Heap_Size)
 *fill*         0x200001a8      0x200 
                0x200007a8                        . = (. + _Min_Stack_Size)
 *fill*         0x200003a8      0x400 
                0x200007a8                        . = ALIGN (0x8)

/DISCARD/
 libc.a(*)
 libm.a(*)
 libgcc.a(*)

.ARM.attributes
                0x00000000       0x30
 *(.ARM.attributes)
 .ARM.attributes
                0x00000000       0x22 C:/D/Coding/STM32CubeIDE/Application/STM32CubeIDE_1.15.1/STM32CubeIDE/plugins/com.st.stm32cube.ide.mcu.externaltools.gnu-tools-for-stm32.12.3.rel1.win32_1.0.100.202403111256/tools/bin/../lib/gcc/arm-none-eabi/12.3.1/thumb/v7e-m+fp/hard/crti.o
 .ARM.attributes
                0x00000022       0x34 C:/D/Coding/STM32CubeIDE/Application/STM32CubeIDE_1.15.1/STM32CubeIDE/plugins/com.st.stm32cube.ide.mcu.externaltools.gnu-tools-for-stm32.12.3.rel1.win32_1.0.100.202403111256/tools/bin/../lib/gcc/arm-none-eabi/12.3.1/thumb/v7e-m+fp/hard/crtbegin.o
 .ARM.attributes
                0x00000056       0x34 ./Core/Src/LED7_seg.o
 .ARM.attributes
                0x0000008a       0x34 ./Core/Src/button.o
 .ARM.attributes
                0x000000be       0x34 ./Core/Src/lcd.o
 .ARM.attributes
                0x000000f2       0x34 ./Core/Src/main.o
 .ARM.attributes
                0x00000126       0x34 ./Core/Src/software_timer.o
 .ARM.attributes
                0x0000015a       0x34 ./Core/Src/stm32f4xx_hal_msp.o
 .ARM.attributes
                0x0000018e       0x34 ./Core/Src/stm32f4xx_it.o
 .ARM.attributes
                0x000001c2       0x34 ./Core/Src/system_stm32f4xx.o
 .ARM.attributes
                0x000001f6       0x21 ./Core/Startup/startup_stm32f407zgtx.o
 .ARM.attributes
                0x00000217       0x34 ./Drivers/STM32F4xx_HAL_Driver/Src/stm32f4xx_hal.o
 .ARM.attributes
                0x0000024b       0x34 ./Drivers/STM32F4xx_HAL_Driver/Src/stm32f4xx_hal_cortex.o
 .ARM.attributes
                0x0000027f       0x34 ./Drivers/STM32F4xx_HAL_Driver/Src/stm32f4xx_hal_gpio.o
 .ARM.attributes
                0x000002b3       0x34 ./Drivers/STM32F4xx_HAL_Driver/Src/stm32f4xx_hal_rcc.o
 .ARM.attributes
                0x000002e7       0x34 ./Drivers/STM32F4xx_HAL_Driver/Src/stm32f4xx_hal_spi.o
 .ARM.attributes
                0x0000031b       0x34 ./Drivers/STM32F4xx_HAL_Driver/Src/stm32f4xx_hal_sram.o
 .ARM.attributes
                0x0000034f       0x34 ./Drivers/STM32F4xx_HAL_Driver/Src/stm32f4xx_hal_tim.o
 .ARM.attributes
                0x00000383       0x34 ./Drivers/STM32F4xx_HAL_Driver/Src/stm32f4xx_hal_tim_ex.o
 .ARM.attributes
                0x000003b7       0x34 ./Drivers/STM32F4xx_HAL_Driver/Src/stm32f4xx_ll_fsmc.o
 .ARM.attributes
                0x000003eb       0x34 C:/D/Coding/STM32CubeIDE/Application/STM32CubeIDE_1.15.1/STM32CubeIDE/plugins/com.st.stm32cube.ide.mcu.externaltools.gnu-tools-for-stm32.12.3.rel1.win32_1.0.100.202403111256/tools/bin/../lib/gcc/arm-none-eabi/12.3.1/../../../../arm-none-eabi/lib/thumb/v7e-m+fp/hard\libc_nano.a(libc_a-memset.o)
 .ARM.attributes
                0x0000041f       0x34 C:/D/Coding/STM32CubeIDE/Application/STM32CubeIDE_1.15.1/STM32CubeIDE/plugins/com.st.stm32cube.ide.mcu.externaltools.gnu-tools-for-stm32.12.3.rel1.win32_1.0.100.202403111256/tools/bin/../lib/gcc/arm-none-eabi/12.3.1/../../../../arm-none-eabi/lib/thumb/v7e-m+fp/hard\libc_nano.a(libc_a-init.o)
 .ARM.attributes
                0x00000453       0x22 C:/D/Coding/STM32CubeIDE/Application/STM32CubeIDE_1.15.1/STM32CubeIDE/plugins/com.st.stm32cube.ide.mcu.externaltools.gnu-tools-for-stm32.12.3.rel1.win32_1.0.100.202403111256/tools/bin/../lib/gcc/arm-none-eabi/12.3.1/thumb/v7e-m+fp/hard\libgcc.a(_aeabi_uldivmod.o)
 .ARM.attributes
                0x00000475       0x34 C:/D/Coding/STM32CubeIDE/Application/STM32CubeIDE_1.15.1/STM32CubeIDE/plugins/com.st.stm32cube.ide.mcu.externaltools.gnu-tools-for-stm32.12.3.rel1.win32_1.0.100.202403111256/tools/bin/../lib/gcc/arm-none-eabi/12.3.1/thumb/v7e-m+fp/hard\libgcc.a(_udivmoddi4.o)
 .ARM.attributes
                0x000004a9       0x22 C:/D/Coding/STM32CubeIDE/Application/STM32CubeIDE_1.15.1/STM32CubeIDE/plugins/com.st.stm32cube.ide.mcu.externaltools.gnu-tools-for-stm32.12.3.rel1.win32_1.0.100.202403111256/tools/bin/../lib/gcc/arm-none-eabi/12.3.1/thumb/v7e-m+fp/hard\libgcc.a(_dvmd_tls.o)
 .ARM.attributes
                0x000004cb       0x22 C:/D/Coding/STM32CubeIDE/Application/STM32CubeIDE_1.15.1/STM32CubeIDE/plugins/com.st.stm32cube.ide.mcu.externaltools.gnu-tools-for-stm32.12.3.rel1.win32_1.0.100.202403111256/tools/bin/../lib/gcc/arm-none-eabi/12.3.1/thumb/v7e-m+fp/hard/crtn.o
OUTPUT(Embedded_Lab1_GPIO_Delay.elf elf32-littlearm)
LOAD linker stubs
LOAD C:/D/Coding/STM32CubeIDE/Application/STM32CubeIDE_1.15.1/STM32CubeIDE/plugins/com.st.stm32cube.ide.mcu.externaltools.gnu-tools-for-stm32.12.3.rel1.win32_1.0.100.202403111256/tools/bin/../lib/gcc/arm-none-eabi/12.3.1/../../../../arm-none-eabi/lib/thumb/v7e-m+fp/hard\libc.a
LOAD C:/D/Coding/STM32CubeIDE/Application/STM32CubeIDE_1.15.1/STM32CubeIDE/plugins/com.st.stm32cube.ide.mcu.externaltools.gnu-tools-for-stm32.12.3.rel1.win32_1.0.100.202403111256/tools/bin/../lib/gcc/arm-none-eabi/12.3.1/../../../../arm-none-eabi/lib/thumb/v7e-m+fp/hard\libm.a
LOAD C:/D/Coding/STM32CubeIDE/Application/STM32CubeIDE_1.15.1/STM32CubeIDE/plugins/com.st.stm32cube.ide.mcu.externaltools.gnu-tools-for-stm32.12.3.rel1.win32_1.0.100.202403111256/tools/bin/../lib/gcc/arm-none-eabi/12.3.1/thumb/v7e-m+fp/hard\libgcc.a

.debug_info     0x00000000     0xe1a3
 .debug_info    0x00000000      0x80d ./Core/Src/LED7_seg.o
 .debug_info    0x0000080d      0x778 ./Core/Src/button.o
 .debug_info    0x00000f85      0xd9a ./Core/Src/lcd.o
 .debug_info    0x00001d1f     0x14c0 ./Core/Src/main.o
 .debug_info    0x000031df       0xdf ./Core/Src/software_timer.o
 .debug_info    0x000032be     0x1220 ./Core/Src/stm32f4xx_hal_msp.o
 .debug_info    0x000044de      0x6e1 ./Core/Src/stm32f4xx_it.o
 .debug_info    0x00004bbf      0x512 ./Core/Src/system_stm32f4xx.o
 .debug_info    0x000050d1       0x30 ./Core/Startup/startup_stm32f407zgtx.o
 .debug_info    0x00005101      0x944 ./Drivers/STM32F4xx_HAL_Driver/Src/stm32f4xx_hal.o
 .debug_info    0x00005a45      0xd8c ./Drivers/STM32F4xx_HAL_Driver/Src/stm32f4xx_hal_cortex.o
 .debug_info    0x000067d1      0x6c3 ./Drivers/STM32F4xx_HAL_Driver/Src/stm32f4xx_hal_gpio.o
 .debug_info    0x00006e94      0x8af ./Drivers/STM32F4xx_HAL_Driver/Src/stm32f4xx_hal_rcc.o
 .debug_info    0x00007743     0x1525 ./Drivers/STM32F4xx_HAL_Driver/Src/stm32f4xx_hal_spi.o
 .debug_info    0x00008c68      0xd39 ./Drivers/STM32F4xx_HAL_Driver/Src/stm32f4xx_hal_sram.o
 .debug_info    0x000099a1     0x299d ./Drivers/STM32F4xx_HAL_Driver/Src/stm32f4xx_hal_tim.o
 .debug_info    0x0000c33e     0x14db ./Drivers/STM32F4xx_HAL_Driver/Src/stm32f4xx_hal_tim_ex.o
 .debug_info    0x0000d819      0x98a ./Drivers/STM32F4xx_HAL_Driver/Src/stm32f4xx_ll_fsmc.o

.debug_abbrev   0x00000000     0x2506
 .debug_abbrev  0x00000000      0x1d3 ./Core/Src/LED7_seg.o
 .debug_abbrev  0x000001d3      0x1e4 ./Core/Src/button.o
 .debug_abbrev  0x000003b7      0x341 ./Core/Src/lcd.o
 .debug_abbrev  0x000006f8      0x336 ./Core/Src/main.o
 .debug_abbrev  0x00000a2e       0xd9 ./Core/Src/software_timer.o
 .debug_abbrev  0x00000b07      0x24f ./Core/Src/stm32f4xx_hal_msp.o
 .debug_abbrev  0x00000d56      0x192 ./Core/Src/stm32f4xx_it.o
 .debug_abbrev  0x00000ee8      0x11a ./Core/Src/system_stm32f4xx.o
 .debug_abbrev  0x00001002       0x24 ./Core/Startup/startup_stm32f407zgtx.o
 .debug_abbrev  0x00001026      0x214 ./Drivers/STM32F4xx_HAL_Driver/Src/stm32f4xx_hal.o
 .debug_abbrev  0x0000123a      0x31d ./Drivers/STM32F4xx_HAL_Driver/Src/stm32f4xx_hal_cortex.o
 .debug_abbrev  0x00001557      0x1d4 ./Drivers/STM32F4xx_HAL_Driver/Src/stm32f4xx_hal_gpio.o
 .debug_abbrev  0x0000172b      0x2b7 ./Drivers/STM32F4xx_HAL_Driver/Src/stm32f4xx_hal_rcc.o
 .debug_abbrev  0x000019e2      0x27a ./Drivers/STM32F4xx_HAL_Driver/Src/stm32f4xx_hal_spi.o
 .debug_abbrev  0x00001c5c      0x20c ./Drivers/STM32F4xx_HAL_Driver/Src/stm32f4xx_hal_sram.o
 .debug_abbrev  0x00001e68      0x278 ./Drivers/STM32F4xx_HAL_Driver/Src/stm32f4xx_hal_tim.o
 .debug_abbrev  0x000020e0      0x283 ./Drivers/STM32F4xx_HAL_Driver/Src/stm32f4xx_hal_tim_ex.o
 .debug_abbrev  0x00002363      0x1a3 ./Drivers/STM32F4xx_HAL_Driver/Src/stm32f4xx_ll_fsmc.o

.debug_aranges  0x00000000      0xe50
 .debug_aranges
                0x00000000       0x48 ./Core/Src/LED7_seg.o
 .debug_aranges
                0x00000048       0x28 ./Core/Src/button.o
 .debug_aranges
                0x00000070       0xd8 ./Core/Src/lcd.o
 .debug_aranges
                0x00000148       0x60 ./Core/Src/main.o
 .debug_aranges
                0x000001a8       0x28 ./Core/Src/software_timer.o
 .debug_aranges
                0x000001d0       0x60 ./Core/Src/stm32f4xx_hal_msp.o
 .debug_aranges
                0x00000230       0x68 ./Core/Src/stm32f4xx_it.o
 .debug_aranges
                0x00000298       0x28 ./Core/Src/system_stm32f4xx.o
 .debug_aranges
                0x000002c0       0x28 ./Core/Startup/startup_stm32f407zgtx.o
 .debug_aranges
                0x000002e8       0xf0 ./Drivers/STM32F4xx_HAL_Driver/Src/stm32f4xx_hal.o
 .debug_aranges
                0x000003d8      0x130 ./Drivers/STM32F4xx_HAL_Driver/Src/stm32f4xx_hal_cortex.o
 .debug_aranges
                0x00000508       0x58 ./Drivers/STM32F4xx_HAL_Driver/Src/stm32f4xx_hal_gpio.o
 .debug_aranges
                0x00000560       0x88 ./Drivers/STM32F4xx_HAL_Driver/Src/stm32f4xx_hal_rcc.o
 .debug_aranges
                0x000005e8      0x1d0 ./Drivers/STM32F4xx_HAL_Driver/Src/stm32f4xx_hal_spi.o
 .debug_aranges
                0x000007b8       0xb8 ./Drivers/STM32F4xx_HAL_Driver/Src/stm32f4xx_hal_sram.o
 .debug_aranges
                0x00000870      0x3d0 ./Drivers/STM32F4xx_HAL_Driver/Src/stm32f4xx_hal_tim.o
 .debug_aranges
                0x00000c40      0x168 ./Drivers/STM32F4xx_HAL_Driver/Src/stm32f4xx_hal_tim_ex.o
 .debug_aranges
                0x00000da8       0xa8 ./Drivers/STM32F4xx_HAL_Driver/Src/stm32f4xx_ll_fsmc.o

.debug_rnglists
                0x00000000      0xb00
 .debug_rnglists
                0x00000000       0x32 ./Core/Src/LED7_seg.o
 .debug_rnglists
                0x00000032       0x1a ./Core/Src/button.o
 .debug_rnglists
                0x0000004c       0xa8 ./Core/Src/lcd.o
 .debug_rnglists
                0x000000f4       0x47 ./Core/Src/main.o
 .debug_rnglists
                0x0000013b       0x19 ./Core/Src/software_timer.o
 .debug_rnglists
                0x00000154       0x45 ./Core/Src/stm32f4xx_hal_msp.o
 .debug_rnglists
                0x00000199       0x49 ./Core/Src/stm32f4xx_it.o
 .debug_rnglists
                0x000001e2       0x1a ./Core/Src/system_stm32f4xx.o
 .debug_rnglists
                0x000001fc       0x19 ./Core/Startup/startup_stm32f407zgtx.o
 .debug_rnglists
                0x00000215       0xaf ./Drivers/STM32F4xx_HAL_Driver/Src/stm32f4xx_hal.o
 .debug_rnglists
                0x000002c4       0xe0 ./Drivers/STM32F4xx_HAL_Driver/Src/stm32f4xx_hal_cortex.o
 .debug_rnglists
                0x000003a4       0x3f ./Drivers/STM32F4xx_HAL_Driver/Src/stm32f4xx_hal_gpio.o
 .debug_rnglists
                0x000003e3       0x66 ./Drivers/STM32F4xx_HAL_Driver/Src/stm32f4xx_hal_rcc.o
 .debug_rnglists
                0x00000449      0x16f ./Drivers/STM32F4xx_HAL_Driver/Src/stm32f4xx_hal_spi.o
 .debug_rnglists
                0x000005b8       0x8d ./Drivers/STM32F4xx_HAL_Driver/Src/stm32f4xx_hal_sram.o
 .debug_rnglists
                0x00000645      0x31a ./Drivers/STM32F4xx_HAL_Driver/Src/stm32f4xx_hal_tim.o
 .debug_rnglists
                0x0000095f      0x125 ./Drivers/STM32F4xx_HAL_Driver/Src/stm32f4xx_hal_tim_ex.o
 .debug_rnglists
                0x00000a84       0x7c ./Drivers/STM32F4xx_HAL_Driver/Src/stm32f4xx_ll_fsmc.o

.debug_macro    0x00000000    0x21f41
 .debug_macro   0x00000000      0x202 ./Core/Src/LED7_seg.o
 .debug_macro   0x00000202      0xab4 ./Core/Src/LED7_seg.o
 .debug_macro   0x00000cb6       0x22 ./Core/Src/LED7_seg.o
 .debug_macro   0x00000cd8       0x8e ./Core/Src/LED7_seg.o
 .debug_macro   0x00000d66       0x51 ./Core/Src/LED7_seg.o
 .debug_macro   0x00000db7      0x103 ./Core/Src/LED7_seg.o
 .debug_macro   0x00000eba       0x6a ./Core/Src/LED7_seg.o
 .debug_macro   0x00000f24      0x1df ./Core/Src/LED7_seg.o
 .debug_macro   0x00001103      0x2a1 ./Core/Src/LED7_seg.o
 .debug_macro   0x000013a4       0x2e ./Core/Src/LED7_seg.o
 .debug_macro   0x000013d2       0x2f ./Core/Src/LED7_seg.o
 .debug_macro   0x00001401       0x1c ./Core/Src/LED7_seg.o
 .debug_macro   0x0000141d       0x22 ./Core/Src/LED7_seg.o
 .debug_macro   0x0000143f       0xfb ./Core/Src/LED7_seg.o
 .debug_macro   0x0000153a     0x1011 ./Core/Src/LED7_seg.o
 .debug_macro   0x0000254b      0x11f ./Core/Src/LED7_seg.o
 .debug_macro   0x0000266a    0x15e97 ./Core/Src/LED7_seg.o
 .debug_macro   0x00018501       0x6d ./Core/Src/LED7_seg.o
 .debug_macro   0x0001856e     0x369a ./Core/Src/LED7_seg.o
 .debug_macro   0x0001bc08      0x189 ./Core/Src/LED7_seg.o
 .debug_macro   0x0001bd91       0x5c ./Core/Src/LED7_seg.o
 .debug_macro   0x0001bded      0x980 ./Core/Src/LED7_seg.o
 .debug_macro   0x0001c76d      0x9e9 ./Core/Src/LED7_seg.o
 .debug_macro   0x0001d156      0x115 ./Core/Src/LED7_seg.o
 .debug_macro   0x0001d26b      0x13e ./Core/Src/LED7_seg.o
 .debug_macro   0x0001d3a9       0xa5 ./Core/Src/LED7_seg.o
 .debug_macro   0x0001d44e      0x174 ./Core/Src/LED7_seg.o
 .debug_macro   0x0001d5c2      0x287 ./Core/Src/LED7_seg.o
 .debug_macro   0x0001d849       0x5f ./Core/Src/LED7_seg.o
 .debug_macro   0x0001d8a8      0x236 ./Core/Src/LED7_seg.o
 .debug_macro   0x0001dade      0x12c ./Core/Src/LED7_seg.o
 .debug_macro   0x0001dc0a      0x21e ./Core/Src/LED7_seg.o
 .debug_macro   0x0001de28       0x2e ./Core/Src/LED7_seg.o
 .debug_macro   0x0001de56      0x516 ./Core/Src/LED7_seg.o
 .debug_macro   0x0001e36c      0x127 ./Core/Src/LED7_seg.o
 .debug_macro   0x0001e493       0x7e ./Core/Src/LED7_seg.o
 .debug_macro   0x0001e511       0x89 ./Core/Src/LED7_seg.o
 .debug_macro   0x0001e59a      0x225 ./Core/Src/LED7_seg.o
 .debug_macro   0x0001e7bf      0x8ed ./Core/Src/LED7_seg.o
 .debug_macro   0x0001f0ac       0x4d ./Core/Src/LED7_seg.o
 .debug_macro   0x0001f0f9      0x12d ./Core/Src/LED7_seg.o
 .debug_macro   0x0001f226       0x88 ./Core/Src/LED7_seg.o
 .debug_macro   0x0001f2ae      0x202 ./Core/Src/button.o
 .debug_macro   0x0001f4b0      0x30b ./Core/Src/lcd.o
 .debug_macro   0x0001f7bb       0x2a ./Core/Src/lcd.o
 .debug_macro   0x0001f7e5       0x5b ./Core/Src/lcd.o
 .debug_macro   0x0001f840       0x94 ./Core/Src/lcd.o
 .debug_macro   0x0001f8d4       0x43 ./Core/Src/lcd.o
 .debug_macro   0x0001f917       0x34 ./Core/Src/lcd.o
 .debug_macro   0x0001f94b       0x16 ./Core/Src/lcd.o
 .debug_macro   0x0001f961      0x11c ./Core/Src/lcd.o
 .debug_macro   0x0001fa7d       0x94 ./Core/Src/lcd.o
 .debug_macro   0x0001fb11       0x16 ./Core/Src/lcd.o
 .debug_macro   0x0001fb27       0x43 ./Core/Src/lcd.o
 .debug_macro   0x0001fb6a       0x57 ./Core/Src/lcd.o
 .debug_macro   0x0001fbc1       0x34 ./Core/Src/lcd.o
 .debug_macro   0x0001fbf5       0x10 ./Core/Src/lcd.o
 .debug_macro   0x0001fc05       0x58 ./Core/Src/lcd.o
 .debug_macro   0x0001fc5d       0x8e ./Core/Src/lcd.o
 .debug_macro   0x0001fceb       0x1c ./Core/Src/lcd.o
 .debug_macro   0x0001fd07      0x177 ./Core/Src/lcd.o
 .debug_macro   0x0001fe7e      0x369 ./Core/Src/lcd.o
 .debug_macro   0x000201e7       0x16 ./Core/Src/lcd.o
 .debug_macro   0x000201fd       0x29 ./Core/Src/lcd.o
 .debug_macro   0x00020226       0x16 ./Core/Src/lcd.o
 .debug_macro   0x0002023c       0x35 ./Core/Src/lcd.o
 .debug_macro   0x00020271       0x20 ./Core/Src/lcd.o
 .debug_macro   0x00020291       0x56 ./Core/Src/lcd.o
 .debug_macro   0x000202e7       0xca ./Core/Src/lcd.o
 .debug_macro   0x000203b1      0x325 ./Core/Src/main.o
 .debug_macro   0x000206d6       0x61 ./Core/Src/main.o
 .debug_macro   0x00020737       0x21 ./Core/Src/software_timer.o
 .debug_macro   0x00020758      0x1f8 ./Core/Src/stm32f4xx_hal_msp.o
 .debug_macro   0x00020950      0x202 ./Core/Src/stm32f4xx_it.o
 .debug_macro   0x00020b52      0x1e9 ./Core/Src/system_stm32f4xx.o
 .debug_macro   0x00020d3b      0x249 ./Drivers/STM32F4xx_HAL_Driver/Src/stm32f4xx_hal.o
 .debug_macro   0x00020f84      0x1e9 ./Drivers/STM32F4xx_HAL_Driver/Src/stm32f4xx_hal_cortex.o
 .debug_macro   0x0002116d      0x1ef ./Drivers/STM32F4xx_HAL_Driver/Src/stm32f4xx_hal_gpio.o
 .debug_macro   0x0002135c      0x20d ./Drivers/STM32F4xx_HAL_Driver/Src/stm32f4xx_hal_rcc.o
 .debug_macro   0x00021569      0x1f8 ./Drivers/STM32F4xx_HAL_Driver/Src/stm32f4xx_hal_spi.o
 .debug_macro   0x00021761      0x1e9 ./Drivers/STM32F4xx_HAL_Driver/Src/stm32f4xx_hal_sram.o
 .debug_macro   0x0002194a      0x1ea ./Drivers/STM32F4xx_HAL_Driver/Src/stm32f4xx_hal_tim.o
 .debug_macro   0x00021b34      0x1e9 ./Drivers/STM32F4xx_HAL_Driver/Src/stm32f4xx_hal_tim_ex.o
 .debug_macro   0x00021d1d      0x224 ./Drivers/STM32F4xx_HAL_Driver/Src/stm32f4xx_ll_fsmc.o

.debug_line     0x00000000     0xfece
 .debug_line    0x00000000      0x85b ./Core/Src/LED7_seg.o
 .debug_line    0x0000085b      0x7e1 ./Core/Src/button.o
 .debug_line    0x0000103c     0x1019 ./Core/Src/lcd.o
 .debug_line    0x00002055      0xb8a ./Core/Src/main.o
 .debug_line    0x00002bdf       0xb2 ./Core/Src/software_timer.o
 .debug_line    0x00002c91      0x899 ./Core/Src/stm32f4xx_hal_msp.o
 .debug_line    0x0000352a      0x843 ./Core/Src/stm32f4xx_it.o
 .debug_line    0x00003d6d      0x7ed ./Core/Src/system_stm32f4xx.o
 .debug_line    0x0000455a       0x7a ./Core/Startup/startup_stm32f407zgtx.o
 .debug_line    0x000045d4      0xa56 ./Drivers/STM32F4xx_HAL_Driver/Src/stm32f4xx_hal.o
 .debug_line    0x0000502a      0xd48 ./Drivers/STM32F4xx_HAL_Driver/Src/stm32f4xx_hal_cortex.o
 .debug_line    0x00005d72      0xbe2 ./Drivers/STM32F4xx_HAL_Driver/Src/stm32f4xx_hal_gpio.o
 .debug_line    0x00006954      0xde1 ./Drivers/STM32F4xx_HAL_Driver/Src/stm32f4xx_hal_rcc.o
 .debug_line    0x00007735     0x1d74 ./Drivers/STM32F4xx_HAL_Driver/Src/stm32f4xx_hal_spi.o
 .debug_line    0x000094a9      0xd6b ./Drivers/STM32F4xx_HAL_Driver/Src/stm32f4xx_hal_sram.o
 .debug_line    0x0000a214     0x37fa ./Drivers/STM32F4xx_HAL_Driver/Src/stm32f4xx_hal_tim.o
 .debug_line    0x0000da0e     0x1a4c ./Drivers/STM32F4xx_HAL_Driver/Src/stm32f4xx_hal_tim_ex.o
 .debug_line    0x0000f45a      0xa74 ./Drivers/STM32F4xx_HAL_Driver/Src/stm32f4xx_ll_fsmc.o

.debug_str      0x00000000    0xcdce3
 .debug_str     0x00000000    0xc6835 ./Core/Src/LED7_seg.o
                              0xc6b4e (size before relaxing)
 .debug_str     0x000c6835       0x76 ./Core/Src/button.o
                              0xc6b04 (size before relaxing)
 .debug_str     0x000c68ab     0x36e3 ./Core/Src/lcd.o
                              0xc9d35 (size before relaxing)
 .debug_str     0x000c9f8e      0x8e7 ./Core/Src/main.o
                              0xca91e (size before relaxing)
 .debug_str     0x000ca875       0x40 ./Core/Src/software_timer.o
                               0x2ea4 (size before relaxing)
 .debug_str     0x000ca8b5      0x622 ./Core/Src/stm32f4xx_hal_msp.o
                              0xc762b (size before relaxing)
 .debug_str     0x000caed7       0xec ./Core/Src/stm32f4xx_it.o
                              0xc6ba7 (size before relaxing)
 .debug_str     0x000cafc3       0xdb ./Core/Src/system_stm32f4xx.o
                              0xc6551 (size before relaxing)
 .debug_str     0x000cb09e       0x44 ./Core/Startup/startup_stm32f407zgtx.o
                                 0xba (size before relaxing)
 .debug_str     0x000cb0e2      0x603 ./Drivers/STM32F4xx_HAL_Driver/Src/stm32f4xx_hal.o
                              0xc70d5 (size before relaxing)
 .debug_str     0x000cb6e5      0x36b ./Drivers/STM32F4xx_HAL_Driver/Src/stm32f4xx_hal_cortex.o
                              0xc6e51 (size before relaxing)
 .debug_str     0x000cba50      0x109 ./Drivers/STM32F4xx_HAL_Driver/Src/stm32f4xx_hal_gpio.o
                              0xc66cc (size before relaxing)
 .debug_str     0x000cbb59      0x233 ./Drivers/STM32F4xx_HAL_Driver/Src/stm32f4xx_hal_rcc.o
                              0xc6985 (size before relaxing)
 .debug_str     0x000cbd8c      0x576 ./Drivers/STM32F4xx_HAL_Driver/Src/stm32f4xx_hal_spi.o
                              0xc6e0f (size before relaxing)
 .debug_str     0x000cc302      0x1ea ./Drivers/STM32F4xx_HAL_Driver/Src/stm32f4xx_hal_sram.o
                              0xc6b4f (size before relaxing)
 .debug_str     0x000cc4ec      0xda8 ./Drivers/STM32F4xx_HAL_Driver/Src/stm32f4xx_hal_tim.o
                              0xc78db (size before relaxing)
 .debug_str     0x000cd294      0x493 ./Drivers/STM32F4xx_HAL_Driver/Src/stm32f4xx_hal_tim_ex.o
                              0xc70e7 (size before relaxing)
 .debug_str     0x000cd727      0x5bc ./Drivers/STM32F4xx_HAL_Driver/Src/stm32f4xx_ll_fsmc.o
                              0xc6dbc (size before relaxing)

.comment        0x00000000       0x43
 .comment       0x00000000       0x43 ./Core/Src/LED7_seg.o
                                 0x44 (size before relaxing)
 .comment       0x00000043       0x44 ./Core/Src/button.o
 .comment       0x00000043       0x44 ./Core/Src/lcd.o
 .comment       0x00000043       0x44 ./Core/Src/main.o
 .comment       0x00000043       0x44 ./Core/Src/software_timer.o
 .comment       0x00000043       0x44 ./Core/Src/stm32f4xx_hal_msp.o
 .comment       0x00000043       0x44 ./Core/Src/stm32f4xx_it.o
 .comment       0x00000043       0x44 ./Core/Src/system_stm32f4xx.o
 .comment       0x00000043       0x44 ./Drivers/STM32F4xx_HAL_Driver/Src/stm32f4xx_hal.o
 .comment       0x00000043       0x44 ./Drivers/STM32F4xx_HAL_Driver/Src/stm32f4xx_hal_cortex.o
 .comment       0x00000043       0x44 ./Drivers/STM32F4xx_HAL_Driver/Src/stm32f4xx_hal_gpio.o
 .comment       0x00000043       0x44 ./Drivers/STM32F4xx_HAL_Driver/Src/stm32f4xx_hal_rcc.o
 .comment       0x00000043       0x44 ./Drivers/STM32F4xx_HAL_Driver/Src/stm32f4xx_hal_spi.o
 .comment       0x00000043       0x44 ./Drivers/STM32F4xx_HAL_Driver/Src/stm32f4xx_hal_sram.o
 .comment       0x00000043       0x44 ./Drivers/STM32F4xx_HAL_Driver/Src/stm32f4xx_hal_tim.o
 .comment       0x00000043       0x44 ./Drivers/STM32F4xx_HAL_Driver/Src/stm32f4xx_hal_tim_ex.o
 .comment       0x00000043       0x44 ./Drivers/STM32F4xx_HAL_Driver/Src/stm32f4xx_ll_fsmc.o

.debug_frame    0x00000000     0x3ba0
 .debug_frame   0x00000000       0xe8 ./Core/Src/LED7_seg.o
 .debug_frame   0x000000e8       0x50 ./Core/Src/button.o
 .debug_frame   0x00000138      0x394 ./Core/Src/lcd.o
 .debug_frame   0x000004cc      0x13c ./Core/Src/main.o
 .debug_frame   0x00000608       0x60 ./Core/Src/software_timer.o
 .debug_frame   0x00000668      0x150 ./Core/Src/stm32f4xx_hal_msp.o
 .debug_frame   0x000007b8      0x120 ./Core/Src/stm32f4xx_it.o
 .debug_frame   0x000008d8       0x58 ./Core/Src/system_stm32f4xx.o
 .debug_frame   0x00000930      0x374 ./Drivers/STM32F4xx_HAL_Driver/Src/stm32f4xx_hal.o
 .debug_frame   0x00000ca4      0x508 ./Drivers/STM32F4xx_HAL_Driver/Src/stm32f4xx_hal_cortex.o
 .debug_frame   0x000011ac      0x14c ./Drivers/STM32F4xx_HAL_Driver/Src/stm32f4xx_hal_gpio.o
 .debug_frame   0x000012f8      0x1f4 ./Drivers/STM32F4xx_HAL_Driver/Src/stm32f4xx_hal_rcc.o
 .debug_frame   0x000014ec      0x828 ./Drivers/STM32F4xx_HAL_Driver/Src/stm32f4xx_hal_spi.o
 .debug_frame   0x00001d14      0x30c ./Drivers/STM32F4xx_HAL_Driver/Src/stm32f4xx_hal_sram.o
 .debug_frame   0x00002020     0x11c0 ./Drivers/STM32F4xx_HAL_Driver/Src/stm32f4xx_hal_tim.o
 .debug_frame   0x000031e0      0x638 ./Drivers/STM32F4xx_HAL_Driver/Src/stm32f4xx_hal_tim_ex.o
 .debug_frame   0x00003818      0x2dc ./Drivers/STM32F4xx_HAL_Driver/Src/stm32f4xx_ll_fsmc.o
 .debug_frame   0x00003af4       0x20 C:/D/Coding/STM32CubeIDE/Application/STM32CubeIDE_1.15.1/STM32CubeIDE/plugins/com.st.stm32cube.ide.mcu.externaltools.gnu-tools-for-stm32.12.3.rel1.win32_1.0.100.202403111256/tools/bin/../lib/gcc/arm-none-eabi/12.3.1/../../../../arm-none-eabi/lib/thumb/v7e-m+fp/hard\libc_nano.a(libc_a-memset.o)
 .debug_frame   0x00003b14       0x2c C:/D/Coding/STM32CubeIDE/Application/STM32CubeIDE_1.15.1/STM32CubeIDE/plugins/com.st.stm32cube.ide.mcu.externaltools.gnu-tools-for-stm32.12.3.rel1.win32_1.0.100.202403111256/tools/bin/../lib/gcc/arm-none-eabi/12.3.1/../../../../arm-none-eabi/lib/thumb/v7e-m+fp/hard\libc_nano.a(libc_a-init.o)
 .debug_frame   0x00003b40       0x2c C:/D/Coding/STM32CubeIDE/Application/STM32CubeIDE_1.15.1/STM32CubeIDE/plugins/com.st.stm32cube.ide.mcu.externaltools.gnu-tools-for-stm32.12.3.rel1.win32_1.0.100.202403111256/tools/bin/../lib/gcc/arm-none-eabi/12.3.1/thumb/v7e-m+fp/hard\libgcc.a(_aeabi_uldivmod.o)
 .debug_frame   0x00003b6c       0x34 C:/D/Coding/STM32CubeIDE/Application/STM32CubeIDE_1.15.1/STM32CubeIDE/plugins/com.st.stm32cube.ide.mcu.externaltools.gnu-tools-for-stm32.12.3.rel1.win32_1.0.100.202403111256/tools/bin/../lib/gcc/arm-none-eabi/12.3.1/thumb/v7e-m+fp/hard\libgcc.a(_udivmoddi4.o)

.debug_line_str
                0x00000000       0x9e
 .debug_line_str
                0x00000000       0x9e ./Core/Startup/startup_stm32f407zgtx.o
